Archive member included to satisfy reference by file (symbol)

/opt/st/stm32cubeide_1.13.1/plugins/com.st.stm32cube.ide.mcu.externaltools.gnu-tools-for-stm32.11.3.rel1.linux64_1.1.0.202305231506/tools/bin/../lib/gcc/arm-none-eabi/11.3.1/../../../../arm-none-eabi/lib/thumb/v6-m/nofp/libc_nano.a(libc_a-exit.o)
                              /opt/st/stm32cubeide_1.13.1/plugins/com.st.stm32cube.ide.mcu.externaltools.gnu-tools-for-stm32.11.3.rel1.linux64_1.1.0.202305231506/tools/bin/../lib/gcc/arm-none-eabi/11.3.1/../../../../arm-none-eabi/lib/thumb/v6-m/nofp/crt0.o (exit)
/opt/st/stm32cubeide_1.13.1/plugins/com.st.stm32cube.ide.mcu.externaltools.gnu-tools-for-stm32.11.3.rel1.linux64_1.1.0.202305231506/tools/bin/../lib/gcc/arm-none-eabi/11.3.1/../../../../arm-none-eabi/lib/thumb/v6-m/nofp/libc_nano.a(libc_a-findfp.o)
                              /opt/st/stm32cubeide_1.13.1/plugins/com.st.stm32cube.ide.mcu.externaltools.gnu-tools-for-stm32.11.3.rel1.linux64_1.1.0.202305231506/tools/bin/../lib/gcc/arm-none-eabi/11.3.1/../../../../arm-none-eabi/lib/thumb/v6-m/nofp/libc_nano.a(libc_a-exit.o) (__stdio_exit_handler)
/opt/st/stm32cubeide_1.13.1/plugins/com.st.stm32cube.ide.mcu.externaltools.gnu-tools-for-stm32.11.3.rel1.linux64_1.1.0.202305231506/tools/bin/../lib/gcc/arm-none-eabi/11.3.1/../../../../arm-none-eabi/lib/thumb/v6-m/nofp/libc_nano.a(libc_a-fwalk.o)
                              /opt/st/stm32cubeide_1.13.1/plugins/com.st.stm32cube.ide.mcu.externaltools.gnu-tools-for-stm32.11.3.rel1.linux64_1.1.0.202305231506/tools/bin/../lib/gcc/arm-none-eabi/11.3.1/../../../../arm-none-eabi/lib/thumb/v6-m/nofp/libc_nano.a(libc_a-findfp.o) (_fwalk_sglue)
/opt/st/stm32cubeide_1.13.1/plugins/com.st.stm32cube.ide.mcu.externaltools.gnu-tools-for-stm32.11.3.rel1.linux64_1.1.0.202305231506/tools/bin/../lib/gcc/arm-none-eabi/11.3.1/../../../../arm-none-eabi/lib/thumb/v6-m/nofp/libc_nano.a(libc_a-stdio.o)
                              /opt/st/stm32cubeide_1.13.1/plugins/com.st.stm32cube.ide.mcu.externaltools.gnu-tools-for-stm32.11.3.rel1.linux64_1.1.0.202305231506/tools/bin/../lib/gcc/arm-none-eabi/11.3.1/../../../../arm-none-eabi/lib/thumb/v6-m/nofp/libc_nano.a(libc_a-findfp.o) (__sread)
/opt/st/stm32cubeide_1.13.1/plugins/com.st.stm32cube.ide.mcu.externaltools.gnu-tools-for-stm32.11.3.rel1.linux64_1.1.0.202305231506/tools/bin/../lib/gcc/arm-none-eabi/11.3.1/../../../../arm-none-eabi/lib/thumb/v6-m/nofp/libc_nano.a(libc_a-memset.o)
                              /opt/st/stm32cubeide_1.13.1/plugins/com.st.stm32cube.ide.mcu.externaltools.gnu-tools-for-stm32.11.3.rel1.linux64_1.1.0.202305231506/tools/bin/../lib/gcc/arm-none-eabi/11.3.1/../../../../arm-none-eabi/lib/thumb/v6-m/nofp/crt0.o (memset)
/opt/st/stm32cubeide_1.13.1/plugins/com.st.stm32cube.ide.mcu.externaltools.gnu-tools-for-stm32.11.3.rel1.linux64_1.1.0.202305231506/tools/bin/../lib/gcc/arm-none-eabi/11.3.1/../../../../arm-none-eabi/lib/thumb/v6-m/nofp/libc_nano.a(libc_a-closer.o)
                              /opt/st/stm32cubeide_1.13.1/plugins/com.st.stm32cube.ide.mcu.externaltools.gnu-tools-for-stm32.11.3.rel1.linux64_1.1.0.202305231506/tools/bin/../lib/gcc/arm-none-eabi/11.3.1/../../../../arm-none-eabi/lib/thumb/v6-m/nofp/libc_nano.a(libc_a-stdio.o) (_close_r)
/opt/st/stm32cubeide_1.13.1/plugins/com.st.stm32cube.ide.mcu.externaltools.gnu-tools-for-stm32.11.3.rel1.linux64_1.1.0.202305231506/tools/bin/../lib/gcc/arm-none-eabi/11.3.1/../../../../arm-none-eabi/lib/thumb/v6-m/nofp/libc_nano.a(libc_a-reent.o)
                              /opt/st/stm32cubeide_1.13.1/plugins/com.st.stm32cube.ide.mcu.externaltools.gnu-tools-for-stm32.11.3.rel1.linux64_1.1.0.202305231506/tools/bin/../lib/gcc/arm-none-eabi/11.3.1/../../../../arm-none-eabi/lib/thumb/v6-m/nofp/libc_nano.a(libc_a-closer.o) (errno)
/opt/st/stm32cubeide_1.13.1/plugins/com.st.stm32cube.ide.mcu.externaltools.gnu-tools-for-stm32.11.3.rel1.linux64_1.1.0.202305231506/tools/bin/../lib/gcc/arm-none-eabi/11.3.1/../../../../arm-none-eabi/lib/thumb/v6-m/nofp/libc_nano.a(libc_a-impure.o)
                              /opt/st/stm32cubeide_1.13.1/plugins/com.st.stm32cube.ide.mcu.externaltools.gnu-tools-for-stm32.11.3.rel1.linux64_1.1.0.202305231506/tools/bin/../lib/gcc/arm-none-eabi/11.3.1/../../../../arm-none-eabi/lib/thumb/v6-m/nofp/libc_nano.a(libc_a-reent.o) (_impure_ptr)
/opt/st/stm32cubeide_1.13.1/plugins/com.st.stm32cube.ide.mcu.externaltools.gnu-tools-for-stm32.11.3.rel1.linux64_1.1.0.202305231506/tools/bin/../lib/gcc/arm-none-eabi/11.3.1/../../../../arm-none-eabi/lib/thumb/v6-m/nofp/libc_nano.a(libc_a-lseekr.o)
                              /opt/st/stm32cubeide_1.13.1/plugins/com.st.stm32cube.ide.mcu.externaltools.gnu-tools-for-stm32.11.3.rel1.linux64_1.1.0.202305231506/tools/bin/../lib/gcc/arm-none-eabi/11.3.1/../../../../arm-none-eabi/lib/thumb/v6-m/nofp/libc_nano.a(libc_a-stdio.o) (_lseek_r)
[...]
Memory Configuration

Name             Origin             Length             Attributes
RAM              0x0000000020000000 0x0000000000002000 xrw
FLASH            0x0000000008000000 0x0000000000010000 xr
*default*        0x0000000000000000 0xffffffffffffffff

Linker script and memory map

LOAD /opt/st/stm32cubeide_1.13.1/plugins/com.st.stm32cube.ide.mcu.externaltools.gnu-tools-for-stm32.11.3.rel1.linux64_1.1.0.202305231506/tools/bin/../lib/gcc/arm-none-eabi/11.3.1/thumb/v6-m/nofp/crti.o
LOAD /opt/st/stm32cubeide_1.13.1/plugins/com.st.stm32cube.ide.mcu.externaltools.gnu-tools-for-stm32.11.3.rel1.linux64_1.1.0.202305231506/tools/bin/../lib/gcc/arm-none-eabi/11.3.1/thumb/v6-m/nofp/crtbegin.o
LOAD /opt/st/stm32cubeide_1.13.1/plugins/com.st.stm32cube.ide.mcu.externaltools.gnu-tools-for-stm32.11.3.rel1.linux64_1.1.0.202305231506/tools/bin/../lib/gcc/arm-none-eabi/11.3.1/../../../../arm-none-eabi/lib/thumb/v6-m/nofp/crt0.o
LOAD ./Core/Src/VL53L0X.o
LOAD ./Core/Src/dma.o
LOAD ./Core/Src/gpio.o
LOAD ./Core/Src/i2c.o
LOAD ./Core/Src/lasers.o
LOAD ./Core/Src/main.o
LOAD ./Core/Src/motor.o
LOAD ./Core/Src/nrf.o
LOAD ./Core/Src/servo.o
LOAD ./Core/Src/stm32g0xx_hal_msp.o
LOAD ./Core/Src/stm32g0xx_it.o
LOAD ./Core/Src/syscalls.o
LOAD ./Core/Src/sysmem.o
LOAD ./Core/Src/system_stm32g0xx.o
LOAD ./Core/Src/tim.o
LOAD ./Core/Src/usart.o
LOAD ./Core/Src/utils.o
LOAD ./Core/Src/wall_follow.o
LOAD ./Core/Startup/startup_stm32g030c8tx.o
LOAD ./Drivers/STM32G0xx_HAL_Driver/Src/stm32g0xx_hal.o
LOAD ./Drivers/STM32G0xx_HAL_Driver/Src/stm32g0xx_hal_cortex.o
LOAD ./Drivers/STM32G0xx_HAL_Driver/Src/stm32g0xx_hal_dma.o
LOAD ./Drivers/STM32G0xx_HAL_Driver/Src/stm32g0xx_hal_dma_ex.o
LOAD ./Drivers/STM32G0xx_HAL_Driver/Src/stm32g0xx_hal_exti.o
LOAD ./Drivers/STM32G0xx_HAL_Driver/Src/stm32g0xx_hal_flash.o
LOAD ./Drivers/STM32G0xx_HAL_Driver/Src/stm32g0xx_hal_flash_ex.o
LOAD ./Drivers/STM32G0xx_HAL_Driver/Src/stm32g0xx_hal_gpio.o
LOAD ./Drivers/STM32G0xx_HAL_Driver/Src/stm32g0xx_hal_i2c.o
LOAD ./Drivers/STM32G0xx_HAL_Driver/Src/stm32g0xx_hal_i2c_ex.o
LOAD ./Drivers/STM32G0xx_HAL_Driver/Src/stm32g0xx_hal_pwr.o
LOAD ./Drivers/STM32G0xx_HAL_Driver/Src/stm32g0xx_hal_pwr_ex.o
LOAD ./Drivers/STM32G0xx_HAL_Driver/Src/stm32g0xx_hal_rcc.o
LOAD ./Drivers/STM32G0xx_HAL_Driver/Src/stm32g0xx_hal_rcc_ex.o
LOAD ./Drivers/STM32G0xx_HAL_Driver/Src/stm32g0xx_hal_tim.o
LOAD ./Drivers/STM32G0xx_HAL_Driver/Src/stm32g0xx_hal_tim_ex.o
LOAD ./Drivers/STM32G0xx_HAL_Driver/Src/stm32g0xx_hal_uart.o
LOAD ./Drivers/STM32G0xx_HAL_Driver/Src/stm32g0xx_hal_uart_ex.o
LOAD ./Drivers/STM32G0xx_HAL_Driver/Src/stm32g0xx_ll_dma.o
LOAD ./Drivers/STM32G0xx_HAL_Driver/Src/stm32g0xx_ll_rcc.o
START GROUP
LOAD /opt/st/stm32cubeide_1.13.1/plugins/com.st.stm32cube.ide.mcu.externaltools.gnu-tools-for-stm32.11.3.rel1.linux64_1.1.0.202305231506/tools/bin/../lib/gcc/arm-none-eabi/11.3.1/../../../../arm-none-eabi/lib/thumb/v6-m/nofp/libc_nano.a
LOAD /opt/st/stm32cubeide_1.13.1/plugins/com.st.stm32cube.ide.mcu.externaltools.gnu-tools-for-stm32.11.3.rel1.linux64_1.1.0.202305231506/tools/bin/../lib/gcc/arm-none-eabi/11.3.1/../../../../arm-none-eabi/lib/thumb/v6-m/nofp/libm.a
END GROUP
START GROUP
LOAD /opt/st/stm32cubeide_1.13.1/plugins/com.st.stm32cube.ide.mcu.externaltools.gnu-tools-for-stm32.11.3.rel1.linux64_1.1.0.202305231506/tools/bin/../lib/gcc/arm-none-eabi/11.3.1/thumb/v6-m/nofp/libgcc.a
LOAD /opt/st/stm32cubeide_1.13.1/plugins/com.st.stm32cube.ide.mcu.externaltools.gnu-tools-for-stm32.11.3.rel1.linux64_1.1.0.202305231506/tools/bin/../lib/gcc/arm-none-eabi/11.3.1/../../../../arm-none-eabi/lib/thumb/v6-m/nofp/libc_nano.a
END GROUP
START GROUP
LOAD /opt/st/stm32cubeide_1.13.1/plugins/com.st.stm32cube.ide.mcu.externaltools.gnu-tools-for-stm32.11.3.rel1.linux64_1.1.0.202305231506/tools/bin/../lib/gcc/arm-none-eabi/11.3.1/thumb/v6-m/nofp/libgcc.a
LOAD /opt/st/stm32cubeide_1.13.1/plugins/com.st.stm32cube.ide.mcu.externaltools.gnu-tools-for-stm32.11.3.rel1.linux64_1.1.0.202305231506/tools/bin/../lib/gcc/arm-none-eabi/11.3.1/../../../../arm-none-eabi/lib/thumb/v6-m/nofp/libc_nano.a
LOAD /opt/st/stm32cubeide_1.13.1/plugins/com.st.stm32cube.ide.mcu.externaltools.gnu-tools-for-stm32.11.3.rel1.linux64_1.1.0.202305231506/tools/bin/../lib/gcc/arm-none-eabi/11.3.1/../../../../arm-none-eabi/lib/thumb/v6-m/nofp/libnosys.a
END GROUP
START GROUP
LOAD /opt/st/stm32cubeide_1.13.1/plugins/com.st.stm32cube.ide.mcu.externaltools.gnu-tools-for-stm32.11.3.rel1.linux64_1.1.0.202305231506/tools/bin/../lib/gcc/arm-none-eabi/11.3.1/thumb/v6-m/nofp/libgcc.a
LOAD /opt/st/stm32cubeide_1.13.1/plugins/com.st.stm32cube.ide.mcu.externaltools.gnu-tools-for-stm32.11.3.rel1.linux64_1.1.0.202305231506/tools/bin/../lib/gcc/arm-none-eabi/11.3.1/../../../../arm-none-eabi/lib/thumb/v6-m/nofp/libc_nano.a
LOAD /opt/st/stm32cubeide_1.13.1/plugins/com.st.stm32cube.ide.mcu.externaltools.gnu-tools-for-stm32.11.3.rel1.linux64_1.1.0.202305231506/tools/bin/../lib/gcc/arm-none-eabi/11.3.1/../../../../arm-none-eabi/lib/thumb/v6-m/nofp/libnosys.a
END GROUP
LOAD /opt/st/stm32cubeide_1.13.1/plugins/com.st.stm32cube.ide.mcu.externaltools.gnu-tools-for-stm32.11.3.rel1.linux64_1.1.0.202305231506/tools/bin/../lib/gcc/arm-none-eabi/11.3.1/thumb/v6-m/nofp/crtend.o
LOAD /opt/st/stm32cubeide_1.13.1/plugins/com.st.stm32cube.ide.mcu.externaltools.gnu-tools-for-stm32.11.3.rel1.linux64_1.1.0.202305231506/tools/bin/../lib/gcc/arm-none-eabi/11.3.1/thumb/v6-m/nofp/crtn.o
                0x0000000020002000                _estack = (ORIGIN (RAM) + LENGTH (RAM))
                0x0000000000000200                _Min_Heap_Size = 0x200
                0x0000000000000400                _Min_Stack_Size = 0x400

.isr_vector     0x0000000008000000       0xb8
                0x0000000008000000                . = ALIGN (0x4)
 *(.isr_vector)
 .isr_vector    0x0000000008000000       0xb8 ./Core/Startup/startup_stm32g030c8tx.o
                0x0000000008000000                g_pfnVectors
                0x00000000080000b8                . = ALIGN (0x4)

.text           0x00000000080000b8     0xb2d4
                0x00000000080000b8                . = ALIGN (0x4)
 *(.text)
 .text          0x00000000080000b8       0x48 /opt/st/stm32cubeide_1.13.1/plugins/com.st.stm32cube.ide.mcu.externaltools.gnu-tools-for-stm32.11.3.rel1.linux64_1.1.0.202305231506/tools/bin/../lib/gcc/arm-none-eabi/11.3.1/thumb/v6-m/nofp/crtbegin.o
 .text          0x0000000008000100      0x114 /opt/st/stm32cubeide_1.13.1/plugins/com.st.stm32cube.ide.mcu.externaltools.gnu-tools-for-stm32.11.3.rel1.linux64_1.1.0.202305231506/tools/bin/../lib/gcc/arm-none-eabi/11.3.1/thumb/v6-m/nofp/libgcc.a(_udivsi3.o)
                0x0000000008000100                __udivsi3
                0x0000000008000100                __aeabi_uidiv
                0x000000000800020c                __aeabi_uidivmod
 .text          0x0000000008000214      0x1d4 /opt/st/stm32cubeide_1.13.1/plugins/com.st.stm32cube.ide.mcu.externaltools.gnu-tools-for-stm32.11.3.rel1.linux64_1.1.0.202305231506/tools/bin/../lib/gcc/arm-none-eabi/11.3.1/thumb/v6-m/nofp/libgcc.a(_divsi3.o)
                0x0000000008000214                __aeabi_idiv
                0x0000000008000214                __divsi3
                0x00000000080003e0                __aeabi_idivmod
 .text          0x00000000080003e8        0x4 /opt/st/stm32cubeide_1.13.1/plugins/com.st.stm32cube.ide.mcu.externaltools.gnu-tools-for-stm32.11.3.rel1.linux64_1.1.0.202305231506/tools/bin/../lib/gcc/arm-none-eabi/11.3.1/thumb/v6-m/nofp/libgcc.a(_dvmd_tls.o)
                0x00000000080003e8                __aeabi_ldiv0
                0x00000000080003e8                __aeabi_idiv0
 .text          0x00000000080003ec       0x74 /opt/st/stm32cubeide_1.13.1/plugins/com.st.stm32cube.ide.mcu.externaltools.gnu-tools-for-stm32.11.3.rel1.linux64_1.1.0.202305231506/tools/bin/../lib/gcc/arm-none-eabi/11.3.1/thumb/v6-m/nofp/libgcc.a(_arm_cmpsf2.o)
                0x00000000080003ec                __aeabi_cfrcmple
                0x00000000080003f4                __aeabi_cfcmple
                0x00000000080003f4                __aeabi_cfcmpeq
                0x0000000008000404                __aeabi_fcmpeq
                0x0000000008000410                __aeabi_fcmplt
                0x0000000008000424                __aeabi_fcmple
                0x0000000008000438                __aeabi_fcmpgt
                0x000000000800044c                __aeabi_fcmpge
 .text          0x0000000008000460       0x30 /opt/st/stm32cubeide_1.13.1/plugins/com.st.stm32cube.ide.mcu.externaltools.gnu-tools-for-stm32.11.3.rel1.linux64_1.1.0.202305231506/tools/bin/../lib/gcc/arm-none-eabi/11.3.1/thumb/v6-m/nofp/libgcc.a(_fixunssfsi.o)
                0x0000000008000460                __aeabi_f2uiz
                0x0000000008000460                __fixunssfsi
 .text          0x0000000008000490      0x340 /opt/st/stm32cubeide_1.13.1/plugins/com.st.stm32cube.ide.mcu.externaltools.gnu-tools-for-stm32.11.3.rel1.linux64_1.1.0.202305231506/tools/bin/../lib/gcc/arm-none-eabi/11.3.1/thumb/v6-m/nofp/libgcc.a(addsf3.o)
                0x0000000008000490                __aeabi_fadd
 .text          0x00000000080007d0      0x234 /opt/st/stm32cubeide_1.13.1/plugins/com.st.stm32cube.ide.mcu.externaltools.gnu-tools-for-stm32.11.3.rel1.linux64_1.1.0.202305231506/tools/bin/../lib/gcc/arm-none-eabi/11.3.1/thumb/v6-m/nofp/libgcc.a(divsf3.o)
                0x00000000080007d0                __aeabi_fdiv
 .text          0x0000000008000a04       0x4c /opt/st/stm32cubeide_1.13.1/plugins/com.st.stm32cube.ide.mcu.externaltools.gnu-tools-for-stm32.11.3.rel1.linux64_1.1.0.202305231506/tools/bin/../lib/gcc/arm-none-eabi/11.3.1/thumb/v6-m/nofp/libgcc.a(eqsf2.o)
                0x0000000008000a04                __nesf2
                0x0000000008000a04                __eqsf2
 .text          0x0000000008000a50       0x8c /opt/st/stm32cubeide_1.13.1/plugins/com.st.stm32cube.ide.mcu.externaltools.gnu-tools-for-stm32.11.3.rel1.linux64_1.1.0.202305231506/tools/bin/../lib/gcc/arm-none-eabi/11.3.1/thumb/v6-m/nofp/libgcc.a(gesf2.o)
                0x0000000008000a50                __gtsf2
                0x0000000008000a50                __gesf2
 .text          0x0000000008000adc       0x88 /opt/st/stm32cubeide_1.13.1/plugins/com.st.stm32cube.ide.mcu.externaltools.gnu-tools-for-stm32.11.3.rel1.linux64_1.1.0.202305231506/tools/bin/../lib/gcc/arm-none-eabi/11.3.1/thumb/v6-m/nofp/libgcc.a(lesf2.o)
                0x0000000008000adc                __lesf2
                0x0000000008000adc                __ltsf2
 .text          0x0000000008000b64      0x29c /opt/st/stm32cubeide_1.13.1/plugins/com.st.stm32cube.ide.mcu.externaltools.gnu-tools-for-stm32.11.3.rel1.linux64_1.1.0.202305231506/tools/bin/../lib/gcc/arm-none-eabi/11.3.1/thumb/v6-m/nofp/libgcc.a(mulsf3.o)
                0x0000000008000b64                __aeabi_fmul
 .text          0x0000000008000e00      0x340 /opt/st/stm32cubeide_1.13.1/plugins/com.st.stm32cube.ide.mcu.externaltools.gnu-tools-for-stm32.11.3.rel1.linux64_1.1.0.202305231506/tools/bin/../lib/gcc/arm-none-eabi/11.3.1/thumb/v6-m/nofp/libgcc.a(subsf3.o)
                0x0000000008000e00                __aeabi_fsub
 .text          0x0000000008001140       0x2c /opt/st/stm32cubeide_1.13.1/plugins/com.st.stm32cube.ide.mcu.externaltools.gnu-tools-for-stm32.11.3.rel1.linux64_1.1.0.202305231506/tools/bin/../lib/gcc/arm-none-eabi/11.3.1/thumb/v6-m/nofp/libgcc.a(unordsf2.o)
                0x0000000008001140                __aeabi_fcmpun
 .text          0x000000000800116c       0x40 /opt/st/stm32cubeide_1.13.1/plugins/com.st.stm32cube.ide.mcu.externaltools.gnu-tools-for-stm32.11.3.rel1.linux64_1.1.0.202305231506/tools/bin/../lib/gcc/arm-none-eabi/11.3.1/thumb/v6-m/nofp/libgcc.a(fixsfsi.o)
                0x000000000800116c                __aeabi_f2iz
 .text          0x00000000080011ac       0xa4 /opt/st/stm32cubeide_1.13.1/plugins/com.st.stm32cube.ide.mcu.externaltools.gnu-tools-for-stm32.11.3.rel1.linux64_1.1.0.202305231506/tools/bin/../lib/gcc/arm-none-eabi/11.3.1/thumb/v6-m/nofp/libgcc.a(floatsisf.o)
                0x00000000080011ac                __aeabi_i2f
 .text          0x0000000008001250       0x90 /opt/st/stm32cubeide_1.13.1/plugins/com.st.stm32cube.ide.mcu.externaltools.gnu-tools-for-stm32.11.3.rel1.linux64_1.1.0.202305231506/tools/bin/../lib/gcc/arm-none-eabi/11.3.1/thumb/v6-m/nofp/libgcc.a(floatunsisf.o)
                0x0000000008001250                __aeabi_ui2f
 .text          0x00000000080012e0       0x3c /opt/st/stm32cubeide_1.13.1/plugins/com.st.stm32cube.ide.mcu.externaltools.gnu-tools-for-stm32.11.3.rel1.linux64_1.1.0.202305231506/tools/bin/../lib/gcc/arm-none-eabi/11.3.1/thumb/v6-m/nofp/libgcc.a(_clzsi2.o)
                0x00000000080012e0                __clzsi2
 *(.text*)
 .text.reverse_bytes
                0x000000000800131c       0x88 ./Core/Src/VL53L0X.o
                0x000000000800131c                reverse_bytes
 .text.laser_write
                0x00000000080013a4       0x7a ./Core/Src/VL53L0X.o
                0x00000000080013a4                laser_write
 .text.laser_read
                0x000000000800141e       0x9e ./Core/Src/VL53L0X.o
                0x000000000800141e                laser_read
 .text.laser_write_u8
                0x00000000080014bc       0x30 ./Core/Src/VL53L0X.o
                0x00000000080014bc                laser_write_u8
 .text.laser_write_u16
                0x00000000080014ec       0x30 ./Core/Src/VL53L0X.o
                0x00000000080014ec                laser_write_u16
 .text.laser_read_u8
                0x000000000800151c       0x2a ./Core/Src/VL53L0X.o
                0x000000000800151c                laser_read_u8
 .text.laser_read_u16
                0x0000000008001546       0x2a ./Core/Src/VL53L0X.o
                0x0000000008001546                laser_read_u16
 .text.laser_calibrate
                0x0000000008001570       0xbc ./Core/Src/VL53L0X.o
                0x0000000008001570                laser_calibrate
 .text.laser_init
                0x000000000800162c     0x1024 ./Core/Src/VL53L0X.o
                0x000000000800162c                laser_init
 .text.laser_set_signal_rate
                0x0000000008002650       0x54 ./Core/Src/VL53L0X.o
                0x0000000008002650                laser_set_signal_rate
 .text.laser_get_spad
                0x00000000080026a4      0x384 ./Core/Src/VL53L0X.o
                0x00000000080026a4                laser_get_spad
 .text.laser_get_seq_en
                0x0000000008002a28       0x8c ./Core/Src/VL53L0X.o
                0x0000000008002a28                laser_get_seq_en
 .text.laser_us_to_mclks
                0x0000000008002ab4       0x66 ./Core/Src/VL53L0X.o
                0x0000000008002ab4                laser_us_to_mclks
 .text.laser_mclks_to_us
                0x0000000008002b1a       0x5e ./Core/Src/VL53L0X.o
                0x0000000008002b1a                laser_mclks_to_us
 .text.decodeTimeout
                0x0000000008002b78       0x2c ./Core/Src/VL53L0X.o
                0x0000000008002b78                decodeTimeout
 .text.laser_get_seq_timeouts
                0x0000000008002ba4      0x15c ./Core/Src/VL53L0X.o
                0x0000000008002ba4                laser_get_seq_timeouts
 .text.laser_get_pulse_period
                0x0000000008002d00       0x96 ./Core/Src/VL53L0X.o
                0x0000000008002d00                laser_get_pulse_period
 .text.laser_read_continuous
                0x0000000008002d96       0x80 ./Core/Src/VL53L0X.o
                0x0000000008002d96                laser_read_continuous
 .text.encodeTimeout
                0x0000000008002e16       0x68 ./Core/Src/VL53L0X.o
                0x0000000008002e16                encodeTimeout
 *fill*         0x0000000008002e7e        0x2 
 .text.laser_set_timing_budget
                0x0000000008002e80      0x1cc ./Core/Src/VL53L0X.o
                0x0000000008002e80                laser_set_timing_budget
 .text.laser_start_continuous
                0x000000000800304c      0x198 ./Core/Src/VL53L0X.o
                0x000000000800304c                laser_start_continuous
 .text.laser_set_address
                0x00000000080031e4       0x46 ./Core/Src/VL53L0X.o
                0x00000000080031e4                laser_set_address
 *fill*         0x000000000800322a        0x2 
 .text.MX_DMA_Init
                0x000000000800322c       0x3c ./Core/Src/dma.o
                0x000000000800322c                MX_DMA_Init
 .text.MX_GPIO_Init
                0x0000000008003268      0x110 ./Core/Src/gpio.o
                0x0000000008003268                MX_GPIO_Init
 .text.MX_I2C1_Init
                0x0000000008003378       0x80 ./Core/Src/i2c.o
                0x0000000008003378                MX_I2C1_Init
 .text.MX_I2C2_Init
                0x00000000080033f8       0x80 ./Core/Src/i2c.o
                0x00000000080033f8                MX_I2C2_Init
 .text.HAL_I2C_MspInit
                0x0000000008003478      0x138 ./Core/Src/i2c.o
                0x0000000008003478                HAL_I2C_MspInit
 .text.lasers_offset
                0x00000000080035b0       0x92 ./Core/Src/lasers.o
                0x00000000080035b0                lasers_offset
 *fill*         0x0000000008003642        0x2 
 .text.lasers_deinit
                0x0000000008003644       0x70 ./Core/Src/lasers.o
                0x0000000008003644                lasers_deinit
 .text.lasers_init
                0x00000000080036b4      0x260 ./Core/Src/lasers.o
                0x00000000080036b4                lasers_init
 .text.lasers_read
                0x0000000008003914       0x68 ./Core/Src/lasers.o
                0x0000000008003914                lasers_read
 .text.main     0x000000000800397c       0xf0 ./Core/Src/main.o
                0x000000000800397c                main
 .text.SystemClock_Config
                0x0000000008003a6c       0x90 ./Core/Src/main.o
                0x0000000008003a6c                SystemClock_Config
 .text.handle_communications
                0x0000000008003afc      0x2fc ./Core/Src/main.o
                0x0000000008003afc                handle_communications
 .text.Error_Handler
                0x0000000008003df8        0xa ./Core/Src/main.o
                0x0000000008003df8                Error_Handler
 *fill*         0x0000000008003e02        0x2 
 .text.motor_init
                0x0000000008003e04       0x74 ./Core/Src/motor.o
                0x0000000008003e04                motor_init
 .text.motor_deinit
                0x0000000008003e78       0x3c ./Core/Src/motor.o
                0x0000000008003e78                motor_deinit
 .text.motor_set_speed
                0x0000000008003eb4      0x19c ./Core/Src/motor.o
                0x0000000008003eb4                motor_set_speed
 .text.nrf_init
                0x0000000008004050       0x30 ./Core/Src/nrf.o
                0x0000000008004050                nrf_init
 .text.nrf_write
                0x0000000008004080       0x80 ./Core/Src/nrf.o
                0x0000000008004080                nrf_write
 .text.nrf_available
                0x0000000008004100       0x14 ./Core/Src/nrf.o
                0x0000000008004100                nrf_available
 .text.nrf_rx_buffer
                0x0000000008004114       0x1c ./Core/Src/nrf.o
                0x0000000008004114                nrf_rx_buffer
 .text.HAL_UART_RxCpltCallback
                0x0000000008004130       0x28 ./Core/Src/nrf.o
                0x0000000008004130                HAL_UART_RxCpltCallback
 .text.HAL_UART_TxCpltCallback
                0x0000000008004158       0x28 ./Core/Src/nrf.o
                0x0000000008004158                HAL_UART_TxCpltCallback
 .text.nrf_timeout
                0x0000000008004180       0x2c ./Core/Src/nrf.o
                0x0000000008004180                nrf_timeout
 .text.nrf_update_heartbeat
                0x00000000080041ac       0x18 ./Core/Src/nrf.o
                0x00000000080041ac                nrf_update_heartbeat
 .text.servo_init
                0x00000000080041c4       0x60 ./Core/Src/servo.o
                0x00000000080041c4                servo_init
 .text.servo_deinit
                0x0000000008004224       0x1c ./Core/Src/servo.o
                0x0000000008004224                servo_deinit
 .text.servo_set
                0x0000000008004240      0x160 ./Core/Src/servo.o
                0x0000000008004240                servo_set
 .text.HAL_MspInit
                0x00000000080043a0       0x48 ./Core/Src/stm32g0xx_hal_msp.o
                0x00000000080043a0                HAL_MspInit
 .text.NMI_Handler
                0x00000000080043e8        0x6 ./Core/Src/stm32g0xx_it.o
                0x00000000080043e8                NMI_Handler
 .text.HardFault_Handler
                0x00000000080043ee        0x6 ./Core/Src/stm32g0xx_it.o
                0x00000000080043ee                HardFault_Handler
 .text.SVC_Handler
                0x00000000080043f4        0xa ./Core/Src/stm32g0xx_it.o
                0x00000000080043f4                SVC_Handler
 .text.PendSV_Handler
                0x00000000080043fe        0xa ./Core/Src/stm32g0xx_it.o
                0x00000000080043fe                PendSV_Handler
 .text.SysTick_Handler
                0x0000000008004408        0xe ./Core/Src/stm32g0xx_it.o
                0x0000000008004408                SysTick_Handler
 *fill*         0x0000000008004416        0x2 
 .text.DMA1_Channel1_IRQHandler
                0x0000000008004418       0x18 ./Core/Src/stm32g0xx_it.o
                0x0000000008004418                DMA1_Channel1_IRQHandler
 .text.USART2_IRQHandler
                0x0000000008004430       0x18 ./Core/Src/stm32g0xx_it.o
                0x0000000008004430                USART2_IRQHandler
 .text.SystemInit
                0x0000000008004448        0xa ./Core/Src/system_stm32g0xx.o
                0x0000000008004448                SystemInit
 *fill*         0x0000000008004452        0x2 
 .text.MX_TIM3_Init
                0x0000000008004454       0xd8 ./Core/Src/tim.o
                0x0000000008004454                MX_TIM3_Init
 .text.MX_TIM14_Init
                0x000000000800452c       0xa0 ./Core/Src/tim.o
                0x000000000800452c                MX_TIM14_Init
 .text.HAL_TIM_PWM_MspInit
                0x00000000080045cc       0x3c ./Core/Src/tim.o
                0x00000000080045cc                HAL_TIM_PWM_MspInit
 .text.HAL_TIM_Base_MspInit
                0x0000000008004608       0x40 ./Core/Src/tim.o
                0x0000000008004608                HAL_TIM_Base_MspInit
 .text.HAL_TIM_MspPostInit
                0x0000000008004648      0x114 ./Core/Src/tim.o
                0x0000000008004648                HAL_TIM_MspPostInit
 .text.MX_USART1_UART_Init
                0x000000000800475c       0x9c ./Core/Src/usart.o
                0x000000000800475c                MX_USART1_UART_Init
 .text.MX_USART2_UART_Init
                0x00000000080047f8       0x68 ./Core/Src/usart.o
                0x00000000080047f8                MX_USART2_UART_Init
 .text.HAL_UART_MspInit
                0x0000000008004860      0x1a0 ./Core/Src/usart.o
                0x0000000008004860                HAL_UART_MspInit
 .text.deg2rad  0x0000000008004a00       0x2c ./Core/Src/utils.o
                0x0000000008004a00                deg2rad
 .text.mapf     0x0000000008004a2c       0x56 ./Core/Src/utils.o
                0x0000000008004a2c                mapf
 .text.clampf   0x0000000008004a82       0x36 ./Core/Src/utils.o
                0x0000000008004a82                clampf
 .text.select_target
                0x0000000008004ab8      0x228 ./Core/Src/wall_follow.o
                0x0000000008004ab8                select_target
 .text.any_walls_detected
                0x0000000008004ce0       0xa8 ./Core/Src/wall_follow.o
                0x0000000008004ce0                any_walls_detected
 .text.need_escaping
                0x0000000008004d88       0x70 ./Core/Src/wall_follow.o
                0x0000000008004d88                need_escaping
 .text.widest_laser_pair
                0x0000000008004df8       0x98 ./Core/Src/wall_follow.o
                0x0000000008004df8                widest_laser_pair
 .text.on_single_detection
                0x0000000008004e90       0x50 ./Core/Src/wall_follow.o
                0x0000000008004e90                on_single_detection
 .text.on_multiple_detections
                0x0000000008004ee0      0x3a0 ./Core/Src/wall_follow.o
                0x0000000008004ee0                on_multiple_detections
 .text.on_escape
                0x0000000008005280       0x54 ./Core/Src/wall_follow.o
                0x0000000008005280                on_escape
 .text.auto_controls
                0x00000000080052d4      0x108 ./Core/Src/wall_follow.o
                0x00000000080052d4                auto_controls
 .text.auto_controls_init
                0x00000000080053dc       0x84 ./Core/Src/wall_follow.o
                0x00000000080053dc                auto_controls_init
 .text.Reset_Handler
                0x0000000008005460       0x50 ./Core/Startup/startup_stm32g030c8tx.o
                0x0000000008005460                Reset_Handler
 .text.Default_Handler
                0x00000000080054b0        0x2 ./Core/Startup/startup_stm32g030c8tx.o
                0x00000000080054b0                TIM1_CC_IRQHandler
                0x00000000080054b0                I2C1_IRQHandler
                0x00000000080054b0                RTC_TAMP_IRQHandler
                0x00000000080054b0                SPI1_IRQHandler
                0x00000000080054b0                DMA1_Ch4_5_DMAMUX1_OVR_IRQHandler
                0x00000000080054b0                EXTI2_3_IRQHandler
                0x00000000080054b0                ADC1_IRQHandler
                0x00000000080054b0                I2C2_IRQHandler
                0x00000000080054b0                TIM17_IRQHandler
                0x00000000080054b0                TIM16_IRQHandler
                0x00000000080054b0                TIM3_IRQHandler
                0x00000000080054b0                EXTI4_15_IRQHandler
                0x00000000080054b0                RCC_IRQHandler
                0x00000000080054b0                Default_Handler
                0x00000000080054b0                TIM14_IRQHandler
                0x00000000080054b0                EXTI0_1_IRQHandler
                0x00000000080054b0                SPI2_IRQHandler
                0x00000000080054b0                WWDG_IRQHandler
                0x00000000080054b0                DMA1_Channel2_3_IRQHandler
                0x00000000080054b0                FLASH_IRQHandler
                0x00000000080054b0                USART1_IRQHandler
                0x00000000080054b0                TIM1_BRK_UP_TRG_COM_IRQHandler
 *fill*         0x00000000080054b2        0x2 
 .text.HAL_Init
                0x00000000080054b4       0x40 ./Drivers/STM32G0xx_HAL_Driver/Src/stm32g0xx_hal.o
                0x00000000080054b4                HAL_Init
 .text.HAL_InitTick
                0x00000000080054f4       0x94 ./Drivers/STM32G0xx_HAL_Driver/Src/stm32g0xx_hal.o
                0x00000000080054f4                HAL_InitTick
 .text.HAL_IncTick
                0x0000000008005588       0x24 ./Drivers/STM32G0xx_HAL_Driver/Src/stm32g0xx_hal.o
                0x0000000008005588                HAL_IncTick
 .text.HAL_GetTick
                0x00000000080055ac       0x14 ./Drivers/STM32G0xx_HAL_Driver/Src/stm32g0xx_hal.o
                0x00000000080055ac                HAL_GetTick
 .text.HAL_Delay
                0x00000000080055c0       0x48 ./Drivers/STM32G0xx_HAL_Driver/Src/stm32g0xx_hal.o
                0x00000000080055c0                HAL_Delay
 .text.__NVIC_EnableIRQ
                0x0000000008005608       0x34 ./Drivers/STM32G0xx_HAL_Driver/Src/stm32g0xx_hal_cortex.o
 .text.__NVIC_SetPriority
                0x000000000800563c       0xdc ./Drivers/STM32G0xx_HAL_Driver/Src/stm32g0xx_hal_cortex.o
 .text.SysTick_Config
                0x0000000008005718       0x48 ./Drivers/STM32G0xx_HAL_Driver/Src/stm32g0xx_hal_cortex.o
 .text.HAL_NVIC_SetPriority
                0x0000000008005760       0x2a ./Drivers/STM32G0xx_HAL_Driver/Src/stm32g0xx_hal_cortex.o
                0x0000000008005760                HAL_NVIC_SetPriority
 .text.HAL_NVIC_EnableIRQ
                0x000000000800578a       0x20 ./Drivers/STM32G0xx_HAL_Driver/Src/stm32g0xx_hal_cortex.o
                0x000000000800578a                HAL_NVIC_EnableIRQ
 .text.HAL_SYSTICK_Config
                0x00000000080057aa       0x1a ./Drivers/STM32G0xx_HAL_Driver/Src/stm32g0xx_hal_cortex.o
                0x00000000080057aa                HAL_SYSTICK_Config
 .text.HAL_DMA_Init
                0x00000000080057c4      0x114 ./Drivers/STM32G0xx_HAL_Driver/Src/stm32g0xx_hal_dma.o
                0x00000000080057c4                HAL_DMA_Init
 .text.HAL_DMA_Start_IT
                0x00000000080058d8      0x10c ./Drivers/STM32G0xx_HAL_Driver/Src/stm32g0xx_hal_dma.o
                0x00000000080058d8                HAL_DMA_Start_IT
 .text.HAL_DMA_Abort
                0x00000000080059e4       0xc4 ./Drivers/STM32G0xx_HAL_Driver/Src/stm32g0xx_hal_dma.o
                0x00000000080059e4                HAL_DMA_Abort
 .text.HAL_DMA_Abort_IT
                0x0000000008005aa8       0xd4 ./Drivers/STM32G0xx_HAL_Driver/Src/stm32g0xx_hal_dma.o
                0x0000000008005aa8                HAL_DMA_Abort_IT
 .text.HAL_DMA_IRQHandler
                0x0000000008005b7c      0x164 ./Drivers/STM32G0xx_HAL_Driver/Src/stm32g0xx_hal_dma.o
                0x0000000008005b7c                HAL_DMA_IRQHandler
 .text.DMA_SetConfig
                0x0000000008005ce0       0x80 ./Drivers/STM32G0xx_HAL_Driver/Src/stm32g0xx_hal_dma.o
 .text.DMA_CalcDMAMUXChannelBaseAndMask
                0x0000000008005d60       0x58 ./Drivers/STM32G0xx_HAL_Driver/Src/stm32g0xx_hal_dma.o
 .text.DMA_CalcDMAMUXRequestGenBaseAndMask
                0x0000000008005db8       0x48 ./Drivers/STM32G0xx_HAL_Driver/Src/stm32g0xx_hal_dma.o
 .text.HAL_GPIO_Init
                0x0000000008005e00      0x2c8 ./Drivers/STM32G0xx_HAL_Driver/Src/stm32g0xx_hal_gpio.o
                0x0000000008005e00                HAL_GPIO_Init
 .text.HAL_GPIO_WritePin
                0x00000000080060c8       0x3a ./Drivers/STM32G0xx_HAL_Driver/Src/stm32g0xx_hal_gpio.o
                0x00000000080060c8                HAL_GPIO_WritePin
 *fill*         0x0000000008006102        0x2 
 .text.HAL_I2C_Init
                0x0000000008006104      0x12c ./Drivers/STM32G0xx_HAL_Driver/Src/stm32g0xx_hal_i2c.o
                0x0000000008006104                HAL_I2C_Init
 .text.HAL_I2C_Master_Transmit
                0x0000000008006230      0x210 ./Drivers/STM32G0xx_HAL_Driver/Src/stm32g0xx_hal_i2c.o
                0x0000000008006230                HAL_I2C_Master_Transmit
 .text.HAL_I2C_Master_Receive
                0x0000000008006440      0x210 ./Drivers/STM32G0xx_HAL_Driver/Src/stm32g0xx_hal_i2c.o
                0x0000000008006440                HAL_I2C_Master_Receive
 .text.HAL_I2C_Mem_Write
                0x0000000008006650      0x25c ./Drivers/STM32G0xx_HAL_Driver/Src/stm32g0xx_hal_i2c.o
                0x0000000008006650                HAL_I2C_Mem_Write
 .text.I2C_RequestMemoryWrite
                0x00000000080068ac       0xc8 ./Drivers/STM32G0xx_HAL_Driver/Src/stm32g0xx_hal_i2c.o
 .text.I2C_Flush_TXDR
                0x0000000008006974       0x44 ./Drivers/STM32G0xx_HAL_Driver/Src/stm32g0xx_hal_i2c.o
 .text.I2C_WaitOnFlagUntilTimeout
                0x00000000080069b8       0x7e ./Drivers/STM32G0xx_HAL_Driver/Src/stm32g0xx_hal_i2c.o
 .text.I2C_WaitOnTXISFlagUntilTimeout
                0x0000000008006a36       0x7e ./Drivers/STM32G0xx_HAL_Driver/Src/stm32g0xx_hal_i2c.o
 .text.I2C_WaitOnSTOPFlagUntilTimeout
                0x0000000008006ab4       0x78 ./Drivers/STM32G0xx_HAL_Driver/Src/stm32g0xx_hal_i2c.o
 .text.I2C_WaitOnRXNEFlagUntilTimeout
                0x0000000008006b2c       0xf4 ./Drivers/STM32G0xx_HAL_Driver/Src/stm32g0xx_hal_i2c.o
 .text.I2C_IsErrorOccurred
                0x0000000008006c20      0x200 ./Drivers/STM32G0xx_HAL_Driver/Src/stm32g0xx_hal_i2c.o
 .text.I2C_TransferConfig
                0x0000000008006e20       0x74 ./Drivers/STM32G0xx_HAL_Driver/Src/stm32g0xx_hal_i2c.o
 .text.HAL_I2CEx_ConfigAnalogFilter
                0x0000000008006e94       0x98 ./Drivers/STM32G0xx_HAL_Driver/Src/stm32g0xx_hal_i2c_ex.o
                0x0000000008006e94                HAL_I2CEx_ConfigAnalogFilter
 .text.HAL_I2CEx_ConfigDigitalFilter
                0x0000000008006f2c       0x98 ./Drivers/STM32G0xx_HAL_Driver/Src/stm32g0xx_hal_i2c_ex.o
                0x0000000008006f2c                HAL_I2CEx_ConfigDigitalFilter
 .text.HAL_PWREx_ControlVoltageScaling
                0x0000000008006fc4       0x80 ./Drivers/STM32G0xx_HAL_Driver/Src/stm32g0xx_hal_pwr_ex.o
                0x0000000008006fc4                HAL_PWREx_ControlVoltageScaling
 .text.LL_RCC_GetAPB1Prescaler
                0x0000000008007044       0x18 ./Drivers/STM32G0xx_HAL_Driver/Src/stm32g0xx_hal_rcc.o
 .text.HAL_RCC_OscConfig
                0x000000000800705c      0x620 ./Drivers/STM32G0xx_HAL_Driver/Src/stm32g0xx_hal_rcc.o
                0x000000000800705c                HAL_RCC_OscConfig
 .text.HAL_RCC_ClockConfig
                0x000000000800767c      0x210 ./Drivers/STM32G0xx_HAL_Driver/Src/stm32g0xx_hal_rcc.o
                0x000000000800767c                HAL_RCC_ClockConfig
 .text.HAL_RCC_GetSysClockFreq
                0x000000000800788c      0x104 ./Drivers/STM32G0xx_HAL_Driver/Src/stm32g0xx_hal_rcc.o
                0x000000000800788c                HAL_RCC_GetSysClockFreq
 .text.HAL_RCC_GetHCLKFreq
                0x0000000008007990       0x14 ./Drivers/STM32G0xx_HAL_Driver/Src/stm32g0xx_hal_rcc.o
                0x0000000008007990                HAL_RCC_GetHCLKFreq
 .text.HAL_RCC_GetPCLK1Freq
                0x00000000080079a4       0x2c ./Drivers/STM32G0xx_HAL_Driver/Src/stm32g0xx_hal_rcc.o
                0x00000000080079a4                HAL_RCC_GetPCLK1Freq
 .text.HAL_RCCEx_PeriphCLKConfig
                0x00000000080079d0      0x24c ./Drivers/STM32G0xx_HAL_Driver/Src/stm32g0xx_hal_rcc_ex.o
                0x00000000080079d0                HAL_RCCEx_PeriphCLKConfig
 .text.HAL_TIM_Base_Init
                0x0000000008007c1c       0xb0 ./Drivers/STM32G0xx_HAL_Driver/Src/stm32g0xx_hal_tim.o
                0x0000000008007c1c                HAL_TIM_Base_Init
 .text.HAL_TIM_PWM_Init
                0x0000000008007ccc       0xb0 ./Drivers/STM32G0xx_HAL_Driver/Src/stm32g0xx_hal_tim.o
                0x0000000008007ccc                HAL_TIM_PWM_Init
 .text.HAL_TIM_PWM_Start
                0x0000000008007d7c      0x1b0 ./Drivers/STM32G0xx_HAL_Driver/Src/stm32g0xx_hal_tim.o
                0x0000000008007d7c                HAL_TIM_PWM_Start
 .text.HAL_TIM_PWM_Stop
                0x0000000008007f2c      0x10c ./Drivers/STM32G0xx_HAL_Driver/Src/stm32g0xx_hal_tim.o
                0x0000000008007f2c                HAL_TIM_PWM_Stop
 .text.HAL_TIM_PWM_ConfigChannel
                0x0000000008008038      0x200 ./Drivers/STM32G0xx_HAL_Driver/Src/stm32g0xx_hal_tim.o
                0x0000000008008038                HAL_TIM_PWM_ConfigChannel
 .text.TIM_Base_SetConfig
                0x0000000008008238       0xd8 ./Drivers/STM32G0xx_HAL_Driver/Src/stm32g0xx_hal_tim.o
                0x0000000008008238                TIM_Base_SetConfig
 .text.TIM_OC1_SetConfig
                0x0000000008008310      0x100 ./Drivers/STM32G0xx_HAL_Driver/Src/stm32g0xx_hal_tim.o
 .text.TIM_OC2_SetConfig
                0x0000000008008410       0xfc ./Drivers/STM32G0xx_HAL_Driver/Src/stm32g0xx_hal_tim.o
                0x0000000008008410                TIM_OC2_SetConfig
 .text.TIM_OC3_SetConfig
                0x000000000800850c      0x104 ./Drivers/STM32G0xx_HAL_Driver/Src/stm32g0xx_hal_tim.o
 .text.TIM_OC4_SetConfig
                0x0000000008008610       0xc8 ./Drivers/STM32G0xx_HAL_Driver/Src/stm32g0xx_hal_tim.o
 .text.TIM_OC5_SetConfig
                0x00000000080086d8       0xb4 ./Drivers/STM32G0xx_HAL_Driver/Src/stm32g0xx_hal_tim.o
 .text.TIM_OC6_SetConfig
                0x000000000800878c       0xbc ./Drivers/STM32G0xx_HAL_Driver/Src/stm32g0xx_hal_tim.o
 .text.TIM_CCxChannelCmd
                0x0000000008008848       0x46 ./Drivers/STM32G0xx_HAL_Driver/Src/stm32g0xx_hal_tim.o
                0x0000000008008848                TIM_CCxChannelCmd
 *fill*         0x000000000800888e        0x2 
 .text.HAL_TIMEx_MasterConfigSynchronization
                0x0000000008008890       0xc4 ./Drivers/STM32G0xx_HAL_Driver/Src/stm32g0xx_hal_tim_ex.o
                0x0000000008008890                HAL_TIMEx_MasterConfigSynchronization
 .text.HAL_UART_Init
                0x0000000008008954       0xac ./Drivers/STM32G0xx_HAL_Driver/Src/stm32g0xx_hal_uart.o
                0x0000000008008954                HAL_UART_Init
 .text.HAL_UART_Transmit_IT
                0x0000000008008a00      0x150 ./Drivers/STM32G0xx_HAL_Driver/Src/stm32g0xx_hal_uart.o
                0x0000000008008a00                HAL_UART_Transmit_IT
 .text.HAL_UART_Receive_DMA
                0x0000000008008b50       0xae ./Drivers/STM32G0xx_HAL_Driver/Src/stm32g0xx_hal_uart.o
                0x0000000008008b50                HAL_UART_Receive_DMA
 *fill*         0x0000000008008bfe        0x2 
 .text.HAL_UART_IRQHandler
                0x0000000008008c00      0x64c ./Drivers/STM32G0xx_HAL_Driver/Src/stm32g0xx_hal_uart.o
                0x0000000008008c00                HAL_UART_IRQHandler
 .text.HAL_UART_RxHalfCpltCallback
                0x000000000800924c       0x10 ./Drivers/STM32G0xx_HAL_Driver/Src/stm32g0xx_hal_uart.o
                0x000000000800924c                HAL_UART_RxHalfCpltCallback
 .text.HAL_UART_ErrorCallback
                0x000000000800925c       0x10 ./Drivers/STM32G0xx_HAL_Driver/Src/stm32g0xx_hal_uart.o
                0x000000000800925c                HAL_UART_ErrorCallback
 .text.HAL_UARTEx_RxEventCallback
                0x000000000800926c       0x16 ./Drivers/STM32G0xx_HAL_Driver/Src/stm32g0xx_hal_uart.o
                0x000000000800926c                HAL_UARTEx_RxEventCallback
 *fill*         0x0000000008009282        0x2 
 .text.UART_SetConfig
                0x0000000008009284      0x2d4 ./Drivers/STM32G0xx_HAL_Driver/Src/stm32g0xx_hal_uart.o
                0x0000000008009284                UART_SetConfig
 .text.UART_AdvFeatureConfig
                0x0000000008009558      0x168 ./Drivers/STM32G0xx_HAL_Driver/Src/stm32g0xx_hal_uart.o
                0x0000000008009558                UART_AdvFeatureConfig
 .text.UART_CheckIdleState
                0x00000000080096c0       0x9c ./Drivers/STM32G0xx_HAL_Driver/Src/stm32g0xx_hal_uart.o
                0x00000000080096c0                UART_CheckIdleState
 .text.UART_WaitOnFlagUntilTimeout
                0x000000000800975c      0x190 ./Drivers/STM32G0xx_HAL_Driver/Src/stm32g0xx_hal_uart.o
                0x000000000800975c                UART_WaitOnFlagUntilTimeout
 .text.UART_Start_Receive_DMA
                0x00000000080098ec      0x14c ./Drivers/STM32G0xx_HAL_Driver/Src/stm32g0xx_hal_uart.o
                0x00000000080098ec                UART_Start_Receive_DMA
 .text.UART_EndTxTransfer
                0x0000000008009a38       0x80 ./Drivers/STM32G0xx_HAL_Driver/Src/stm32g0xx_hal_uart.o
 .text.UART_EndRxTransfer
                0x0000000008009ab8       0xcc ./Drivers/STM32G0xx_HAL_Driver/Src/stm32g0xx_hal_uart.o
 .text.UART_DMAReceiveCplt
                0x0000000008009b84      0x130 ./Drivers/STM32G0xx_HAL_Driver/Src/stm32g0xx_hal_uart.o
 .text.UART_DMARxHalfCplt
                0x0000000008009cb4       0x42 ./Drivers/STM32G0xx_HAL_Driver/Src/stm32g0xx_hal_uart.o
 .text.UART_DMAError
                0x0000000008009cf6       0x86 ./Drivers/STM32G0xx_HAL_Driver/Src/stm32g0xx_hal_uart.o
 .text.UART_DMAAbortOnError
                0x0000000008009d7c       0x2e ./Drivers/STM32G0xx_HAL_Driver/Src/stm32g0xx_hal_uart.o
 .text.UART_TxISR_8BIT
                0x0000000008009daa       0xb4 ./Drivers/STM32G0xx_HAL_Driver/Src/stm32g0xx_hal_uart.o
 .text.UART_TxISR_16BIT
                0x0000000008009e5e       0xbe ./Drivers/STM32G0xx_HAL_Driver/Src/stm32g0xx_hal_uart.o
 .text.UART_TxISR_8BIT_FIFOEN
                0x0000000008009f1c       0xec ./Drivers/STM32G0xx_HAL_Driver/Src/stm32g0xx_hal_uart.o
 .text.UART_TxISR_16BIT_FIFOEN
                0x000000000800a008       0xf4 ./Drivers/STM32G0xx_HAL_Driver/Src/stm32g0xx_hal_uart.o
 .text.UART_EndTransmit_IT
                0x000000000800a0fc       0x58 ./Drivers/STM32G0xx_HAL_Driver/Src/stm32g0xx_hal_uart.o
 .text.HAL_UARTEx_WakeupCallback
                0x000000000800a154       0x10 ./Drivers/STM32G0xx_HAL_Driver/Src/stm32g0xx_hal_uart_ex.o
                0x000000000800a154                HAL_UARTEx_WakeupCallback
 .text.HAL_UARTEx_RxFifoFullCallback
                0x000000000800a164       0x10 ./Drivers/STM32G0xx_HAL_Driver/Src/stm32g0xx_hal_uart_ex.o
                0x000000000800a164                HAL_UARTEx_RxFifoFullCallback
 .text.HAL_UARTEx_TxFifoEmptyCallback
                0x000000000800a174       0x10 ./Drivers/STM32G0xx_HAL_Driver/Src/stm32g0xx_hal_uart_ex.o
                0x000000000800a174                HAL_UARTEx_TxFifoEmptyCallback
 .text.HAL_UARTEx_DisableFifoMode
                0x000000000800a184       0x74 ./Drivers/STM32G0xx_HAL_Driver/Src/stm32g0xx_hal_uart_ex.o
                0x000000000800a184                HAL_UARTEx_DisableFifoMode
 .text.HAL_UARTEx_SetTxFifoThreshold
                0x000000000800a1f8       0x7e ./Drivers/STM32G0xx_HAL_Driver/Src/stm32g0xx_hal_uart_ex.o
                0x000000000800a1f8                HAL_UARTEx_SetTxFifoThreshold
 *fill*         0x000000000800a276        0x2 
 .text.HAL_UARTEx_SetRxFifoThreshold
                0x000000000800a278       0x84 ./Drivers/STM32G0xx_HAL_Driver/Src/stm32g0xx_hal_uart_ex.o
                0x000000000800a278                HAL_UARTEx_SetRxFifoThreshold
 .text.UARTEx_SetNbDataToProcess
                0x000000000800a2fc       0xbc ./Drivers/STM32G0xx_HAL_Driver/Src/stm32g0xx_hal_uart_ex.o
 .text.memset   0x000000000800a3b8       0x10 /opt/st/stm32cubeide_1.13.1/plugins/com.st.stm32cube.ide.mcu.externaltools.gnu-tools-for-stm32.11.3.rel1.linux64_1.1.0.202305231506/tools/bin/../lib/gcc/arm-none-eabi/11.3.1/../../../../arm-none-eabi/lib/thumb/v6-m/nofp/libc_nano.a(libc_a-memset.o)
                0x000000000800a3b8                memset
 .text.__errno  0x000000000800a3c8        0xc /opt/st/stm32cubeide_1.13.1/plugins/com.st.stm32cube.ide.mcu.externaltools.gnu-tools-for-stm32.11.3.rel1.linux64_1.1.0.202305231506/tools/bin/../lib/gcc/arm-none-eabi/11.3.1/../../../../arm-none-eabi/lib/thumb/v6-m/nofp/libc_nano.a(libc_a-errno.o)
                0x000000000800a3c8                __errno
 .text.__libc_init_array
                0x000000000800a3d4       0x48 /opt/st/stm32cubeide_1.13.1/plugins/com.st.stm32cube.ide.mcu.externaltools.gnu-tools-for-stm32.11.3.rel1.linux64_1.1.0.202305231506/tools/bin/../lib/gcc/arm-none-eabi/11.3.1/../../../../arm-none-eabi/lib/thumb/v6-m/nofp/libc_nano.a(libc_a-init.o)
                0x000000000800a3d4                __libc_init_array
 .text.memcpy   0x000000000800a41c       0x12 /opt/st/stm32cubeide_1.13.1/plugins/com.st.stm32cube.ide.mcu.externaltools.gnu-tools-for-stm32.11.3.rel1.linux64_1.1.0.202305231506/tools/bin/../lib/gcc/arm-none-eabi/11.3.1/../../../../arm-none-eabi/lib/thumb/v6-m/nofp/libc_nano.a(libc_a-memcpy-stub.o)
                0x000000000800a41c                memcpy
 .text.sqrtf    0x000000000800a42e       0x38 /opt/st/stm32cubeide_1.13.1/plugins/com.st.stm32cube.ide.mcu.externaltools.gnu-tools-for-stm32.11.3.rel1.linux64_1.1.0.202305231506/tools/bin/../lib/gcc/arm-none-eabi/11.3.1/../../../../arm-none-eabi/lib/thumb/v6-m/nofp/libm.a(libm_a-wf_sqrt.o)
                0x000000000800a42e                sqrtf
 *fill*         0x000000000800a466        0x2 
 .text.atanf    0x000000000800a468      0x220 /opt/st/stm32cubeide_1.13.1/plugins/com.st.stm32cube.ide.mcu.externaltools.gnu-tools-for-stm32.11.3.rel1.linux64_1.1.0.202305231506/tools/bin/../lib/gcc/arm-none-eabi/11.3.1/../../../../arm-none-eabi/lib/thumb/v6-m/nofp/libm.a(libm_a-sf_atan.o)
                0x000000000800a468                atanf
 .text.cosf     0x000000000800a688       0x68 /opt/st/stm32cubeide_1.13.1/plugins/com.st.stm32cube.ide.mcu.externaltools.gnu-tools-for-stm32.11.3.rel1.linux64_1.1.0.202305231506/tools/bin/../lib/gcc/arm-none-eabi/11.3.1/../../../../arm-none-eabi/lib/thumb/v6-m/nofp/libm.a(libm_a-sf_cos.o)
                0x000000000800a688                cosf
 .text.fabsf    0x000000000800a6f0        0x6 /opt/st/stm32cubeide_1.13.1/plugins/com.st.stm32cube.ide.mcu.externaltools.gnu-tools-for-stm32.11.3.rel1.linux64_1.1.0.202305231506/tools/bin/../lib/gcc/arm-none-eabi/11.3.1/../../../../arm-none-eabi/lib/thumb/v6-m/nofp/libm.a(libm_a-sf_fabs.o)
                0x000000000800a6f0                fabsf
 *fill*         0x000000000800a6f6        0x2 
 .text.sinf     0x000000000800a6f8       0x70 /opt/st/stm32cubeide_1.13.1/plugins/com.st.stm32cube.ide.mcu.externaltools.gnu-tools-for-stm32.11.3.rel1.linux64_1.1.0.202305231506/tools/bin/../lib/gcc/arm-none-eabi/11.3.1/../../../../arm-none-eabi/lib/thumb/v6-m/nofp/libm.a(libm_a-sf_sin.o)
                0x000000000800a6f8                sinf
 .text.__ieee754_sqrtf
                0x000000000800a768       0xf0 /opt/st/stm32cubeide_1.13.1/plugins/com.st.stm32cube.ide.mcu.externaltools.gnu-tools-for-stm32.11.3.rel1.linux64_1.1.0.202305231506/tools/bin/../lib/gcc/arm-none-eabi/11.3.1/../../../../arm-none-eabi/lib/thumb/v6-m/nofp/libm.a(libm_a-ef_sqrt.o)
                0x000000000800a768                __ieee754_sqrtf
 .text.__kernel_cosf
                0x000000000800a858      0x100 /opt/st/stm32cubeide_1.13.1/plugins/com.st.stm32cube.ide.mcu.externaltools.gnu-tools-for-stm32.11.3.rel1.linux64_1.1.0.202305231506/tools/bin/../lib/gcc/arm-none-eabi/11.3.1/../../../../arm-none-eabi/lib/thumb/v6-m/nofp/libm.a(libm_a-kf_cos.o)
                0x000000000800a858                __kernel_cosf
 .text.__kernel_sinf
                0x000000000800a958       0xe8 /opt/st/stm32cubeide_1.13.1/plugins/com.st.stm32cube.ide.mcu.externaltools.gnu-tools-for-stm32.11.3.rel1.linux64_1.1.0.202305231506/tools/bin/../lib/gcc/arm-none-eabi/11.3.1/../../../../arm-none-eabi/lib/thumb/v6-m/nofp/libm.a(libm_a-kf_sin.o)
                0x000000000800a958                __kernel_sinf
 .text.__ieee754_rem_pio2f
                0x000000000800aa40      0x2b8 /opt/st/stm32cubeide_1.13.1/plugins/com.st.stm32cube.ide.mcu.externaltools.gnu-tools-for-stm32.11.3.rel1.linux64_1.1.0.202305231506/tools/bin/../lib/gcc/arm-none-eabi/11.3.1/../../../../arm-none-eabi/lib/thumb/v6-m/nofp/libm.a(libm_a-ef_rem_pio2.o)
                0x000000000800aa40                __ieee754_rem_pio2f
 .text.__kernel_rem_pio2f
                0x000000000800acf8      0x554 /opt/st/stm32cubeide_1.13.1/plugins/com.st.stm32cube.ide.mcu.externaltools.gnu-tools-for-stm32.11.3.rel1.linux64_1.1.0.202305231506/tools/bin/../lib/gcc/arm-none-eabi/11.3.1/../../../../arm-none-eabi/lib/thumb/v6-m/nofp/libm.a(libm_a-kf_rem_pio2.o)
                0x000000000800acf8                __kernel_rem_pio2f
 .text.scalbnf  0x000000000800b24c       0xac /opt/st/stm32cubeide_1.13.1/plugins/com.st.stm32cube.ide.mcu.externaltools.gnu-tools-for-stm32.11.3.rel1.linux64_1.1.0.202305231506/tools/bin/../lib/gcc/arm-none-eabi/11.3.1/../../../../arm-none-eabi/lib/thumb/v6-m/nofp/libm.a(libm_a-sf_scalbn.o)
                0x000000000800b24c                scalbnf
 .text.floorf   0x000000000800b2f8       0x7c /opt/st/stm32cubeide_1.13.1/plugins/com.st.stm32cube.ide.mcu.externaltools.gnu-tools-for-stm32.11.3.rel1.linux64_1.1.0.202305231506/tools/bin/../lib/gcc/arm-none-eabi/11.3.1/../../../../arm-none-eabi/lib/thumb/v6-m/nofp/libm.a(libm_a-sf_floor.o)
                0x000000000800b2f8                floorf
 *(.glue_7)
 .glue_7        0x000000000800b374        0x0 linker stubs
 *(.glue_7t)
 .glue_7t       0x000000000800b374        0x0 linker stubs
 *(.eh_frame)
 .eh_frame      0x000000000800b374        0x0 /opt/st/stm32cubeide_1.13.1/plugins/com.st.stm32cube.ide.mcu.externaltools.gnu-tools-for-stm32.11.3.rel1.linux64_1.1.0.202305231506/tools/bin/../lib/gcc/arm-none-eabi/11.3.1/thumb/v6-m/nofp/crtbegin.o
 *(.init)
 .init          0x000000000800b374        0x4 /opt/st/stm32cubeide_1.13.1/plugins/com.st.stm32cube.ide.mcu.externaltools.gnu-tools-for-stm32.11.3.rel1.linux64_1.1.0.202305231506/tools/bin/../lib/gcc/arm-none-eabi/11.3.1/thumb/v6-m/nofp/crti.o
                0x000000000800b374                _init
 .init          0x000000000800b378        0x8 /opt/st/stm32cubeide_1.13.1/plugins/com.st.stm32cube.ide.mcu.externaltools.gnu-tools-for-stm32.11.3.rel1.linux64_1.1.0.202305231506/tools/bin/../lib/gcc/arm-none-eabi/11.3.1/thumb/v6-m/nofp/crtn.o
 *(.fini)
 .fini          0x000000000800b380        0x4 /opt/st/stm32cubeide_1.13.1/plugins/com.st.stm32cube.ide.mcu.externaltools.gnu-tools-for-stm32.11.3.rel1.linux64_1.1.0.202305231506/tools/bin/../lib/gcc/arm-none-eabi/11.3.1/thumb/v6-m/nofp/crti.o
                0x000000000800b380                _fini
 .fini          0x000000000800b384        0x8 /opt/st/stm32cubeide_1.13.1/plugins/com.st.stm32cube.ide.mcu.externaltools.gnu-tools-for-stm32.11.3.rel1.linux64_1.1.0.202305231506/tools/bin/../lib/gcc/arm-none-eabi/11.3.1/thumb/v6-m/nofp/crtn.o
                0x000000000800b38c                . = ALIGN (0x4)
                0x000000000800b38c                _etext = .

.vfp11_veneer   0x000000000800b38c        0x0
 .vfp11_veneer  0x000000000800b38c        0x0 linker stubs

.v4_bx          0x000000000800b38c        0x0
 .v4_bx         0x000000000800b38c        0x0 linker stubs

.iplt           0x000000000800b38c        0x0
 .iplt          0x000000000800b38c        0x0 /opt/st/stm32cubeide_1.13.1/plugins/com.st.stm32cube.ide.mcu.externaltools.gnu-tools-for-stm32.11.3.rel1.linux64_1.1.0.202305231506/tools/bin/../lib/gcc/arm-none-eabi/11.3.1/thumb/v6-m/nofp/crtbegin.o

.rodata         0x000000000800b38c      0x54c
                0x000000000800b38c                . = ALIGN (0x4)
 *(.rodata)
 .rodata        0x000000000800b38c       0x80 /opt/st/stm32cubeide_1.13.1/plugins/com.st.stm32cube.ide.mcu.externaltools.gnu-tools-for-stm32.11.3.rel1.linux64_1.1.0.202305231506/tools/bin/../lib/gcc/arm-none-eabi/11.3.1/thumb/v6-m/nofp/libgcc.a(divsf3.o)
 *(.rodata*)
 .rodata.AHBPrescTable
                0x000000000800b40c       0x40 ./Core/Src/system_stm32g0xx.o
                0x000000000800b40c                AHBPrescTable
 .rodata.APBPrescTable
                0x000000000800b44c       0x20 ./Core/Src/system_stm32g0xx.o
                0x000000000800b44c                APBPrescTable
 .rodata.HAL_TIM_PWM_ConfigChannel
                0x000000000800b46c       0x54 ./Drivers/STM32G0xx_HAL_Driver/Src/stm32g0xx_hal_tim.o
 .rodata.UARTPrescTable
                0x000000000800b4c0       0x18 ./Drivers/STM32G0xx_HAL_Driver/Src/stm32g0xx_hal_uart.o
                0x000000000800b4c0                UARTPrescTable
 .rodata.numerator.1
                0x000000000800b4d8        0x8 ./Drivers/STM32G0xx_HAL_Driver/Src/stm32g0xx_hal_uart_ex.o
 .rodata.denominator.0
                0x000000000800b4e0        0x8 ./Drivers/STM32G0xx_HAL_Driver/Src/stm32g0xx_hal_uart_ex.o
 .rodata.atanhi
                0x000000000800b4e8       0x10 /opt/st/stm32cubeide_1.13.1/plugins/com.st.stm32cube.ide.mcu.externaltools.gnu-tools-for-stm32.11.3.rel1.linux64_1.1.0.202305231506/tools/bin/../lib/gcc/arm-none-eabi/11.3.1/../../../../arm-none-eabi/lib/thumb/v6-m/nofp/libm.a(libm_a-sf_atan.o)
 .rodata.atanlo
                0x000000000800b4f8       0x10 /opt/st/stm32cubeide_1.13.1/plugins/com.st.stm32cube.ide.mcu.externaltools.gnu-tools-for-stm32.11.3.rel1.linux64_1.1.0.202305231506/tools/bin/../lib/gcc/arm-none-eabi/11.3.1/../../../../arm-none-eabi/lib/thumb/v6-m/nofp/libm.a(libm_a-sf_atan.o)
 .rodata.npio2_hw
                0x000000000800b508       0x80 /opt/st/stm32cubeide_1.13.1/plugins/com.st.stm32cube.ide.mcu.externaltools.gnu-tools-for-stm32.11.3.rel1.linux64_1.1.0.202305231506/tools/bin/../lib/gcc/arm-none-eabi/11.3.1/../../../../arm-none-eabi/lib/thumb/v6-m/nofp/libm.a(libm_a-ef_rem_pio2.o)
 .rodata.two_over_pi
                0x000000000800b588      0x318 /opt/st/stm32cubeide_1.13.1/plugins/com.st.stm32cube.ide.mcu.externaltools.gnu-tools-for-stm32.11.3.rel1.linux64_1.1.0.202305231506/tools/bin/../lib/gcc/arm-none-eabi/11.3.1/../../../../arm-none-eabi/lib/thumb/v6-m/nofp/libm.a(libm_a-ef_rem_pio2.o)
 .rodata.PIo2   0x000000000800b8a0       0x2c /opt/st/stm32cubeide_1.13.1/plugins/com.st.stm32cube.ide.mcu.externaltools.gnu-tools-for-stm32.11.3.rel1.linux64_1.1.0.202305231506/tools/bin/../lib/gcc/arm-none-eabi/11.3.1/../../../../arm-none-eabi/lib/thumb/v6-m/nofp/libm.a(libm_a-kf_rem_pio2.o)
 .rodata.init_jk
                0x000000000800b8cc        0xc /opt/st/stm32cubeide_1.13.1/plugins/com.st.stm32cube.ide.mcu.externaltools.gnu-tools-for-stm32.11.3.rel1.linux64_1.1.0.202305231506/tools/bin/../lib/gcc/arm-none-eabi/11.3.1/../../../../arm-none-eabi/lib/thumb/v6-m/nofp/libm.a(libm_a-kf_rem_pio2.o)
                0x000000000800b8d8                . = ALIGN (0x4)

.rel.dyn        0x000000000800b8d8        0x0
 .rel.iplt      0x000000000800b8d8        0x0 /opt/st/stm32cubeide_1.13.1/plugins/com.st.stm32cube.ide.mcu.externaltools.gnu-tools-for-stm32.11.3.rel1.linux64_1.1.0.202305231506/tools/bin/../lib/gcc/arm-none-eabi/11.3.1/thumb/v6-m/nofp/crtbegin.o

.ARM.extab      0x000000000800b8d8        0x0
                0x000000000800b8d8                . = ALIGN (0x4)
 *(.ARM.extab* .gnu.linkonce.armextab.*)
                0x000000000800b8d8                . = ALIGN (0x4)

.ARM            0x000000000800b8d8        0x0
                0x000000000800b8d8                . = ALIGN (0x4)
                0x000000000800b8d8                __exidx_start = .
 *(.ARM.exidx*)
                0x000000000800b8d8                __exidx_end = .
                0x000000000800b8d8                . = ALIGN (0x4)

.preinit_array  0x000000000800b8d8        0x0
                0x000000000800b8d8                . = ALIGN (0x4)
                0x000000000800b8d8                PROVIDE (__preinit_array_start = .)
 *(.preinit_array*)
                0x000000000800b8d8                PROVIDE (__preinit_array_end = .)
                0x000000000800b8d8                . = ALIGN (0x4)

.init_array     0x000000000800b8d8        0x4
                0x000000000800b8d8                . = ALIGN (0x4)
                0x000000000800b8d8                PROVIDE (__init_array_start = .)
 *(SORT_BY_NAME(.init_array.*))
 *(.init_array*)
 .init_array    0x000000000800b8d8        0x4 /opt/st/stm32cubeide_1.13.1/plugins/com.st.stm32cube.ide.mcu.externaltools.gnu-tools-for-stm32.11.3.rel1.linux64_1.1.0.202305231506/tools/bin/../lib/gcc/arm-none-eabi/11.3.1/thumb/v6-m/nofp/crtbegin.o
                0x000000000800b8dc                PROVIDE (__init_array_end = .)
                0x000000000800b8dc                . = ALIGN (0x4)

.fini_array     0x000000000800b8dc        0x4
                0x000000000800b8dc                . = ALIGN (0x4)
                [!provide]                        PROVIDE (__fini_array_start = .)
 *(SORT_BY_NAME(.fini_array.*))
 *(.fini_array*)
 .fini_array    0x000000000800b8dc        0x4 /opt/st/stm32cubeide_1.13.1/plugins/com.st.stm32cube.ide.mcu.externaltools.gnu-tools-for-stm32.11.3.rel1.linux64_1.1.0.202305231506/tools/bin/../lib/gcc/arm-none-eabi/11.3.1/thumb/v6-m/nofp/crtbegin.o
                [!provide]                        PROVIDE (__fini_array_end = .)
                0x000000000800b8e0                . = ALIGN (0x4)
                0x000000000800b8e0                _sidata = LOADADDR (.data)

.data           0x0000000020000000       0x68 load address 0x000000000800b8e0
                0x0000000020000000                . = ALIGN (0x4)
                0x0000000020000000                _sdata = .
 *(.data)
 *(.data*)
 .data.tx_buffer_ready
                0x0000000020000000        0x1 ./Core/Src/nrf.o
                0x0000000020000000                tx_buffer_ready
 *fill*         0x0000000020000001        0x3 
 .data.SystemCoreClock
                0x0000000020000004        0x4 ./Core/Src/system_stm32g0xx.o
                0x0000000020000004                SystemCoreClock
 .data.uwTickPrio
                0x0000000020000008        0x4 ./Drivers/STM32G0xx_HAL_Driver/Src/stm32g0xx_hal.o
                0x0000000020000008                uwTickPrio
 .data.uwTickFreq
                0x000000002000000c        0x1 ./Drivers/STM32G0xx_HAL_Driver/Src/stm32g0xx_hal.o
                0x000000002000000c                uwTickFreq
 *fill*         0x000000002000000d        0x3 
 .data._impure_data
                0x0000000020000010       0x4c /opt/st/stm32cubeide_1.13.1/plugins/com.st.stm32cube.ide.mcu.externaltools.gnu-tools-for-stm32.11.3.rel1.linux64_1.1.0.202305231506/tools/bin/../lib/gcc/arm-none-eabi/11.3.1/../../../../arm-none-eabi/lib/thumb/v6-m/nofp/libc_nano.a(libc_a-impure.o)
                0x0000000020000010                _impure_data
 .data._impure_ptr
                0x000000002000005c        0x4 /opt/st/stm32cubeide_1.13.1/plugins/com.st.stm32cube.ide.mcu.externaltools.gnu-tools-for-stm32.11.3.rel1.linux64_1.1.0.202305231506/tools/bin/../lib/gcc/arm-none-eabi/11.3.1/../../../../arm-none-eabi/lib/thumb/v6-m/nofp/libc_nano.a(libc_a-impure.o)
                0x000000002000005c                _impure_ptr
 .data.one      0x0000000020000060        0x4 /opt/st/stm32cubeide_1.13.1/plugins/com.st.stm32cube.ide.mcu.externaltools.gnu-tools-for-stm32.11.3.rel1.linux64_1.1.0.202305231506/tools/bin/../lib/gcc/arm-none-eabi/11.3.1/../../../../arm-none-eabi/lib/thumb/v6-m/nofp/libm.a(libm_a-ef_sqrt.o)
 .data.tiny     0x0000000020000064        0x4 /opt/st/stm32cubeide_1.13.1/plugins/com.st.stm32cube.ide.mcu.externaltools.gnu-tools-for-stm32.11.3.rel1.linux64_1.1.0.202305231506/tools/bin/../lib/gcc/arm-none-eabi/11.3.1/../../../../arm-none-eabi/lib/thumb/v6-m/nofp/libm.a(libm_a-ef_sqrt.o)
 *(.RamFunc)
 *(.RamFunc*)
                0x0000000020000068                . = ALIGN (0x4)
                0x0000000020000068                _edata = .

.igot.plt       0x0000000020000068        0x0 load address 0x000000000800b948
 .igot.plt      0x0000000020000068        0x0 /opt/st/stm32cubeide_1.13.1/plugins/com.st.stm32cube.ide.mcu.externaltools.gnu-tools-for-stm32.11.3.rel1.linux64_1.1.0.202305231506/tools/bin/../lib/gcc/arm-none-eabi/11.3.1/thumb/v6-m/nofp/crtbegin.o
                0x0000000020000068                . = ALIGN (0x4)

.bss            0x0000000020000068      0x4c0 load address 0x000000000800b948
                0x0000000020000068                _sbss = .
                0x0000000020000068                __bss_start__ = _sbss
 *(.bss)
 .bss           0x0000000020000068       0x1c /opt/st/stm32cubeide_1.13.1/plugins/com.st.stm32cube.ide.mcu.externaltools.gnu-tools-for-stm32.11.3.rel1.linux64_1.1.0.202305231506/tools/bin/../lib/gcc/arm-none-eabi/11.3.1/thumb/v6-m/nofp/crtbegin.o
 *(.bss*)
 .bss.hi2c1     0x0000000020000084       0x54 ./Core/Src/i2c.o
                0x0000000020000084                hi2c1
 .bss.hi2c2     0x00000000200000d8       0x54 ./Core/Src/i2c.o
                0x00000000200000d8                hi2c2
 .bss.lasers    0x000000002000012c       0x38 ./Core/Src/lasers.o
                0x000000002000012c                lasers
 .bss.laser_values
                0x0000000020000164        0xe ./Core/Src/main.o
                0x0000000020000164                laser_values
 .bss.initialized
                0x0000000020000172        0x1 ./Core/Src/main.o
                0x0000000020000172                initialized
 *fill*         0x0000000020000173        0x1 
 .bss.laser_offsets
                0x0000000020000174        0x7 ./Core/Src/main.o
                0x0000000020000174                laser_offsets
 .bss.auto_mode
                0x000000002000017b        0x1 ./Core/Src/main.o
                0x000000002000017b                auto_mode
 .bss.followed_wall
                0x000000002000017c        0x1 ./Core/Src/main.o
                0x000000002000017c                followed_wall
 .bss.hbridge_type
                0x000000002000017d        0x1 ./Core/Src/motor.o
                0x000000002000017d                hbridge_type
 .bss.motor_inverted
                0x000000002000017e        0x1 ./Core/Src/motor.o
                0x000000002000017e                motor_inverted
 .bss.last_speed
                0x000000002000017f        0x1 ./Core/Src/motor.o
                0x000000002000017f                last_speed
 .bss.boost_time
                0x0000000020000180        0x4 ./Core/Src/motor.o
                0x0000000020000180                boost_time
 .bss.rx_buffer
                0x0000000020000184       0x10 ./Core/Src/nrf.o
                0x0000000020000184                rx_buffer
 .bss.rx_buffer_ready
                0x0000000020000194        0x1 ./Core/Src/nrf.o
                0x0000000020000194                rx_buffer_ready
 *fill*         0x0000000020000195        0x3 
 .bss.tx_buffer
                0x0000000020000198       0x10 ./Core/Src/nrf.o
                0x0000000020000198                tx_buffer
 .bss.last_heartbeat_time
                0x00000000200001a8        0x4 ./Core/Src/nrf.o
                0x00000000200001a8                last_heartbeat_time
 .bss.timeout_duration
                0x00000000200001ac        0x4 ./Core/Src/nrf.o
                0x00000000200001ac                timeout_duration
 .bss.lmax      0x00000000200001b0        0x4 ./Core/Src/servo.o
                0x00000000200001b0                lmax
 .bss.rmax      0x00000000200001b4        0x4 ./Core/Src/servo.o
                0x00000000200001b4                rmax
 .bss.mid       0x00000000200001b8        0x4 ./Core/Src/servo.o
                0x00000000200001b8                mid
 .bss.invert    0x00000000200001bc        0x1 ./Core/Src/servo.o
                0x00000000200001bc                invert
 *fill*         0x00000000200001bd        0x3 
 .bss.htim3     0x00000000200001c0       0x4c ./Core/Src/tim.o
                0x00000000200001c0                htim3
 .bss.htim14    0x000000002000020c       0x4c ./Core/Src/tim.o
                0x000000002000020c                htim14
 .bss.huart1    0x0000000020000258       0x94 ./Core/Src/usart.o
                0x0000000020000258                huart1
 .bss.huart2    0x00000000200002ec       0x94 ./Core/Src/usart.o
                0x00000000200002ec                huart2
 .bss.hdma_usart2_rx
                0x0000000020000380       0x5c ./Core/Src/usart.o
                0x0000000020000380                hdma_usart2_rx
 .bss.escaping  0x00000000200003dc        0x1 ./Core/Src/wall_follow.o
                0x00000000200003dc                escaping
 .bss.auto_speed
                0x00000000200003dd        0x1 ./Core/Src/wall_follow.o
                0x00000000200003dd                auto_speed
 .bss.max_laser_distance
                0x00000000200003de        0x2 ./Core/Src/wall_follow.o
                0x00000000200003de                max_laser_distance
 .bss.min_laser_distance
                0x00000000200003e0        0x2 ./Core/Src/wall_follow.o
                0x00000000200003e0                min_laser_distance
 .bss.target_wall_distance
                0x00000000200003e2        0x2 ./Core/Src/wall_follow.o
                0x00000000200003e2                target_wall_distance
 .bss.target_circle_radius
                0x00000000200003e4        0x2 ./Core/Src/wall_follow.o
                0x00000000200003e4                target_circle_radius
 .bss.laser_count
                0x00000000200003e6        0x1 ./Core/Src/wall_follow.o
                0x00000000200003e6                laser_count
 *fill*         0x00000000200003e7        0x1 
 .bss.steering_sensitivity
                0x00000000200003e8        0x4 ./Core/Src/wall_follow.o
                0x00000000200003e8                steering_sensitivity
 .bss.uwTick    0x00000000200003ec        0x4 ./Drivers/STM32G0xx_HAL_Driver/Src/stm32g0xx_hal.o
                0x00000000200003ec                uwTick
 .bss.__sf      0x00000000200003f0      0x138 /opt/st/stm32cubeide_1.13.1/plugins/com.st.stm32cube.ide.mcu.externaltools.gnu-tools-for-stm32.11.3.rel1.linux64_1.1.0.202305231506/tools/bin/../lib/gcc/arm-none-eabi/11.3.1/../../../../arm-none-eabi/lib/thumb/v6-m/nofp/libc_nano.a(libc_a-findfp.o)
                0x00000000200003f0                __sf
 *(COMMON)
                0x0000000020000528                . = ALIGN (0x4)
                0x0000000020000528                _ebss = .
                0x0000000020000528                __bss_end__ = _ebss

._user_heap_stack
                0x0000000020000528      0x600 load address 0x000000000800b948
                0x0000000020000528                . = ALIGN (0x8)
                [!provide]                        PROVIDE (end = .)
                0x0000000020000528                PROVIDE (_end = .)
                0x0000000020000728                . = (. + _Min_Heap_Size)
 *fill*         0x0000000020000528      0x200 
                0x0000000020000b28                . = (. + _Min_Stack_Size)
 *fill*         0x0000000020000728      0x400 
                0x0000000020000b28                . = ALIGN (0x8)

/DISCARD/
 libc.a(*)
 libm.a(*)
 libgcc.a(*)

.ARM.attributes
                0x0000000000000000       0x28
 *(.ARM.attributes)
 .ARM.attributes
                0x0000000000000000       0x1e /opt/st/stm32cubeide_1.13.1/plugins/com.st.stm32cube.ide.mcu.externaltools.gnu-tools-for-stm32.11.3.rel1.linux64_1.1.0.202305231506/tools/bin/../lib/gcc/arm-none-eabi/11.3.1/thumb/v6-m/nofp/crti.o
 .ARM.attributes
                0x000000000000001e       0x2c /opt/st/stm32cubeide_1.13.1/plugins/com.st.stm32cube.ide.mcu.externaltools.gnu-tools-for-stm32.11.3.rel1.linux64_1.1.0.202305231506/tools/bin/../lib/gcc/arm-none-eabi/11.3.1/thumb/v6-m/nofp/crtbegin.o
 .ARM.attributes
                0x000000000000004a       0x2c ./Core/Src/VL53L0X.o
 .ARM.attributes
                0x0000000000000076       0x2c ./Core/Src/dma.o
 .ARM.attributes
                0x00000000000000a2       0x2c ./Core/Src/gpio.o
 .ARM.attributes
                0x00000000000000ce       0x2c ./Core/Src/i2c.o
 .ARM.attributes
                0x00000000000000fa       0x2c ./Core/Src/lasers.o
 .ARM.attributes
                0x0000000000000126       0x2c ./Core/Src/main.o
 .ARM.attributes
                0x0000000000000152       0x2c ./Core/Src/motor.o
 .ARM.attributes
                0x000000000000017e       0x2c ./Core/Src/nrf.o
 .ARM.attributes
                0x00000000000001aa       0x2c ./Core/Src/servo.o
 .ARM.attributes
                0x00000000000001d6       0x2c ./Core/Src/stm32g0xx_hal_msp.o
 .ARM.attributes
                0x0000000000000202       0x2c ./Core/Src/stm32g0xx_it.o
 .ARM.attributes
                0x000000000000022e       0x2c ./Core/Src/system_stm32g0xx.o
 .ARM.attributes
                0x000000000000025a       0x2c ./Core/Src/tim.o
 .ARM.attributes
                0x0000000000000286       0x2c ./Core/Src/usart.o
 .ARM.attributes
                0x00000000000002b2       0x2c ./Core/Src/utils.o
 .ARM.attributes
                0x00000000000002de       0x2c ./Core/Src/wall_follow.o
 .ARM.attributes
                0x000000000000030a       0x22 ./Core/Startup/startup_stm32g030c8tx.o
 .ARM.attributes
                0x000000000000032c       0x2c ./Drivers/STM32G0xx_HAL_Driver/Src/stm32g0xx_hal.o
 .ARM.attributes
                0x0000000000000358       0x2c ./Drivers/STM32G0xx_HAL_Driver/Src/stm32g0xx_hal_cortex.o
 .ARM.attributes
                0x0000000000000384       0x2c ./Drivers/STM32G0xx_HAL_Driver/Src/stm32g0xx_hal_dma.o
 .ARM.attributes
                0x00000000000003b0       0x2c ./Drivers/STM32G0xx_HAL_Driver/Src/stm32g0xx_hal_gpio.o
 .ARM.attributes
                0x00000000000003dc       0x2c ./Drivers/STM32G0xx_HAL_Driver/Src/stm32g0xx_hal_i2c.o
 .ARM.attributes
                0x0000000000000408       0x2c ./Drivers/STM32G0xx_HAL_Driver/Src/stm32g0xx_hal_i2c_ex.o
 .ARM.attributes
                0x0000000000000434       0x2c ./Drivers/STM32G0xx_HAL_Driver/Src/stm32g0xx_hal_pwr_ex.o
 .ARM.attributes
                0x0000000000000460       0x2c ./Drivers/STM32G0xx_HAL_Driver/Src/stm32g0xx_hal_rcc.o
 .ARM.attributes
                0x000000000000048c       0x2c ./Drivers/STM32G0xx_HAL_Driver/Src/stm32g0xx_hal_rcc_ex.o
 .ARM.attributes
                0x00000000000004b8       0x2c ./Drivers/STM32G0xx_HAL_Driver/Src/stm32g0xx_hal_tim.o
 .ARM.attributes
                0x00000000000004e4       0x2c ./Drivers/STM32G0xx_HAL_Driver/Src/stm32g0xx_hal_tim_ex.o
 .ARM.attributes
                0x0000000000000510       0x2c ./Drivers/STM32G0xx_HAL_Driver/Src/stm32g0xx_hal_uart.o
 .ARM.attributes
                0x000000000000053c       0x2c ./Drivers/STM32G0xx_HAL_Driver/Src/stm32g0xx_hal_uart_ex.o
 .ARM.attributes
                0x0000000000000568       0x2c /opt/st/stm32cubeide_1.13.1/plugins/com.st.stm32cube.ide.mcu.externaltools.gnu-tools-for-stm32.11.3.rel1.linux64_1.1.0.202305231506/tools/bin/../lib/gcc/arm-none-eabi/11.3.1/../../../../arm-none-eabi/lib/thumb/v6-m/nofp/libc_nano.a(libc_a-findfp.o)
 .ARM.attributes
                0x0000000000000594       0x2c /opt/st/stm32cubeide_1.13.1/plugins/com.st.stm32cube.ide.mcu.externaltools.gnu-tools-for-stm32.11.3.rel1.linux64_1.1.0.202305231506/tools/bin/../lib/gcc/arm-none-eabi/11.3.1/../../../../arm-none-eabi/lib/thumb/v6-m/nofp/libc_nano.a(libc_a-memset.o)
 .ARM.attributes
                0x00000000000005c0       0x2c /opt/st/stm32cubeide_1.13.1/plugins/com.st.stm32cube.ide.mcu.externaltools.gnu-tools-for-stm32.11.3.rel1.linux64_1.1.0.202305231506/tools/bin/../lib/gcc/arm-none-eabi/11.3.1/../../../../arm-none-eabi/lib/thumb/v6-m/nofp/libc_nano.a(libc_a-impure.o)
 .ARM.attributes
                0x00000000000005ec       0x2c /opt/st/stm32cubeide_1.13.1/plugins/com.st.stm32cube.ide.mcu.externaltools.gnu-tools-for-stm32.11.3.rel1.linux64_1.1.0.202305231506/tools/bin/../lib/gcc/arm-none-eabi/11.3.1/../../../../arm-none-eabi/lib/thumb/v6-m/nofp/libc_nano.a(libc_a-errno.o)
 .ARM.attributes
                0x0000000000000618       0x2c /opt/st/stm32cubeide_1.13.1/plugins/com.st.stm32cube.ide.mcu.externaltools.gnu-tools-for-stm32.11.3.rel1.linux64_1.1.0.202305231506/tools/bin/../lib/gcc/arm-none-eabi/11.3.1/../../../../arm-none-eabi/lib/thumb/v6-m/nofp/libc_nano.a(libc_a-init.o)
 .ARM.attributes
                0x0000000000000644       0x2c /opt/st/stm32cubeide_1.13.1/plugins/com.st.stm32cube.ide.mcu.externaltools.gnu-tools-for-stm32.11.3.rel1.linux64_1.1.0.202305231506/tools/bin/../lib/gcc/arm-none-eabi/11.3.1/../../../../arm-none-eabi/lib/thumb/v6-m/nofp/libc_nano.a(libc_a-memcpy-stub.o)
 .ARM.attributes
                0x0000000000000670       0x2c /opt/st/stm32cubeide_1.13.1/plugins/com.st.stm32cube.ide.mcu.externaltools.gnu-tools-for-stm32.11.3.rel1.linux64_1.1.0.202305231506/tools/bin/../lib/gcc/arm-none-eabi/11.3.1/../../../../arm-none-eabi/lib/thumb/v6-m/nofp/libm.a(libm_a-wf_sqrt.o)
 .ARM.attributes
                0x000000000000069c       0x2c /opt/st/stm32cubeide_1.13.1/plugins/com.st.stm32cube.ide.mcu.externaltools.gnu-tools-for-stm32.11.3.rel1.linux64_1.1.0.202305231506/tools/bin/../lib/gcc/arm-none-eabi/11.3.1/../../../../arm-none-eabi/lib/thumb/v6-m/nofp/libm.a(libm_a-sf_atan.o)
 .ARM.attributes
                0x00000000000006c8       0x2c /opt/st/stm32cubeide_1.13.1/plugins/com.st.stm32cube.ide.mcu.externaltools.gnu-tools-for-stm32.11.3.rel1.linux64_1.1.0.202305231506/tools/bin/../lib/gcc/arm-none-eabi/11.3.1/../../../../arm-none-eabi/lib/thumb/v6-m/nofp/libm.a(libm_a-sf_cos.o)
 .ARM.attributes
                0x00000000000006f4       0x2c /opt/st/stm32cubeide_1.13.1/plugins/com.st.stm32cube.ide.mcu.externaltools.gnu-tools-for-stm32.11.3.rel1.linux64_1.1.0.202305231506/tools/bin/../lib/gcc/arm-none-eabi/11.3.1/../../../../arm-none-eabi/lib/thumb/v6-m/nofp/libm.a(libm_a-sf_fabs.o)
 .ARM.attributes
                0x0000000000000720       0x2c /opt/st/stm32cubeide_1.13.1/plugins/com.st.stm32cube.ide.mcu.externaltools.gnu-tools-for-stm32.11.3.rel1.linux64_1.1.0.202305231506/tools/bin/../lib/gcc/arm-none-eabi/11.3.1/../../../../arm-none-eabi/lib/thumb/v6-m/nofp/libm.a(libm_a-sf_sin.o)
 .ARM.attributes
                0x000000000000074c       0x2c /opt/st/stm32cubeide_1.13.1/plugins/com.st.stm32cube.ide.mcu.externaltools.gnu-tools-for-stm32.11.3.rel1.linux64_1.1.0.202305231506/tools/bin/../lib/gcc/arm-none-eabi/11.3.1/../../../../arm-none-eabi/lib/thumb/v6-m/nofp/libm.a(libm_a-ef_sqrt.o)
 .ARM.attributes
                0x0000000000000778       0x2c /opt/st/stm32cubeide_1.13.1/plugins/com.st.stm32cube.ide.mcu.externaltools.gnu-tools-for-stm32.11.3.rel1.linux64_1.1.0.202305231506/tools/bin/../lib/gcc/arm-none-eabi/11.3.1/../../../../arm-none-eabi/lib/thumb/v6-m/nofp/libm.a(libm_a-kf_cos.o)
 .ARM.attributes
                0x00000000000007a4       0x2c /opt/st/stm32cubeide_1.13.1/plugins/com.st.stm32cube.ide.mcu.externaltools.gnu-tools-for-stm32.11.3.rel1.linux64_1.1.0.202305231506/tools/bin/../lib/gcc/arm-none-eabi/11.3.1/../../../../arm-none-eabi/lib/thumb/v6-m/nofp/libm.a(libm_a-kf_sin.o)
 .ARM.attributes
                0x00000000000007d0       0x2c /opt/st/stm32cubeide_1.13.1/plugins/com.st.stm32cube.ide.mcu.externaltools.gnu-tools-for-stm32.11.3.rel1.linux64_1.1.0.202305231506/tools/bin/../lib/gcc/arm-none-eabi/11.3.1/../../../../arm-none-eabi/lib/thumb/v6-m/nofp/libm.a(libm_a-ef_rem_pio2.o)
 .ARM.attributes
                0x00000000000007fc       0x2c /opt/st/stm32cubeide_1.13.1/plugins/com.st.stm32cube.ide.mcu.externaltools.gnu-tools-for-stm32.11.3.rel1.linux64_1.1.0.202305231506/tools/bin/../lib/gcc/arm-none-eabi/11.3.1/../../../../arm-none-eabi/lib/thumb/v6-m/nofp/libm.a(libm_a-kf_rem_pio2.o)
 .ARM.attributes
                0x0000000000000828       0x2c /opt/st/stm32cubeide_1.13.1/plugins/com.st.stm32cube.ide.mcu.externaltools.gnu-tools-for-stm32.11.3.rel1.linux64_1.1.0.202305231506/tools/bin/../lib/gcc/arm-none-eabi/11.3.1/../../../../arm-none-eabi/lib/thumb/v6-m/nofp/libm.a(libm_a-sf_scalbn.o)
 .ARM.attributes
                0x0000000000000854       0x2c /opt/st/stm32cubeide_1.13.1/plugins/com.st.stm32cube.ide.mcu.externaltools.gnu-tools-for-stm32.11.3.rel1.linux64_1.1.0.202305231506/tools/bin/../lib/gcc/arm-none-eabi/11.3.1/../../../../arm-none-eabi/lib/thumb/v6-m/nofp/libm.a(libm_a-sf_floor.o)
 .ARM.attributes
                0x0000000000000880       0x1e /opt/st/stm32cubeide_1.13.1/plugins/com.st.stm32cube.ide.mcu.externaltools.gnu-tools-for-stm32.11.3.rel1.linux64_1.1.0.202305231506/tools/bin/../lib/gcc/arm-none-eabi/11.3.1/thumb/v6-m/nofp/libgcc.a(_udivsi3.o)
 .ARM.attributes
                0x000000000000089e       0x1e /opt/st/stm32cubeide_1.13.1/plugins/com.st.stm32cube.ide.mcu.externaltools.gnu-tools-for-stm32.11.3.rel1.linux64_1.1.0.202305231506/tools/bin/../lib/gcc/arm-none-eabi/11.3.1/thumb/v6-m/nofp/libgcc.a(_divsi3.o)
 .ARM.attributes
                0x00000000000008bc       0x1e /opt/st/stm32cubeide_1.13.1/plugins/com.st.stm32cube.ide.mcu.externaltools.gnu-tools-for-stm32.11.3.rel1.linux64_1.1.0.202305231506/tools/bin/../lib/gcc/arm-none-eabi/11.3.1/thumb/v6-m/nofp/libgcc.a(_dvmd_tls.o)
 .ARM.attributes
                0x00000000000008da       0x1e /opt/st/stm32cubeide_1.13.1/plugins/com.st.stm32cube.ide.mcu.externaltools.gnu-tools-for-stm32.11.3.rel1.linux64_1.1.0.202305231506/tools/bin/../lib/gcc/arm-none-eabi/11.3.1/thumb/v6-m/nofp/libgcc.a(_arm_cmpsf2.o)
 .ARM.attributes
                0x00000000000008f8       0x2c /opt/st/stm32cubeide_1.13.1/plugins/com.st.stm32cube.ide.mcu.externaltools.gnu-tools-for-stm32.11.3.rel1.linux64_1.1.0.202305231506/tools/bin/../lib/gcc/arm-none-eabi/11.3.1/thumb/v6-m/nofp/libgcc.a(_fixunssfsi.o)
 .ARM.attributes
                0x0000000000000924       0x2c /opt/st/stm32cubeide_1.13.1/plugins/com.st.stm32cube.ide.mcu.externaltools.gnu-tools-for-stm32.11.3.rel1.linux64_1.1.0.202305231506/tools/bin/../lib/gcc/arm-none-eabi/11.3.1/thumb/v6-m/nofp/libgcc.a(addsf3.o)
 .ARM.attributes
                0x0000000000000950       0x2c /opt/st/stm32cubeide_1.13.1/plugins/com.st.stm32cube.ide.mcu.externaltools.gnu-tools-for-stm32.11.3.rel1.linux64_1.1.0.202305231506/tools/bin/../lib/gcc/arm-none-eabi/11.3.1/thumb/v6-m/nofp/libgcc.a(divsf3.o)
 .ARM.attributes
                0x000000000000097c       0x2c /opt/st/stm32cubeide_1.13.1/plugins/com.st.stm32cube.ide.mcu.externaltools.gnu-tools-for-stm32.11.3.rel1.linux64_1.1.0.202305231506/tools/bin/../lib/gcc/arm-none-eabi/11.3.1/thumb/v6-m/nofp/libgcc.a(eqsf2.o)
 .ARM.attributes
                0x00000000000009a8       0x2c /opt/st/stm32cubeide_1.13.1/plugins/com.st.stm32cube.ide.mcu.externaltools.gnu-tools-for-stm32.11.3.rel1.linux64_1.1.0.202305231506/tools/bin/../lib/gcc/arm-none-eabi/11.3.1/thumb/v6-m/nofp/libgcc.a(gesf2.o)
 .ARM.attributes
                0x00000000000009d4       0x2c /opt/st/stm32cubeide_1.13.1/plugins/com.st.stm32cube.ide.mcu.externaltools.gnu-tools-for-stm32.11.3.rel1.linux64_1.1.0.202305231506/tools/bin/../lib/gcc/arm-none-eabi/11.3.1/thumb/v6-m/nofp/libgcc.a(lesf2.o)
 .ARM.attributes
                0x0000000000000a00       0x2c /opt/st/stm32cubeide_1.13.1/plugins/com.st.stm32cube.ide.mcu.externaltools.gnu-tools-for-stm32.11.3.rel1.linux64_1.1.0.202305231506/tools/bin/../lib/gcc/arm-none-eabi/11.3.1/thumb/v6-m/nofp/libgcc.a(mulsf3.o)
 .ARM.attributes
                0x0000000000000a2c       0x2c /opt/st/stm32cubeide_1.13.1/plugins/com.st.stm32cube.ide.mcu.externaltools.gnu-tools-for-stm32.11.3.rel1.linux64_1.1.0.202305231506/tools/bin/../lib/gcc/arm-none-eabi/11.3.1/thumb/v6-m/nofp/libgcc.a(subsf3.o)
 .ARM.attributes
                0x0000000000000a58       0x2c /opt/st/stm32cubeide_1.13.1/plugins/com.st.stm32cube.ide.mcu.externaltools.gnu-tools-for-stm32.11.3.rel1.linux64_1.1.0.202305231506/tools/bin/../lib/gcc/arm-none-eabi/11.3.1/thumb/v6-m/nofp/libgcc.a(unordsf2.o)
 .ARM.attributes
                0x0000000000000a84       0x2c /opt/st/stm32cubeide_1.13.1/plugins/com.st.stm32cube.ide.mcu.externaltools.gnu-tools-for-stm32.11.3.rel1.linux64_1.1.0.202305231506/tools/bin/../lib/gcc/arm-none-eabi/11.3.1/thumb/v6-m/nofp/libgcc.a(fixsfsi.o)
 .ARM.attributes
                0x0000000000000ab0       0x2c /opt/st/stm32cubeide_1.13.1/plugins/com.st.stm32cube.ide.mcu.externaltools.gnu-tools-for-stm32.11.3.rel1.linux64_1.1.0.202305231506/tools/bin/../lib/gcc/arm-none-eabi/11.3.1/thumb/v6-m/nofp/libgcc.a(floatsisf.o)
 .ARM.attributes
                0x0000000000000adc       0x2c /opt/st/stm32cubeide_1.13.1/plugins/com.st.stm32cube.ide.mcu.externaltools.gnu-tools-for-stm32.11.3.rel1.linux64_1.1.0.202305231506/tools/bin/../lib/gcc/arm-none-eabi/11.3.1/thumb/v6-m/nofp/libgcc.a(floatunsisf.o)
 .ARM.attributes
                0x0000000000000b08       0x1e /opt/st/stm32cubeide_1.13.1/plugins/com.st.stm32cube.ide.mcu.externaltools.gnu-tools-for-stm32.11.3.rel1.linux64_1.1.0.202305231506/tools/bin/../lib/gcc/arm-none-eabi/11.3.1/thumb/v6-m/nofp/libgcc.a(_clzsi2.o)
 .ARM.attributes
                0x0000000000000b26       0x1e /opt/st/stm32cubeide_1.13.1/plugins/com.st.stm32cube.ide.mcu.externaltools.gnu-tools-for-stm32.11.3.rel1.linux64_1.1.0.202305231506/tools/bin/../lib/gcc/arm-none-eabi/11.3.1/thumb/v6-m/nofp/crtn.o
OUTPUT(wall_follower_base.elf elf32-littlearm)
LOAD linker stubs
LOAD /opt/st/stm32cubeide_1.13.1/plugins/com.st.stm32cube.ide.mcu.externaltools.gnu-tools-for-stm32.11.3.rel1.linux64_1.1.0.202305231506/tools/bin/../lib/gcc/arm-none-eabi/11.3.1/../../../../arm-none-eabi/lib/thumb/v6-m/nofp/libc.a
LOAD /opt/st/stm32cubeide_1.13.1/plugins/com.st.stm32cube.ide.mcu.externaltools.gnu-tools-for-stm32.11.3.rel1.linux64_1.1.0.202305231506/tools/bin/../lib/gcc/arm-none-eabi/11.3.1/../../../../arm-none-eabi/lib/thumb/v6-m/nofp/libm.a
LOAD /opt/st/stm32cubeide_1.13.1/plugins/com.st.stm32cube.ide.mcu.externaltools.gnu-tools-for-stm32.11.3.rel1.linux64_1.1.0.202305231506/tools/bin/../lib/gcc/arm-none-eabi/11.3.1/thumb/v6-m/nofp/libgcc.a

.comment        0x0000000000000000       0x43
 .comment       0x0000000000000000       0x43 /opt/st/stm32cubeide_1.13.1/plugins/com.st.stm32cube.ide.mcu.externaltools.gnu-tools-for-stm32.11.3.rel1.linux64_1.1.0.202305231506/tools/bin/../lib/gcc/arm-none-eabi/11.3.1/thumb/v6-m/nofp/crtbegin.o
                                         0x44 (size before relaxing)
 .comment       0x0000000000000043       0x44 ./Core/Src/VL53L0X.o
 .comment       0x0000000000000043       0x44 ./Core/Src/dma.o
 .comment       0x0000000000000043       0x44 ./Core/Src/gpio.o
 .comment       0x0000000000000043       0x44 ./Core/Src/i2c.o
 .comment       0x0000000000000043       0x44 ./Core/Src/lasers.o
 .comment       0x0000000000000043       0x44 ./Core/Src/main.o
 .comment       0x0000000000000043       0x44 ./Core/Src/motor.o
 .comment       0x0000000000000043       0x44 ./Core/Src/nrf.o
 .comment       0x0000000000000043       0x44 ./Core/Src/servo.o
 .comment       0x0000000000000043       0x44 ./Core/Src/stm32g0xx_hal_msp.o
 .comment       0x0000000000000043       0x44 ./Core/Src/stm32g0xx_it.o
 .comment       0x0000000000000043       0x44 ./Core/Src/system_stm32g0xx.o
 .comment       0x0000000000000043       0x44 ./Core/Src/tim.o
 .comment       0x0000000000000043       0x44 ./Core/Src/usart.o
 .comment       0x0000000000000043       0x44 ./Core/Src/utils.o
 .comment       0x0000000000000043       0x44 ./Core/Src/wall_follow.o
 .comment       0x0000000000000043       0x44 ./Drivers/STM32G0xx_HAL_Driver/Src/stm32g0xx_hal.o
 .comment       0x0000000000000043       0x44 ./Drivers/STM32G0xx_HAL_Driver/Src/stm32g0xx_hal_cortex.o
 .comment       0x0000000000000043       0x44 ./Drivers/STM32G0xx_HAL_Driver/Src/stm32g0xx_hal_dma.o
 .comment       0x0000000000000043       0x44 ./Drivers/STM32G0xx_HAL_Driver/Src/stm32g0xx_hal_gpio.o
 .comment       0x0000000000000043       0x44 ./Drivers/STM32G0xx_HAL_Driver/Src/stm32g0xx_hal_i2c.o
 .comment       0x0000000000000043       0x44 ./Drivers/STM32G0xx_HAL_Driver/Src/stm32g0xx_hal_i2c_ex.o
 .comment       0x0000000000000043       0x44 ./Drivers/STM32G0xx_HAL_Driver/Src/stm32g0xx_hal_pwr_ex.o
 .comment       0x0000000000000043       0x44 ./Drivers/STM32G0xx_HAL_Driver/Src/stm32g0xx_hal_rcc.o
 .comment       0x0000000000000043       0x44 ./Drivers/STM32G0xx_HAL_Driver/Src/stm32g0xx_hal_rcc_ex.o
 .comment       0x0000000000000043       0x44 ./Drivers/STM32G0xx_HAL_Driver/Src/stm32g0xx_hal_tim.o
 .comment       0x0000000000000043       0x44 ./Drivers/STM32G0xx_HAL_Driver/Src/stm32g0xx_hal_tim_ex.o
 .comment       0x0000000000000043       0x44 ./Drivers/STM32G0xx_HAL_Driver/Src/stm32g0xx_hal_uart.o
 .comment       0x0000000000000043       0x44 ./Drivers/STM32G0xx_HAL_Driver/Src/stm32g0xx_hal_uart_ex.o

.debug_info     0x0000000000000000    0x18008
 .debug_info    0x0000000000000000     0x13cd ./Core/Src/VL53L0X.o
 .debug_info    0x00000000000013cd      0x335 ./Core/Src/dma.o
 .debug_info    0x0000000000001702      0x3f7 ./Core/Src/gpio.o
 .debug_info    0x0000000000001af9      0xb41 ./Core/Src/i2c.o
 .debug_info    0x000000000000263a      0x9ab ./Core/Src/lasers.o
 .debug_info    0x0000000000002fe5      0x730 ./Core/Src/main.o
 .debug_info    0x0000000000003715      0x9d9 ./Core/Src/motor.o
 .debug_info    0x00000000000040ee      0x9bd ./Core/Src/nrf.o
 .debug_info    0x0000000000004aab      0x906 ./Core/Src/servo.o
 .debug_info    0x00000000000053b1      0x265 ./Core/Src/stm32g0xx_hal_msp.o
 .debug_info    0x0000000000005616      0x804 ./Core/Src/stm32g0xx_it.o
 .debug_info    0x0000000000005e1a      0x316 ./Core/Src/system_stm32g0xx.o
 .debug_info    0x0000000000006130      0xd24 ./Core/Src/tim.o
 .debug_info    0x0000000000006e54      0xd6d ./Core/Src/usart.o
 .debug_info    0x0000000000007bc1      0x1f9 ./Core/Src/utils.o
 .debug_info    0x0000000000007dba      0x66e ./Core/Src/wall_follow.o
 .debug_info    0x0000000000008428       0x23 ./Core/Startup/startup_stm32g030c8tx.o
 .debug_info    0x000000000000844b      0x8f0 ./Drivers/STM32G0xx_HAL_Driver/Src/stm32g0xx_hal.o
 .debug_info    0x0000000000008d3b      0x85d ./Drivers/STM32G0xx_HAL_Driver/Src/stm32g0xx_hal_cortex.o
 .debug_info    0x0000000000009598      0x86b ./Drivers/STM32G0xx_HAL_Driver/Src/stm32g0xx_hal_dma.o
 .debug_info    0x0000000000009e03      0x59d ./Drivers/STM32G0xx_HAL_Driver/Src/stm32g0xx_hal_gpio.o
 .debug_info    0x000000000000a3a0     0x2146 ./Drivers/STM32G0xx_HAL_Driver/Src/stm32g0xx_hal_i2c.o
 .debug_info    0x000000000000c4e6      0x9e5 ./Drivers/STM32G0xx_HAL_Driver/Src/stm32g0xx_hal_i2c_ex.o
 .debug_info    0x000000000000cecb      0x496 ./Drivers/STM32G0xx_HAL_Driver/Src/stm32g0xx_hal_pwr_ex.o
 .debug_info    0x000000000000d361      0xad3 ./Drivers/STM32G0xx_HAL_Driver/Src/stm32g0xx_hal_rcc.o
 .debug_info    0x000000000000de34      0x72b ./Drivers/STM32G0xx_HAL_Driver/Src/stm32g0xx_hal_rcc_ex.o
 .debug_info    0x000000000000e55f     0x2b84 ./Drivers/STM32G0xx_HAL_Driver/Src/stm32g0xx_hal_tim.o
 .debug_info    0x00000000000110e3     0x18b8 ./Drivers/STM32G0xx_HAL_Driver/Src/stm32g0xx_hal_tim_ex.o
 .debug_info    0x000000000001299b     0x46e2 ./Drivers/STM32G0xx_HAL_Driver/Src/stm32g0xx_hal_uart.o
 .debug_info    0x000000000001707d      0xf8b ./Drivers/STM32G0xx_HAL_Driver/Src/stm32g0xx_hal_uart_ex.o

.debug_abbrev   0x0000000000000000     0x3c60
 .debug_abbrev  0x0000000000000000      0x27c ./Core/Src/VL53L0X.o
 .debug_abbrev  0x000000000000027c      0x115 ./Core/Src/dma.o
 .debug_abbrev  0x0000000000000391      0x158 ./Core/Src/gpio.o
 .debug_abbrev  0x00000000000004e9      0x222 ./Core/Src/i2c.o
 .debug_abbrev  0x000000000000070b      0x231 ./Core/Src/lasers.o
 .debug_abbrev  0x000000000000093c      0x26b ./Core/Src/main.o
 .debug_abbrev  0x0000000000000ba7      0x218 ./Core/Src/motor.o
 .debug_abbrev  0x0000000000000dbf      0x27e ./Core/Src/nrf.o
 .debug_abbrev  0x000000000000103d      0x242 ./Core/Src/servo.o
 .debug_abbrev  0x000000000000127f       0xdd ./Core/Src/stm32g0xx_hal_msp.o
 .debug_abbrev  0x000000000000135c      0x1a7 ./Core/Src/stm32g0xx_it.o
 .debug_abbrev  0x0000000000001503      0x119 ./Core/Src/system_stm32g0xx.o
 .debug_abbrev  0x000000000000161c      0x229 ./Core/Src/tim.o
 .debug_abbrev  0x0000000000001845      0x246 ./Core/Src/usart.o
 .debug_abbrev  0x0000000000001a8b       0x9f ./Core/Src/utils.o
 .debug_abbrev  0x0000000000001b2a      0x1ac ./Core/Src/wall_follow.o
 .debug_abbrev  0x0000000000001cd6       0x12 ./Core/Startup/startup_stm32g030c8tx.o
 .debug_abbrev  0x0000000000001ce8      0x2b4 ./Drivers/STM32G0xx_HAL_Driver/Src/stm32g0xx_hal.o
 .debug_abbrev  0x0000000000001f9c      0x2ab ./Drivers/STM32G0xx_HAL_Driver/Src/stm32g0xx_hal_cortex.o
 .debug_abbrev  0x0000000000002247      0x1e1 ./Drivers/STM32G0xx_HAL_Driver/Src/stm32g0xx_hal_dma.o
 .debug_abbrev  0x0000000000002428      0x1c3 ./Drivers/STM32G0xx_HAL_Driver/Src/stm32g0xx_hal_gpio.o
 .debug_abbrev  0x00000000000025eb      0x291 ./Drivers/STM32G0xx_HAL_Driver/Src/stm32g0xx_hal_i2c.o
 .debug_abbrev  0x000000000000287c      0x1ea ./Drivers/STM32G0xx_HAL_Driver/Src/stm32g0xx_hal_i2c_ex.o
 .debug_abbrev  0x0000000000002a66      0x1d7 ./Drivers/STM32G0xx_HAL_Driver/Src/stm32g0xx_hal_pwr_ex.o
 .debug_abbrev  0x0000000000002c3d      0x2a9 ./Drivers/STM32G0xx_HAL_Driver/Src/stm32g0xx_hal_rcc.o
 .debug_abbrev  0x0000000000002ee6      0x229 ./Drivers/STM32G0xx_HAL_Driver/Src/stm32g0xx_hal_rcc_ex.o
 .debug_abbrev  0x000000000000310f      0x29b ./Drivers/STM32G0xx_HAL_Driver/Src/stm32g0xx_hal_tim.o
 .debug_abbrev  0x00000000000033aa      0x2ab ./Drivers/STM32G0xx_HAL_Driver/Src/stm32g0xx_hal_tim_ex.o
 .debug_abbrev  0x0000000000003655      0x326 ./Drivers/STM32G0xx_HAL_Driver/Src/stm32g0xx_hal_uart.o
 .debug_abbrev  0x000000000000397b      0x2e5 ./Drivers/STM32G0xx_HAL_Driver/Src/stm32g0xx_hal_uart_ex.o

.debug_aranges  0x0000000000000000     0x13f8
 .debug_aranges
                0x0000000000000000       0xd8 ./Core/Src/VL53L0X.o
 .debug_aranges
                0x00000000000000d8       0x20 ./Core/Src/dma.o
 .debug_aranges
                0x00000000000000f8       0x20 ./Core/Src/gpio.o
 .debug_aranges
                0x0000000000000118       0x38 ./Core/Src/i2c.o
 .debug_aranges
                0x0000000000000150       0x38 ./Core/Src/lasers.o
 .debug_aranges
                0x0000000000000188       0x38 ./Core/Src/main.o
 .debug_aranges
                0x00000000000001c0       0x30 ./Core/Src/motor.o
 .debug_aranges
                0x00000000000001f0       0x58 ./Core/Src/nrf.o
 .debug_aranges
                0x0000000000000248       0x38 ./Core/Src/servo.o
 .debug_aranges
                0x0000000000000280       0x20 ./Core/Src/stm32g0xx_hal_msp.o
 .debug_aranges
                0x00000000000002a0       0x50 ./Core/Src/stm32g0xx_it.o
 .debug_aranges
                0x00000000000002f0       0x28 ./Core/Src/system_stm32g0xx.o
 .debug_aranges
                0x0000000000000318       0x50 ./Core/Src/tim.o
 .debug_aranges
                0x0000000000000368       0x38 ./Core/Src/usart.o
 .debug_aranges
                0x00000000000003a0       0x40 ./Core/Src/utils.o
 .debug_aranges
                0x00000000000003e0       0x60 ./Core/Src/wall_follow.o
 .debug_aranges
                0x0000000000000440       0x28 ./Core/Startup/startup_stm32g030c8tx.o
 .debug_aranges
                0x0000000000000468      0x100 ./Drivers/STM32G0xx_HAL_Driver/Src/stm32g0xx_hal.o
 .debug_aranges
                0x0000000000000568       0xd8 ./Drivers/STM32G0xx_HAL_Driver/Src/stm32g0xx_hal_cortex.o
 .debug_aranges
                0x0000000000000640       0x90 ./Drivers/STM32G0xx_HAL_Driver/Src/stm32g0xx_hal_dma.o
 .debug_aranges
                0x00000000000006d0       0x60 ./Drivers/STM32G0xx_HAL_Driver/Src/stm32g0xx_hal_gpio.o
 .debug_aranges
                0x0000000000000730      0x2a0 ./Drivers/STM32G0xx_HAL_Driver/Src/stm32g0xx_hal_i2c.o
 .debug_aranges
                0x00000000000009d0       0x48 ./Drivers/STM32G0xx_HAL_Driver/Src/stm32g0xx_hal_i2c_ex.o
 .debug_aranges
                0x0000000000000a18       0x98 ./Drivers/STM32G0xx_HAL_Driver/Src/stm32g0xx_hal_pwr_ex.o
 .debug_aranges
                0x0000000000000ab0       0xa0 ./Drivers/STM32G0xx_HAL_Driver/Src/stm32g0xx_hal_rcc.o
 .debug_aranges
                0x0000000000000b50       0x40 ./Drivers/STM32G0xx_HAL_Driver/Src/stm32g0xx_hal_rcc_ex.o
 .debug_aranges
                0x0000000000000b90      0x3e0 ./Drivers/STM32G0xx_HAL_Driver/Src/stm32g0xx_hal_tim.o
 .debug_aranges
                0x0000000000000f70      0x198 ./Drivers/STM32G0xx_HAL_Driver/Src/stm32g0xx_hal_tim_ex.o
 .debug_aranges
                0x0000000000001108      0x248 ./Drivers/STM32G0xx_HAL_Driver/Src/stm32g0xx_hal_uart.o
 .debug_aranges
                0x0000000000001350       0xa8 ./Drivers/STM32G0xx_HAL_Driver/Src/stm32g0xx_hal_uart_ex.o

.debug_rnglists
                0x0000000000000000      0xf99
 .debug_rnglists
                0x0000000000000000       0xa9 ./Core/Src/VL53L0X.o
 .debug_rnglists
                0x00000000000000a9       0x13 ./Core/Src/dma.o
 .debug_rnglists
                0x00000000000000bc       0x14 ./Core/Src/gpio.o
 .debug_rnglists
                0x00000000000000d0       0x29 ./Core/Src/i2c.o
 .debug_rnglists
                0x00000000000000f9       0x27 ./Core/Src/lasers.o
 .debug_rnglists
                0x0000000000000120       0x28 ./Core/Src/main.o
 .debug_rnglists
                0x0000000000000148       0x20 ./Core/Src/motor.o
 .debug_rnglists
                0x0000000000000168       0x3e ./Core/Src/nrf.o
 .debug_rnglists
                0x00000000000001a6       0x26 ./Core/Src/servo.o
 .debug_rnglists
                0x00000000000001cc       0x13 ./Core/Src/stm32g0xx_hal_msp.o
 .debug_rnglists
                0x00000000000001df       0x37 ./Core/Src/stm32g0xx_it.o
 .debug_rnglists
                0x0000000000000216       0x1a ./Core/Src/system_stm32g0xx.o
 .debug_rnglists
                0x0000000000000230       0x3a ./Core/Src/tim.o
 .debug_rnglists
                0x000000000000026a       0x28 ./Core/Src/usart.o
 .debug_rnglists
                0x0000000000000292       0x2b ./Core/Src/utils.o
 .debug_rnglists
                0x00000000000002bd       0x49 ./Core/Src/wall_follow.o
 .debug_rnglists
                0x0000000000000306       0x19 ./Core/Startup/startup_stm32g030c8tx.o
 .debug_rnglists
                0x000000000000031f       0xbc ./Drivers/STM32G0xx_HAL_Driver/Src/stm32g0xx_hal.o
 .debug_rnglists
                0x00000000000003db       0x9f ./Drivers/STM32G0xx_HAL_Driver/Src/stm32g0xx_hal_cortex.o
 .debug_rnglists
                0x000000000000047a       0x72 ./Drivers/STM32G0xx_HAL_Driver/Src/stm32g0xx_hal_dma.o
 .debug_rnglists
                0x00000000000004ec       0x45 ./Drivers/STM32G0xx_HAL_Driver/Src/stm32g0xx_hal_gpio.o
 .debug_rnglists
                0x0000000000000531      0x226 ./Drivers/STM32G0xx_HAL_Driver/Src/stm32g0xx_hal_i2c.o
 .debug_rnglists
                0x0000000000000757       0x35 ./Drivers/STM32G0xx_HAL_Driver/Src/stm32g0xx_hal_i2c_ex.o
 .debug_rnglists
                0x000000000000078c       0x72 ./Drivers/STM32G0xx_HAL_Driver/Src/stm32g0xx_hal_pwr_ex.o
 .debug_rnglists
                0x00000000000007fe       0x79 ./Drivers/STM32G0xx_HAL_Driver/Src/stm32g0xx_hal_rcc.o
 .debug_rnglists
                0x0000000000000877       0x2f ./Drivers/STM32G0xx_HAL_Driver/Src/stm32g0xx_hal_rcc_ex.o
 .debug_rnglists
                0x00000000000008a6      0x32a ./Drivers/STM32G0xx_HAL_Driver/Src/stm32g0xx_hal_tim.o
 .debug_rnglists
                0x0000000000000bd0      0x14e ./Drivers/STM32G0xx_HAL_Driver/Src/stm32g0xx_hal_tim_ex.o
 .debug_rnglists
                0x0000000000000d1e      0x1fb ./Drivers/STM32G0xx_HAL_Driver/Src/stm32g0xx_hal_uart.o
 .debug_rnglists
                0x0000000000000f19       0x80 ./Drivers/STM32G0xx_HAL_Driver/Src/stm32g0xx_hal_uart_ex.o

.debug_macro    0x0000000000000000    0x17d19
 .debug_macro   0x0000000000000000      0x220 ./Core/Src/VL53L0X.o
 .debug_macro   0x0000000000000220      0xa7e ./Core/Src/VL53L0X.o
 .debug_macro   0x0000000000000c9e      0x123 ./Core/Src/VL53L0X.o
 .debug_macro   0x0000000000000dc1       0x2e ./Core/Src/VL53L0X.o
 .debug_macro   0x0000000000000def       0x28 ./Core/Src/VL53L0X.o