Archive member included to satisfy reference by file (symbol)

c:/st/stm32cubeide_1.11.2/stm32cubeide/plugins/com.st.stm32cube.ide.mcu.externaltools.gnu-tools-for-stm32.10.3-2021.10.win32_1.0.100.202210260954/tools/bin/../lib/gcc/arm-none-eabi/10.3.1/../../../../arm-none-eabi/lib/thumb/v6-m/nofp\libc_nano.a(lib_a-errno.o)
                              ./Core/Src/syscalls.o (__errno)
c:/st/stm32cubeide_1.11.2/stm32cubeide/plugins/com.st.stm32cube.ide.mcu.externaltools.gnu-tools-for-stm32.10.3-2021.10.win32_1.0.100.202210260954/tools/bin/../lib/gcc/arm-none-eabi/10.3.1/../../../../arm-none-eabi/lib/thumb/v6-m/nofp\libc_nano.a(lib_a-exit.o)
                              c:/st/stm32cubeide_1.11.2/stm32cubeide/plugins/com.st.stm32cube.ide.mcu.externaltools.gnu-tools-for-stm32.10.3-2021.10.win32_1.0.100.202210260954/tools/bin/../lib/gcc/arm-none-eabi/10.3.1/../../../../arm-none-eabi/lib/thumb/v6-m/nofp/crt0.o (exit)
c:/st/stm32cubeide_1.11.2/stm32cubeide/plugins/com.st.stm32cube.ide.mcu.externaltools.gnu-tools-for-stm32.10.3-2021.10.win32_1.0.100.202210260954/tools/bin/../lib/gcc/arm-none-eabi/10.3.1/../../../../arm-none-eabi/lib/thumb/v6-m/nofp\libc_nano.a(lib_a-impure.o)
                              c:/st/stm32cubeide_1.11.2/stm32cubeide/plugins/com.st.stm32cube.ide.mcu.externaltools.gnu-tools-for-stm32.10.3-2021.10.win32_1.0.100.202210260954/tools/bin/../lib/gcc/arm-none-eabi/10.3.1/../../../../arm-none-eabi/lib/thumb/v6-m/nofp\libc_nano.a(lib_a-exit.o) (_global_impure_ptr)
c:/st/stm32cubeide_1.11.2/stm32cubeide/plugins/com.st.stm32cube.ide.mcu.externaltools.gnu-tools-for-stm32.10.3-2021.10.win32_1.0.100.202210260954/tools/bin/../lib/gcc/arm-none-eabi/10.3.1/../../../../arm-none-eabi/lib/thumb/v6-m/nofp\libc_nano.a(lib_a-init.o)
                              c:/st/stm32cubeide_1.11.2/stm32cubeide/plugins/com.st.stm32cube.ide.mcu.externaltools.gnu-tools-for-stm32.10.3-2021.10.win32_1.0.100.202210260954/tools/bin/../lib/gcc/arm-none-eabi/10.3.1/../../../../arm-none-eabi/lib/thumb/v6-m/nofp/crt0.o (__libc_init_array)
c:/st/stm32cubeide_1.11.2/stm32cubeide/plugins/com.st.stm32cube.ide.mcu.externaltools.gnu-tools-for-stm32.10.3-2021.10.win32_1.0.100.202210260954/tools/bin/../lib/gcc/arm-none-eabi/10.3.1/../../../../arm-none-eabi/lib/thumb/v6-m/nofp\libc_nano.a(lib_a-memcpy-stub.o)
                              ./Core/Src/main.o (memcpy)
c:/st/stm32cubeide_1.11.2/stm32cubeide/plugins/com.st.stm32cube.ide.mcu.externaltools.gnu-tools-for-stm32.10.3-2021.10.win32_1.0.100.202210260954/tools/bin/../lib/gcc/arm-none-eabi/10.3.1/../../../../arm-none-eabi/lib/thumb/v6-m/nofp\libc_nano.a(lib_a-memset.o)
                              c:/st/stm32cubeide_1.11.2/stm32cubeide/plugins/com.st.stm32cube.ide.mcu.externaltools.gnu-tools-for-stm32.10.3-2021.10.win32_1.0.100.202210260954/tools/bin/../lib/gcc/arm-none-eabi/10.3.1/../../../../arm-none-eabi/lib/thumb/v6-m/nofp/crt0.o (memset)
c:/st/stm32cubeide_1.11.2/stm32cubeide/plugins/com.st.stm32cube.ide.mcu.externaltools.gnu-tools-for-stm32.10.3-2021.10.win32_1.0.100.202210260954/tools/bin/../lib/gcc/arm-none-eabi/10.3.1/../../../../arm-none-eabi/lib/thumb/v6-m/nofp\libm.a(lib_a-sf_atan.o)
                              ./Core/Src/wall_follow.o (atanf)
c:/st/stm32cubeide_1.11.2/stm32cubeide/plugins/com.st.stm32cube.ide.mcu.externaltools.gnu-tools-for-stm32.10.3-2021.10.win32_1.0.100.202210260954/tools/bin/../lib/gcc/arm-none-eabi/10.3.1/../../../../arm-none-eabi/lib/thumb/v6-m/nofp\libm.a(lib_a-sf_cos.o)
                              ./Core/Src/wall_follow.o (cosf)
c:/st/stm32cubeide_1.11.2/stm32cubeide/plugins/com.st.stm32cube.ide.mcu.externaltools.gnu-tools-for-stm32.10.3-2021.10.win32_1.0.100.202210260954/tools/bin/../lib/gcc/arm-none-eabi/10.3.1/../../../../arm-none-eabi/lib/thumb/v6-m/nofp\libm.a(lib_a-sf_fabs.o)
                              c:/st/stm32cubeide_1.11.2/stm32cubeide/plugins/com.st.stm32cube.ide.mcu.externaltools.gnu-tools-for-stm32.10.3-2021.10.win32_1.0.100.202210260954/tools/bin/../lib/gcc/arm-none-eabi/10.3.1/../../../../arm-none-eabi/lib/thumb/v6-m/nofp\libm.a(lib_a-sf_atan.o) (fabsf)
c:/st/stm32cubeide_1.11.2/stm32cubeide/plugins/com.st.stm32cube.ide.mcu.externaltools.gnu-tools-for-stm32.10.3-2021.10.win32_1.0.100.202210260954/tools/bin/../lib/gcc/arm-none-eabi/10.3.1/../../../../arm-none-eabi/lib/thumb/v6-m/nofp\libm.a(lib_a-sf_sin.o)
                              ./Core/Src/wall_follow.o (sinf)
c:/st/stm32cubeide_1.11.2/stm32cubeide/plugins/com.st.stm32cube.ide.mcu.externaltools.gnu-tools-for-stm32.10.3-2021.10.win32_1.0.100.202210260954/tools/bin/../lib/gcc/arm-none-eabi/10.3.1/../../../../arm-none-eabi/lib/thumb/v6-m/nofp\libm.a(lib_a-wf_sqrt.o)
                              ./Core/Src/wall_follow.o (sqrtf)
[...]
Memory Configuration

Name             Origin             Length             Attributes
RAM              0x0000000020000000 0x0000000000002000 xrw
FLASH            0x0000000008000000 0x0000000000010000 xr
*default*        0x0000000000000000 0xffffffffffffffff

Linker script and memory map

LOAD c:/st/stm32cubeide_1.11.2/stm32cubeide/plugins/com.st.stm32cube.ide.mcu.externaltools.gnu-tools-for-stm32.10.3-2021.10.win32_1.0.100.202210260954/tools/bin/../lib/gcc/arm-none-eabi/10.3.1/thumb/v6-m/nofp/crti.o
LOAD c:/st/stm32cubeide_1.11.2/stm32cubeide/plugins/com.st.stm32cube.ide.mcu.externaltools.gnu-tools-for-stm32.10.3-2021.10.win32_1.0.100.202210260954/tools/bin/../lib/gcc/arm-none-eabi/10.3.1/thumb/v6-m/nofp/crtbegin.o
LOAD c:/st/stm32cubeide_1.11.2/stm32cubeide/plugins/com.st.stm32cube.ide.mcu.externaltools.gnu-tools-for-stm32.10.3-2021.10.win32_1.0.100.202210260954/tools/bin/../lib/gcc/arm-none-eabi/10.3.1/../../../../arm-none-eabi/lib/thumb/v6-m/nofp/crt0.o
LOAD ./Core/Src/VL53L0X.o
LOAD ./Core/Src/dma.o
LOAD ./Core/Src/gpio.o
LOAD ./Core/Src/i2c.o
LOAD ./Core/Src/lasers.o
LOAD ./Core/Src/main.o
LOAD ./Core/Src/motor.o
LOAD ./Core/Src/nrf.o
LOAD ./Core/Src/servo.o
LOAD ./Core/Src/stm32g0xx_hal_msp.o
LOAD ./Core/Src/stm32g0xx_it.o
LOAD ./Core/Src/syscalls.o
LOAD ./Core/Src/sysmem.o
LOAD ./Core/Src/system_stm32g0xx.o
LOAD ./Core/Src/tim.o
LOAD ./Core/Src/usart.o
LOAD ./Core/Src/utils.o
LOAD ./Core/Src/wall_follow.o
LOAD ./Core/Startup/startup_stm32g030c8tx.o
LOAD ./Drivers/STM32G0xx_HAL_Driver/Src/stm32g0xx_hal.o
LOAD ./Drivers/STM32G0xx_HAL_Driver/Src/stm32g0xx_hal_cortex.o
LOAD ./Drivers/STM32G0xx_HAL_Driver/Src/stm32g0xx_hal_dma.o
LOAD ./Drivers/STM32G0xx_HAL_Driver/Src/stm32g0xx_hal_dma_ex.o
LOAD ./Drivers/STM32G0xx_HAL_Driver/Src/stm32g0xx_hal_exti.o
LOAD ./Drivers/STM32G0xx_HAL_Driver/Src/stm32g0xx_hal_flash.o
LOAD ./Drivers/STM32G0xx_HAL_Driver/Src/stm32g0xx_hal_flash_ex.o
LOAD ./Drivers/STM32G0xx_HAL_Driver/Src/stm32g0xx_hal_gpio.o
LOAD ./Drivers/STM32G0xx_HAL_Driver/Src/stm32g0xx_hal_i2c.o
LOAD ./Drivers/STM32G0xx_HAL_Driver/Src/stm32g0xx_hal_i2c_ex.o
LOAD ./Drivers/STM32G0xx_HAL_Driver/Src/stm32g0xx_hal_pwr.o
LOAD ./Drivers/STM32G0xx_HAL_Driver/Src/stm32g0xx_hal_pwr_ex.o
LOAD ./Drivers/STM32G0xx_HAL_Driver/Src/stm32g0xx_hal_rcc.o
LOAD ./Drivers/STM32G0xx_HAL_Driver/Src/stm32g0xx_hal_rcc_ex.o
LOAD ./Drivers/STM32G0xx_HAL_Driver/Src/stm32g0xx_hal_tim.o
LOAD ./Drivers/STM32G0xx_HAL_Driver/Src/stm32g0xx_hal_tim_ex.o
LOAD ./Drivers/STM32G0xx_HAL_Driver/Src/stm32g0xx_hal_uart.o
LOAD ./Drivers/STM32G0xx_HAL_Driver/Src/stm32g0xx_hal_uart_ex.o
LOAD ./Drivers/STM32G0xx_HAL_Driver/Src/stm32g0xx_ll_dma.o
LOAD ./Drivers/STM32G0xx_HAL_Driver/Src/stm32g0xx_ll_rcc.o
START GROUP
LOAD c:/st/stm32cubeide_1.11.2/stm32cubeide/plugins/com.st.stm32cube.ide.mcu.externaltools.gnu-tools-for-stm32.10.3-2021.10.win32_1.0.100.202210260954/tools/bin/../lib/gcc/arm-none-eabi/10.3.1/../../../../arm-none-eabi/lib/thumb/v6-m/nofp\libc_nano.a
LOAD c:/st/stm32cubeide_1.11.2/stm32cubeide/plugins/com.st.stm32cube.ide.mcu.externaltools.gnu-tools-for-stm32.10.3-2021.10.win32_1.0.100.202210260954/tools/bin/../lib/gcc/arm-none-eabi/10.3.1/../../../../arm-none-eabi/lib/thumb/v6-m/nofp\libm.a
END GROUP
START GROUP
LOAD c:/st/stm32cubeide_1.11.2/stm32cubeide/plugins/com.st.stm32cube.ide.mcu.externaltools.gnu-tools-for-stm32.10.3-2021.10.win32_1.0.100.202210260954/tools/bin/../lib/gcc/arm-none-eabi/10.3.1/thumb/v6-m/nofp\libgcc.a
LOAD c:/st/stm32cubeide_1.11.2/stm32cubeide/plugins/com.st.stm32cube.ide.mcu.externaltools.gnu-tools-for-stm32.10.3-2021.10.win32_1.0.100.202210260954/tools/bin/../lib/gcc/arm-none-eabi/10.3.1/../../../../arm-none-eabi/lib/thumb/v6-m/nofp\libc_nano.a
END GROUP
START GROUP
LOAD c:/st/stm32cubeide_1.11.2/stm32cubeide/plugins/com.st.stm32cube.ide.mcu.externaltools.gnu-tools-for-stm32.10.3-2021.10.win32_1.0.100.202210260954/tools/bin/../lib/gcc/arm-none-eabi/10.3.1/thumb/v6-m/nofp\libgcc.a
LOAD c:/st/stm32cubeide_1.11.2/stm32cubeide/plugins/com.st.stm32cube.ide.mcu.externaltools.gnu-tools-for-stm32.10.3-2021.10.win32_1.0.100.202210260954/tools/bin/../lib/gcc/arm-none-eabi/10.3.1/../../../../arm-none-eabi/lib/thumb/v6-m/nofp\libc_nano.a
LOAD c:/st/stm32cubeide_1.11.2/stm32cubeide/plugins/com.st.stm32cube.ide.mcu.externaltools.gnu-tools-for-stm32.10.3-2021.10.win32_1.0.100.202210260954/tools/bin/../lib/gcc/arm-none-eabi/10.3.1/../../../../arm-none-eabi/lib/thumb/v6-m/nofp\libnosys.a
END GROUP
START GROUP
LOAD c:/st/stm32cubeide_1.11.2/stm32cubeide/plugins/com.st.stm32cube.ide.mcu.externaltools.gnu-tools-for-stm32.10.3-2021.10.win32_1.0.100.202210260954/tools/bin/../lib/gcc/arm-none-eabi/10.3.1/thumb/v6-m/nofp\libgcc.a
LOAD c:/st/stm32cubeide_1.11.2/stm32cubeide/plugins/com.st.stm32cube.ide.mcu.externaltools.gnu-tools-for-stm32.10.3-2021.10.win32_1.0.100.202210260954/tools/bin/../lib/gcc/arm-none-eabi/10.3.1/../../../../arm-none-eabi/lib/thumb/v6-m/nofp\libc_nano.a
LOAD c:/st/stm32cubeide_1.11.2/stm32cubeide/plugins/com.st.stm32cube.ide.mcu.externaltools.gnu-tools-for-stm32.10.3-2021.10.win32_1.0.100.202210260954/tools/bin/../lib/gcc/arm-none-eabi/10.3.1/../../../../arm-none-eabi/lib/thumb/v6-m/nofp\libnosys.a
END GROUP
LOAD c:/st/stm32cubeide_1.11.2/stm32cubeide/plugins/com.st.stm32cube.ide.mcu.externaltools.gnu-tools-for-stm32.10.3-2021.10.win32_1.0.100.202210260954/tools/bin/../lib/gcc/arm-none-eabi/10.3.1/thumb/v6-m/nofp/crtend.o
LOAD c:/st/stm32cubeide_1.11.2/stm32cubeide/plugins/com.st.stm32cube.ide.mcu.externaltools.gnu-tools-for-stm32.10.3-2021.10.win32_1.0.100.202210260954/tools/bin/../lib/gcc/arm-none-eabi/10.3.1/thumb/v6-m/nofp/crtn.o
                0x0000000020002000                _estack = (ORIGIN (RAM) + LENGTH (RAM))
                0x0000000000000200                _Min_Heap_Size = 0x200
                0x0000000000000400                _Min_Stack_Size = 0x400

.isr_vector     0x0000000008000000       0xb8
                0x0000000008000000                . = ALIGN (0x4)
 *(.isr_vector)
 .isr_vector    0x0000000008000000       0xb8 ./Core/Startup/startup_stm32g030c8tx.o
                0x0000000008000000                g_pfnVectors
                0x00000000080000b8                . = ALIGN (0x4)

.text           0x00000000080000b8     0xb248
                0x00000000080000b8                . = ALIGN (0x4)
 *(.text)
 .text          0x00000000080000b8       0x48 c:/st/stm32cubeide_1.11.2/stm32cubeide/plugins/com.st.stm32cube.ide.mcu.externaltools.gnu-tools-for-stm32.10.3-2021.10.win32_1.0.100.202210260954/tools/bin/../lib/gcc/arm-none-eabi/10.3.1/thumb/v6-m/nofp/crtbegin.o
 .text          0x0000000008000100      0x114 c:/st/stm32cubeide_1.11.2/stm32cubeide/plugins/com.st.stm32cube.ide.mcu.externaltools.gnu-tools-for-stm32.10.3-2021.10.win32_1.0.100.202210260954/tools/bin/../lib/gcc/arm-none-eabi/10.3.1/thumb/v6-m/nofp\libgcc.a(_udivsi3.o)
                0x0000000008000100                __aeabi_uidiv
                0x0000000008000100                __udivsi3
                0x000000000800020c                __aeabi_uidivmod
 .text          0x0000000008000214      0x1d4 c:/st/stm32cubeide_1.11.2/stm32cubeide/plugins/com.st.stm32cube.ide.mcu.externaltools.gnu-tools-for-stm32.10.3-2021.10.win32_1.0.100.202210260954/tools/bin/../lib/gcc/arm-none-eabi/10.3.1/thumb/v6-m/nofp\libgcc.a(_divsi3.o)
                0x0000000008000214                __divsi3
                0x0000000008000214                __aeabi_idiv
                0x00000000080003e0                __aeabi_idivmod
 .text          0x00000000080003e8        0x4 c:/st/stm32cubeide_1.11.2/stm32cubeide/plugins/com.st.stm32cube.ide.mcu.externaltools.gnu-tools-for-stm32.10.3-2021.10.win32_1.0.100.202210260954/tools/bin/../lib/gcc/arm-none-eabi/10.3.1/thumb/v6-m/nofp\libgcc.a(_dvmd_tls.o)
                0x00000000080003e8                __aeabi_idiv0
                0x00000000080003e8                __aeabi_ldiv0
 .text          0x00000000080003ec       0x74 c:/st/stm32cubeide_1.11.2/stm32cubeide/plugins/com.st.stm32cube.ide.mcu.externaltools.gnu-tools-for-stm32.10.3-2021.10.win32_1.0.100.202210260954/tools/bin/../lib/gcc/arm-none-eabi/10.3.1/thumb/v6-m/nofp\libgcc.a(_arm_cmpsf2.o)
                0x00000000080003ec                __aeabi_cfrcmple
                0x00000000080003f4                __aeabi_cfcmpeq
                0x00000000080003f4                __aeabi_cfcmple
                0x0000000008000404                __aeabi_fcmpeq
                0x0000000008000410                __aeabi_fcmplt
                0x0000000008000424                __aeabi_fcmple
                0x0000000008000438                __aeabi_fcmpgt
                0x000000000800044c                __aeabi_fcmpge
 .text          0x0000000008000460       0x30 c:/st/stm32cubeide_1.11.2/stm32cubeide/plugins/com.st.stm32cube.ide.mcu.externaltools.gnu-tools-for-stm32.10.3-2021.10.win32_1.0.100.202210260954/tools/bin/../lib/gcc/arm-none-eabi/10.3.1/thumb/v6-m/nofp\libgcc.a(_fixunssfsi.o)
                0x0000000008000460                __fixunssfsi
                0x0000000008000460                __aeabi_f2uiz
 .text          0x0000000008000490      0x33c c:/st/stm32cubeide_1.11.2/stm32cubeide/plugins/com.st.stm32cube.ide.mcu.externaltools.gnu-tools-for-stm32.10.3-2021.10.win32_1.0.100.202210260954/tools/bin/../lib/gcc/arm-none-eabi/10.3.1/thumb/v6-m/nofp\libgcc.a(addsf3.o)
                0x0000000008000490                __aeabi_fadd
 .text          0x00000000080007cc      0x230 c:/st/stm32cubeide_1.11.2/stm32cubeide/plugins/com.st.stm32cube.ide.mcu.externaltools.gnu-tools-for-stm32.10.3-2021.10.win32_1.0.100.202210260954/tools/bin/../lib/gcc/arm-none-eabi/10.3.1/thumb/v6-m/nofp\libgcc.a(divsf3.o)
                0x00000000080007cc                __aeabi_fdiv
 .text          0x00000000080009fc       0x4c c:/st/stm32cubeide_1.11.2/stm32cubeide/plugins/com.st.stm32cube.ide.mcu.externaltools.gnu-tools-for-stm32.10.3-2021.10.win32_1.0.100.202210260954/tools/bin/../lib/gcc/arm-none-eabi/10.3.1/thumb/v6-m/nofp\libgcc.a(eqsf2.o)
                0x00000000080009fc                __eqsf2
                0x00000000080009fc                __nesf2
 .text          0x0000000008000a48       0x8c c:/st/stm32cubeide_1.11.2/stm32cubeide/plugins/com.st.stm32cube.ide.mcu.externaltools.gnu-tools-for-stm32.10.3-2021.10.win32_1.0.100.202210260954/tools/bin/../lib/gcc/arm-none-eabi/10.3.1/thumb/v6-m/nofp\libgcc.a(gesf2.o)
                0x0000000008000a48                __gesf2
                0x0000000008000a48                __gtsf2
 .text          0x0000000008000ad4       0x88 c:/st/stm32cubeide_1.11.2/stm32cubeide/plugins/com.st.stm32cube.ide.mcu.externaltools.gnu-tools-for-stm32.10.3-2021.10.win32_1.0.100.202210260954/tools/bin/../lib/gcc/arm-none-eabi/10.3.1/thumb/v6-m/nofp\libgcc.a(lesf2.o)
                0x0000000008000ad4                __ltsf2
                0x0000000008000ad4                __lesf2
 .text          0x0000000008000b5c      0x24c c:/st/stm32cubeide_1.11.2/stm32cubeide/plugins/com.st.stm32cube.ide.mcu.externaltools.gnu-tools-for-stm32.10.3-2021.10.win32_1.0.100.202210260954/tools/bin/../lib/gcc/arm-none-eabi/10.3.1/thumb/v6-m/nofp\libgcc.a(mulsf3.o)
                0x0000000008000b5c                __aeabi_fmul
 .text          0x0000000008000da8      0x35c c:/st/stm32cubeide_1.11.2/stm32cubeide/plugins/com.st.stm32cube.ide.mcu.externaltools.gnu-tools-for-stm32.10.3-2021.10.win32_1.0.100.202210260954/tools/bin/../lib/gcc/arm-none-eabi/10.3.1/thumb/v6-m/nofp\libgcc.a(subsf3.o)
                0x0000000008000da8                __aeabi_fsub
 .text          0x0000000008001104       0x2c c:/st/stm32cubeide_1.11.2/stm32cubeide/plugins/com.st.stm32cube.ide.mcu.externaltools.gnu-tools-for-stm32.10.3-2021.10.win32_1.0.100.202210260954/tools/bin/../lib/gcc/arm-none-eabi/10.3.1/thumb/v6-m/nofp\libgcc.a(unordsf2.o)
                0x0000000008001104                __aeabi_fcmpun
 .text          0x0000000008001130       0x40 c:/st/stm32cubeide_1.11.2/stm32cubeide/plugins/com.st.stm32cube.ide.mcu.externaltools.gnu-tools-for-stm32.10.3-2021.10.win32_1.0.100.202210260954/tools/bin/../lib/gcc/arm-none-eabi/10.3.1/thumb/v6-m/nofp\libgcc.a(fixsfsi.o)
                0x0000000008001130                __aeabi_f2iz
 .text          0x0000000008001170       0x9c c:/st/stm32cubeide_1.11.2/stm32cubeide/plugins/com.st.stm32cube.ide.mcu.externaltools.gnu-tools-for-stm32.10.3-2021.10.win32_1.0.100.202210260954/tools/bin/../lib/gcc/arm-none-eabi/10.3.1/thumb/v6-m/nofp\libgcc.a(floatsisf.o)
                0x0000000008001170                __aeabi_i2f
 .text          0x000000000800120c       0x84 c:/st/stm32cubeide_1.11.2/stm32cubeide/plugins/com.st.stm32cube.ide.mcu.externaltools.gnu-tools-for-stm32.10.3-2021.10.win32_1.0.100.202210260954/tools/bin/../lib/gcc/arm-none-eabi/10.3.1/thumb/v6-m/nofp\libgcc.a(floatunsisf.o)
                0x000000000800120c                __aeabi_ui2f
 .text          0x0000000008001290       0x3c c:/st/stm32cubeide_1.11.2/stm32cubeide/plugins/com.st.stm32cube.ide.mcu.externaltools.gnu-tools-for-stm32.10.3-2021.10.win32_1.0.100.202210260954/tools/bin/../lib/gcc/arm-none-eabi/10.3.1/thumb/v6-m/nofp\libgcc.a(_clzsi2.o)
                0x0000000008001290                __clzsi2
 *(.text*)
 .text.reverse_bytes
                0x00000000080012cc       0x88 ./Core/Src/VL53L0X.o
                0x00000000080012cc                reverse_bytes
 .text.laser_write
                0x0000000008001354       0x7a ./Core/Src/VL53L0X.o
                0x0000000008001354                laser_write
 .text.laser_read
                0x00000000080013ce       0x9e ./Core/Src/VL53L0X.o
                0x00000000080013ce                laser_read
 .text.laser_write_u8
                0x000000000800146c       0x30 ./Core/Src/VL53L0X.o
                0x000000000800146c                laser_write_u8
 .text.laser_write_u16
                0x000000000800149c       0x30 ./Core/Src/VL53L0X.o
                0x000000000800149c                laser_write_u16
 .text.laser_read_u8
                0x00000000080014cc       0x2a ./Core/Src/VL53L0X.o
                0x00000000080014cc                laser_read_u8
 .text.laser_read_u16
                0x00000000080014f6       0x2a ./Core/Src/VL53L0X.o
                0x00000000080014f6                laser_read_u16
 .text.laser_calibrate
                0x0000000008001520       0xbc ./Core/Src/VL53L0X.o
                0x0000000008001520                laser_calibrate
 .text.laser_init
                0x00000000080015dc     0x1024 ./Core/Src/VL53L0X.o
                0x00000000080015dc                laser_init
 .text.laser_set_signal_rate
                0x0000000008002600       0x54 ./Core/Src/VL53L0X.o
                0x0000000008002600                laser_set_signal_rate
 .text.laser_get_spad
                0x0000000008002654      0x384 ./Core/Src/VL53L0X.o
                0x0000000008002654                laser_get_spad
 .text.laser_get_seq_en
                0x00000000080029d8       0x8c ./Core/Src/VL53L0X.o
                0x00000000080029d8                laser_get_seq_en
 .text.laser_us_to_mclks
                0x0000000008002a64       0x66 ./Core/Src/VL53L0X.o
                0x0000000008002a64                laser_us_to_mclks
 .text.laser_mclks_to_us
                0x0000000008002aca       0x5e ./Core/Src/VL53L0X.o
                0x0000000008002aca                laser_mclks_to_us
 .text.decodeTimeout
                0x0000000008002b28       0x2c ./Core/Src/VL53L0X.o
                0x0000000008002b28                decodeTimeout
 .text.laser_get_seq_timeouts
                0x0000000008002b54      0x15c ./Core/Src/VL53L0X.o
                0x0000000008002b54                laser_get_seq_timeouts
 .text.laser_get_pulse_period
                0x0000000008002cb0       0x96 ./Core/Src/VL53L0X.o
                0x0000000008002cb0                laser_get_pulse_period
 .text.laser_read_continuous
                0x0000000008002d46       0x80 ./Core/Src/VL53L0X.o
                0x0000000008002d46                laser_read_continuous
 .text.encodeTimeout
                0x0000000008002dc6       0x68 ./Core/Src/VL53L0X.o
                0x0000000008002dc6                encodeTimeout
 *fill*         0x0000000008002e2e        0x2 
 .text.laser_set_timing_budget
                0x0000000008002e30      0x1cc ./Core/Src/VL53L0X.o
                0x0000000008002e30                laser_set_timing_budget
 .text.laser_start_continuous
                0x0000000008002ffc      0x198 ./Core/Src/VL53L0X.o
                0x0000000008002ffc                laser_start_continuous
 .text.laser_set_address
                0x0000000008003194       0x46 ./Core/Src/VL53L0X.o
                0x0000000008003194                laser_set_address
 *fill*         0x00000000080031da        0x2 
 .text.MX_DMA_Init
                0x00000000080031dc       0x3c ./Core/Src/dma.o
                0x00000000080031dc                MX_DMA_Init
 .text.MX_GPIO_Init
                0x0000000008003218      0x110 ./Core/Src/gpio.o
                0x0000000008003218                MX_GPIO_Init
 .text.MX_I2C1_Init
                0x0000000008003328       0x80 ./Core/Src/i2c.o
                0x0000000008003328                MX_I2C1_Init
 .text.MX_I2C2_Init
                0x00000000080033a8       0x80 ./Core/Src/i2c.o
                0x00000000080033a8                MX_I2C2_Init
 .text.HAL_I2C_MspInit
                0x0000000008003428      0x138 ./Core/Src/i2c.o
                0x0000000008003428                HAL_I2C_MspInit
 .text.lasers_offset
                0x0000000008003560       0x92 ./Core/Src/lasers.o
                0x0000000008003560                lasers_offset
 *fill*         0x00000000080035f2        0x2 
 .text.lasers_deinit
                0x00000000080035f4       0x70 ./Core/Src/lasers.o
                0x00000000080035f4                lasers_deinit
 .text.lasers_init
                0x0000000008003664      0x260 ./Core/Src/lasers.o
                0x0000000008003664                lasers_init
 .text.lasers_read
                0x00000000080038c4       0x68 ./Core/Src/lasers.o
                0x00000000080038c4                lasers_read
 .text.main     0x000000000800392c       0xf0 ./Core/Src/main.o
                0x000000000800392c                main
 .text.SystemClock_Config
                0x0000000008003a1c       0x90 ./Core/Src/main.o
                0x0000000008003a1c                SystemClock_Config
 .text.handle_communications
                0x0000000008003aac      0x2fc ./Core/Src/main.o
                0x0000000008003aac                handle_communications
 .text.Error_Handler
                0x0000000008003da8        0xa ./Core/Src/main.o
                0x0000000008003da8                Error_Handler
 *fill*         0x0000000008003db2        0x2 
 .text.motor_init
                0x0000000008003db4       0x74 ./Core/Src/motor.o
                0x0000000008003db4                motor_init
 .text.motor_deinit
                0x0000000008003e28       0x3c ./Core/Src/motor.o
                0x0000000008003e28                motor_deinit
 .text.motor_set_speed
                0x0000000008003e64      0x19c ./Core/Src/motor.o
                0x0000000008003e64                motor_set_speed
 .text.nrf_init
                0x0000000008004000       0x30 ./Core/Src/nrf.o
                0x0000000008004000                nrf_init
 .text.nrf_write
                0x0000000008004030       0x80 ./Core/Src/nrf.o
                0x0000000008004030                nrf_write
 .text.nrf_available
                0x00000000080040b0       0x14 ./Core/Src/nrf.o
                0x00000000080040b0                nrf_available
 .text.nrf_rx_buffer
                0x00000000080040c4       0x1c ./Core/Src/nrf.o
                0x00000000080040c4                nrf_rx_buffer
 .text.HAL_UART_RxCpltCallback
                0x00000000080040e0       0x28 ./Core/Src/nrf.o
                0x00000000080040e0                HAL_UART_RxCpltCallback
 .text.HAL_UART_TxCpltCallback
                0x0000000008004108       0x28 ./Core/Src/nrf.o
                0x0000000008004108                HAL_UART_TxCpltCallback
 .text.nrf_timeout
                0x0000000008004130       0x2c ./Core/Src/nrf.o
                0x0000000008004130                nrf_timeout
 .text.nrf_update_heartbeat
                0x000000000800415c       0x18 ./Core/Src/nrf.o
                0x000000000800415c                nrf_update_heartbeat
 .text.servo_init
                0x0000000008004174       0x60 ./Core/Src/servo.o
                0x0000000008004174                servo_init
 .text.servo_deinit
                0x00000000080041d4       0x1c ./Core/Src/servo.o
                0x00000000080041d4                servo_deinit
 .text.servo_set
                0x00000000080041f0      0x160 ./Core/Src/servo.o
                0x00000000080041f0                servo_set
 .text.HAL_MspInit
                0x0000000008004350       0x48 ./Core/Src/stm32g0xx_hal_msp.o
                0x0000000008004350                HAL_MspInit
 .text.NMI_Handler
                0x0000000008004398        0x6 ./Core/Src/stm32g0xx_it.o
                0x0000000008004398                NMI_Handler
 .text.HardFault_Handler
                0x000000000800439e        0x6 ./Core/Src/stm32g0xx_it.o
                0x000000000800439e                HardFault_Handler
 .text.SVC_Handler
                0x00000000080043a4        0xa ./Core/Src/stm32g0xx_it.o
                0x00000000080043a4                SVC_Handler
 .text.PendSV_Handler
                0x00000000080043ae        0xa ./Core/Src/stm32g0xx_it.o
                0x00000000080043ae                PendSV_Handler
 .text.SysTick_Handler
                0x00000000080043b8        0xe ./Core/Src/stm32g0xx_it.o
                0x00000000080043b8                SysTick_Handler
 *fill*         0x00000000080043c6        0x2 
 .text.DMA1_Channel1_IRQHandler
                0x00000000080043c8       0x18 ./Core/Src/stm32g0xx_it.o
                0x00000000080043c8                DMA1_Channel1_IRQHandler
 .text.USART2_IRQHandler
                0x00000000080043e0       0x18 ./Core/Src/stm32g0xx_it.o
                0x00000000080043e0                USART2_IRQHandler
 .text.SystemInit
                0x00000000080043f8        0xa ./Core/Src/system_stm32g0xx.o
                0x00000000080043f8                SystemInit
 *fill*         0x0000000008004402        0x2 
 .text.MX_TIM3_Init
                0x0000000008004404       0xd8 ./Core/Src/tim.o
                0x0000000008004404                MX_TIM3_Init
 .text.MX_TIM14_Init
                0x00000000080044dc       0xa0 ./Core/Src/tim.o
                0x00000000080044dc                MX_TIM14_Init
 .text.HAL_TIM_PWM_MspInit
                0x000000000800457c       0x3c ./Core/Src/tim.o
                0x000000000800457c                HAL_TIM_PWM_MspInit
 .text.HAL_TIM_Base_MspInit
                0x00000000080045b8       0x40 ./Core/Src/tim.o
                0x00000000080045b8                HAL_TIM_Base_MspInit
 .text.HAL_TIM_MspPostInit
                0x00000000080045f8      0x114 ./Core/Src/tim.o
                0x00000000080045f8                HAL_TIM_MspPostInit
 .text.MX_USART1_UART_Init
                0x000000000800470c       0x9c ./Core/Src/usart.o
                0x000000000800470c                MX_USART1_UART_Init
 .text.MX_USART2_UART_Init
                0x00000000080047a8       0x68 ./Core/Src/usart.o
                0x00000000080047a8                MX_USART2_UART_Init
 .text.HAL_UART_MspInit
                0x0000000008004810      0x1a0 ./Core/Src/usart.o
                0x0000000008004810                HAL_UART_MspInit
 .text.deg2rad  0x00000000080049b0       0x2c ./Core/Src/utils.o
                0x00000000080049b0                deg2rad
 .text.mapf     0x00000000080049dc       0x56 ./Core/Src/utils.o
                0x00000000080049dc                mapf
 .text.clampf   0x0000000008004a32       0x36 ./Core/Src/utils.o
                0x0000000008004a32                clampf
 .text.select_target
                0x0000000008004a68      0x228 ./Core/Src/wall_follow.o
                0x0000000008004a68                select_target
 .text.any_walls_detected
                0x0000000008004c90       0xa8 ./Core/Src/wall_follow.o
                0x0000000008004c90                any_walls_detected
 .text.need_escaping
                0x0000000008004d38       0x70 ./Core/Src/wall_follow.o
                0x0000000008004d38                need_escaping
 .text.widest_laser_pair
                0x0000000008004da8       0x98 ./Core/Src/wall_follow.o
                0x0000000008004da8                widest_laser_pair
 .text.on_single_detection
                0x0000000008004e40       0x50 ./Core/Src/wall_follow.o
                0x0000000008004e40                on_single_detection
 .text.on_multiple_detections
                0x0000000008004e90      0x3a0 ./Core/Src/wall_follow.o
                0x0000000008004e90                on_multiple_detections
 .text.on_escape
                0x0000000008005230       0x54 ./Core/Src/wall_follow.o
                0x0000000008005230                on_escape
 .text.auto_controls
                0x0000000008005284      0x108 ./Core/Src/wall_follow.o
                0x0000000008005284                auto_controls
 .text.auto_controls_init
                0x000000000800538c       0x84 ./Core/Src/wall_follow.o
                0x000000000800538c                auto_controls_init
 .text.Reset_Handler
                0x0000000008005410       0x50 ./Core/Startup/startup_stm32g030c8tx.o
                0x0000000008005410                Reset_Handler
 .text.Default_Handler
                0x0000000008005460        0x2 ./Core/Startup/startup_stm32g030c8tx.o
                0x0000000008005460                TIM1_CC_IRQHandler
                0x0000000008005460                I2C1_IRQHandler
                0x0000000008005460                RTC_TAMP_IRQHandler
                0x0000000008005460                SPI1_IRQHandler
                0x0000000008005460                DMA1_Ch4_5_DMAMUX1_OVR_IRQHandler
                0x0000000008005460                EXTI2_3_IRQHandler
                0x0000000008005460                ADC1_IRQHandler
                0x0000000008005460                I2C2_IRQHandler
                0x0000000008005460                TIM17_IRQHandler
                0x0000000008005460                TIM16_IRQHandler
                0x0000000008005460                TIM3_IRQHandler
                0x0000000008005460                EXTI4_15_IRQHandler
                0x0000000008005460                RCC_IRQHandler
                0x0000000008005460                Default_Handler
                0x0000000008005460                TIM14_IRQHandler
                0x0000000008005460                EXTI0_1_IRQHandler
                0x0000000008005460                SPI2_IRQHandler
                0x0000000008005460                WWDG_IRQHandler
                0x0000000008005460                DMA1_Channel2_3_IRQHandler
                0x0000000008005460                FLASH_IRQHandler
                0x0000000008005460                USART1_IRQHandler
                0x0000000008005460                TIM1_BRK_UP_TRG_COM_IRQHandler
 *fill*         0x0000000008005462        0x2 
 .text.HAL_Init
                0x0000000008005464       0x40 ./Drivers/STM32G0xx_HAL_Driver/Src/stm32g0xx_hal.o
                0x0000000008005464                HAL_Init
 .text.HAL_InitTick
                0x00000000080054a4       0x94 ./Drivers/STM32G0xx_HAL_Driver/Src/stm32g0xx_hal.o
                0x00000000080054a4                HAL_InitTick
 .text.HAL_IncTick
                0x0000000008005538       0x24 ./Drivers/STM32G0xx_HAL_Driver/Src/stm32g0xx_hal.o
                0x0000000008005538                HAL_IncTick
 .text.HAL_GetTick
                0x000000000800555c       0x14 ./Drivers/STM32G0xx_HAL_Driver/Src/stm32g0xx_hal.o
                0x000000000800555c                HAL_GetTick
 .text.HAL_Delay
                0x0000000008005570       0x48 ./Drivers/STM32G0xx_HAL_Driver/Src/stm32g0xx_hal.o
                0x0000000008005570                HAL_Delay
 .text.__NVIC_EnableIRQ
                0x00000000080055b8       0x34 ./Drivers/STM32G0xx_HAL_Driver/Src/stm32g0xx_hal_cortex.o
 .text.__NVIC_SetPriority
                0x00000000080055ec       0xdc ./Drivers/STM32G0xx_HAL_Driver/Src/stm32g0xx_hal_cortex.o
 .text.SysTick_Config
                0x00000000080056c8       0x48 ./Drivers/STM32G0xx_HAL_Driver/Src/stm32g0xx_hal_cortex.o
 .text.HAL_NVIC_SetPriority
                0x0000000008005710       0x2a ./Drivers/STM32G0xx_HAL_Driver/Src/stm32g0xx_hal_cortex.o
                0x0000000008005710                HAL_NVIC_SetPriority
 .text.HAL_NVIC_EnableIRQ
                0x000000000800573a       0x20 ./Drivers/STM32G0xx_HAL_Driver/Src/stm32g0xx_hal_cortex.o
                0x000000000800573a                HAL_NVIC_EnableIRQ
 .text.HAL_SYSTICK_Config
                0x000000000800575a       0x1a ./Drivers/STM32G0xx_HAL_Driver/Src/stm32g0xx_hal_cortex.o
                0x000000000800575a                HAL_SYSTICK_Config
 .text.HAL_DMA_Init
                0x0000000008005774      0x114 ./Drivers/STM32G0xx_HAL_Driver/Src/stm32g0xx_hal_dma.o
                0x0000000008005774                HAL_DMA_Init
 .text.HAL_DMA_Start_IT
                0x0000000008005888      0x10c ./Drivers/STM32G0xx_HAL_Driver/Src/stm32g0xx_hal_dma.o
                0x0000000008005888                HAL_DMA_Start_IT
 .text.HAL_DMA_Abort
                0x0000000008005994       0xc4 ./Drivers/STM32G0xx_HAL_Driver/Src/stm32g0xx_hal_dma.o
                0x0000000008005994                HAL_DMA_Abort
 .text.HAL_DMA_Abort_IT
                0x0000000008005a58       0xd4 ./Drivers/STM32G0xx_HAL_Driver/Src/stm32g0xx_hal_dma.o
                0x0000000008005a58                HAL_DMA_Abort_IT
 .text.HAL_DMA_IRQHandler
                0x0000000008005b2c      0x164 ./Drivers/STM32G0xx_HAL_Driver/Src/stm32g0xx_hal_dma.o
                0x0000000008005b2c                HAL_DMA_IRQHandler
 .text.DMA_SetConfig
                0x0000000008005c90       0x80 ./Drivers/STM32G0xx_HAL_Driver/Src/stm32g0xx_hal_dma.o
 .text.DMA_CalcDMAMUXChannelBaseAndMask
                0x0000000008005d10       0x58 ./Drivers/STM32G0xx_HAL_Driver/Src/stm32g0xx_hal_dma.o
 .text.DMA_CalcDMAMUXRequestGenBaseAndMask
                0x0000000008005d68       0x48 ./Drivers/STM32G0xx_HAL_Driver/Src/stm32g0xx_hal_dma.o
 .text.HAL_GPIO_Init
                0x0000000008005db0      0x2c8 ./Drivers/STM32G0xx_HAL_Driver/Src/stm32g0xx_hal_gpio.o
                0x0000000008005db0                HAL_GPIO_Init
 .text.HAL_GPIO_WritePin
                0x0000000008006078       0x3a ./Drivers/STM32G0xx_HAL_Driver/Src/stm32g0xx_hal_gpio.o
                0x0000000008006078                HAL_GPIO_WritePin
 *fill*         0x00000000080060b2        0x2 
 .text.HAL_I2C_Init
                0x00000000080060b4      0x12c ./Drivers/STM32G0xx_HAL_Driver/Src/stm32g0xx_hal_i2c.o
                0x00000000080060b4                HAL_I2C_Init
 .text.HAL_I2C_Master_Transmit
                0x00000000080061e0      0x210 ./Drivers/STM32G0xx_HAL_Driver/Src/stm32g0xx_hal_i2c.o
                0x00000000080061e0                HAL_I2C_Master_Transmit
 .text.HAL_I2C_Master_Receive
                0x00000000080063f0      0x210 ./Drivers/STM32G0xx_HAL_Driver/Src/stm32g0xx_hal_i2c.o
                0x00000000080063f0                HAL_I2C_Master_Receive
 .text.HAL_I2C_Mem_Write
                0x0000000008006600      0x25c ./Drivers/STM32G0xx_HAL_Driver/Src/stm32g0xx_hal_i2c.o
                0x0000000008006600                HAL_I2C_Mem_Write
 .text.I2C_RequestMemoryWrite
                0x000000000800685c       0xc8 ./Drivers/STM32G0xx_HAL_Driver/Src/stm32g0xx_hal_i2c.o
 .text.I2C_Flush_TXDR
                0x0000000008006924       0x44 ./Drivers/STM32G0xx_HAL_Driver/Src/stm32g0xx_hal_i2c.o
 .text.I2C_WaitOnFlagUntilTimeout
                0x0000000008006968       0x7e ./Drivers/STM32G0xx_HAL_Driver/Src/stm32g0xx_hal_i2c.o
 .text.I2C_WaitOnTXISFlagUntilTimeout
                0x00000000080069e6       0x7e ./Drivers/STM32G0xx_HAL_Driver/Src/stm32g0xx_hal_i2c.o
 .text.I2C_WaitOnSTOPFlagUntilTimeout
                0x0000000008006a64       0x78 ./Drivers/STM32G0xx_HAL_Driver/Src/stm32g0xx_hal_i2c.o
 .text.I2C_WaitOnRXNEFlagUntilTimeout
                0x0000000008006adc       0xf4 ./Drivers/STM32G0xx_HAL_Driver/Src/stm32g0xx_hal_i2c.o
 .text.I2C_IsErrorOccurred
                0x0000000008006bd0      0x200 ./Drivers/STM32G0xx_HAL_Driver/Src/stm32g0xx_hal_i2c.o
 .text.I2C_TransferConfig
                0x0000000008006dd0       0x74 ./Drivers/STM32G0xx_HAL_Driver/Src/stm32g0xx_hal_i2c.o
 .text.HAL_I2CEx_ConfigAnalogFilter
                0x0000000008006e44       0x98 ./Drivers/STM32G0xx_HAL_Driver/Src/stm32g0xx_hal_i2c_ex.o
                0x0000000008006e44                HAL_I2CEx_ConfigAnalogFilter
 .text.HAL_I2CEx_ConfigDigitalFilter
                0x0000000008006edc       0x98 ./Drivers/STM32G0xx_HAL_Driver/Src/stm32g0xx_hal_i2c_ex.o
                0x0000000008006edc                HAL_I2CEx_ConfigDigitalFilter
 .text.HAL_PWREx_ControlVoltageScaling
                0x0000000008006f74       0x80 ./Drivers/STM32G0xx_HAL_Driver/Src/stm32g0xx_hal_pwr_ex.o
                0x0000000008006f74                HAL_PWREx_ControlVoltageScaling
 .text.LL_RCC_GetAPB1Prescaler
                0x0000000008006ff4       0x18 ./Drivers/STM32G0xx_HAL_Driver/Src/stm32g0xx_hal_rcc.o
 .text.HAL_RCC_OscConfig
                0x000000000800700c      0x620 ./Drivers/STM32G0xx_HAL_Driver/Src/stm32g0xx_hal_rcc.o
                0x000000000800700c                HAL_RCC_OscConfig
 .text.HAL_RCC_ClockConfig
                0x000000000800762c      0x210 ./Drivers/STM32G0xx_HAL_Driver/Src/stm32g0xx_hal_rcc.o
                0x000000000800762c                HAL_RCC_ClockConfig
 .text.HAL_RCC_GetSysClockFreq
                0x000000000800783c      0x104 ./Drivers/STM32G0xx_HAL_Driver/Src/stm32g0xx_hal_rcc.o
                0x000000000800783c                HAL_RCC_GetSysClockFreq
 .text.HAL_RCC_GetHCLKFreq
                0x0000000008007940       0x14 ./Drivers/STM32G0xx_HAL_Driver/Src/stm32g0xx_hal_rcc.o
                0x0000000008007940                HAL_RCC_GetHCLKFreq
 .text.HAL_RCC_GetPCLK1Freq
                0x0000000008007954       0x2c ./Drivers/STM32G0xx_HAL_Driver/Src/stm32g0xx_hal_rcc.o
                0x0000000008007954                HAL_RCC_GetPCLK1Freq
 .text.HAL_RCCEx_PeriphCLKConfig
                0x0000000008007980      0x24c ./Drivers/STM32G0xx_HAL_Driver/Src/stm32g0xx_hal_rcc_ex.o
                0x0000000008007980                HAL_RCCEx_PeriphCLKConfig
 .text.HAL_TIM_Base_Init
                0x0000000008007bcc       0xb0 ./Drivers/STM32G0xx_HAL_Driver/Src/stm32g0xx_hal_tim.o
                0x0000000008007bcc                HAL_TIM_Base_Init
 .text.HAL_TIM_PWM_Init
                0x0000000008007c7c       0xb0 ./Drivers/STM32G0xx_HAL_Driver/Src/stm32g0xx_hal_tim.o
                0x0000000008007c7c                HAL_TIM_PWM_Init
 .text.HAL_TIM_PWM_Start
                0x0000000008007d2c      0x1b0 ./Drivers/STM32G0xx_HAL_Driver/Src/stm32g0xx_hal_tim.o
                0x0000000008007d2c                HAL_TIM_PWM_Start
 .text.HAL_TIM_PWM_Stop
                0x0000000008007edc      0x10c ./Drivers/STM32G0xx_HAL_Driver/Src/stm32g0xx_hal_tim.o
                0x0000000008007edc                HAL_TIM_PWM_Stop
 .text.HAL_TIM_PWM_ConfigChannel
                0x0000000008007fe8      0x200 ./Drivers/STM32G0xx_HAL_Driver/Src/stm32g0xx_hal_tim.o
                0x0000000008007fe8                HAL_TIM_PWM_ConfigChannel
 .text.TIM_Base_SetConfig
                0x00000000080081e8       0xd8 ./Drivers/STM32G0xx_HAL_Driver/Src/stm32g0xx_hal_tim.o
                0x00000000080081e8                TIM_Base_SetConfig
 .text.TIM_OC1_SetConfig
                0x00000000080082c0      0x100 ./Drivers/STM32G0xx_HAL_Driver/Src/stm32g0xx_hal_tim.o
 .text.TIM_OC2_SetConfig
                0x00000000080083c0       0xfc ./Drivers/STM32G0xx_HAL_Driver/Src/stm32g0xx_hal_tim.o
                0x00000000080083c0                TIM_OC2_SetConfig
 .text.TIM_OC3_SetConfig
                0x00000000080084bc      0x104 ./Drivers/STM32G0xx_HAL_Driver/Src/stm32g0xx_hal_tim.o
 .text.TIM_OC4_SetConfig
                0x00000000080085c0       0xc8 ./Drivers/STM32G0xx_HAL_Driver/Src/stm32g0xx_hal_tim.o
 .text.TIM_OC5_SetConfig
                0x0000000008008688       0xb4 ./Drivers/STM32G0xx_HAL_Driver/Src/stm32g0xx_hal_tim.o
 .text.TIM_OC6_SetConfig
                0x000000000800873c       0xbc ./Drivers/STM32G0xx_HAL_Driver/Src/stm32g0xx_hal_tim.o
 .text.TIM_CCxChannelCmd
                0x00000000080087f8       0x46 ./Drivers/STM32G0xx_HAL_Driver/Src/stm32g0xx_hal_tim.o
                0x00000000080087f8                TIM_CCxChannelCmd
 *fill*         0x000000000800883e        0x2 
 .text.HAL_TIMEx_MasterConfigSynchronization
                0x0000000008008840       0xc4 ./Drivers/STM32G0xx_HAL_Driver/Src/stm32g0xx_hal_tim_ex.o
                0x0000000008008840                HAL_TIMEx_MasterConfigSynchronization
 .text.HAL_UART_Init
                0x0000000008008904       0xac ./Drivers/STM32G0xx_HAL_Driver/Src/stm32g0xx_hal_uart.o
                0x0000000008008904                HAL_UART_Init
 .text.HAL_UART_Transmit_IT
                0x00000000080089b0      0x150 ./Drivers/STM32G0xx_HAL_Driver/Src/stm32g0xx_hal_uart.o
                0x00000000080089b0                HAL_UART_Transmit_IT
 .text.HAL_UART_Receive_DMA
                0x0000000008008b00       0xae ./Drivers/STM32G0xx_HAL_Driver/Src/stm32g0xx_hal_uart.o
                0x0000000008008b00                HAL_UART_Receive_DMA
 *fill*         0x0000000008008bae        0x2 
 .text.HAL_UART_IRQHandler
                0x0000000008008bb0      0x64c ./Drivers/STM32G0xx_HAL_Driver/Src/stm32g0xx_hal_uart.o
                0x0000000008008bb0                HAL_UART_IRQHandler
 .text.HAL_UART_RxHalfCpltCallback
                0x00000000080091fc       0x10 ./Drivers/STM32G0xx_HAL_Driver/Src/stm32g0xx_hal_uart.o
                0x00000000080091fc                HAL_UART_RxHalfCpltCallback
 .text.HAL_UART_ErrorCallback
                0x000000000800920c       0x10 ./Drivers/STM32G0xx_HAL_Driver/Src/stm32g0xx_hal_uart.o
                0x000000000800920c                HAL_UART_ErrorCallback
 .text.HAL_UARTEx_RxEventCallback
                0x000000000800921c       0x16 ./Drivers/STM32G0xx_HAL_Driver/Src/stm32g0xx_hal_uart.o
                0x000000000800921c                HAL_UARTEx_RxEventCallback
 *fill*         0x0000000008009232        0x2 
 .text.UART_SetConfig
                0x0000000008009234      0x2d4 ./Drivers/STM32G0xx_HAL_Driver/Src/stm32g0xx_hal_uart.o
                0x0000000008009234                UART_SetConfig
 .text.UART_AdvFeatureConfig
                0x0000000008009508      0x168 ./Drivers/STM32G0xx_HAL_Driver/Src/stm32g0xx_hal_uart.o
                0x0000000008009508                UART_AdvFeatureConfig
 .text.UART_CheckIdleState
                0x0000000008009670       0x9c ./Drivers/STM32G0xx_HAL_Driver/Src/stm32g0xx_hal_uart.o
                0x0000000008009670                UART_CheckIdleState
 .text.UART_WaitOnFlagUntilTimeout
                0x000000000800970c      0x190 ./Drivers/STM32G0xx_HAL_Driver/Src/stm32g0xx_hal_uart.o
                0x000000000800970c                UART_WaitOnFlagUntilTimeout
 .text.UART_Start_Receive_DMA
                0x000000000800989c      0x14c ./Drivers/STM32G0xx_HAL_Driver/Src/stm32g0xx_hal_uart.o
                0x000000000800989c                UART_Start_Receive_DMA
 .text.UART_EndTxTransfer
                0x00000000080099e8       0x80 ./Drivers/STM32G0xx_HAL_Driver/Src/stm32g0xx_hal_uart.o
 .text.UART_EndRxTransfer
                0x0000000008009a68       0xcc ./Drivers/STM32G0xx_HAL_Driver/Src/stm32g0xx_hal_uart.o
 .text.UART_DMAReceiveCplt
                0x0000000008009b34      0x130 ./Drivers/STM32G0xx_HAL_Driver/Src/stm32g0xx_hal_uart.o
 .text.UART_DMARxHalfCplt
                0x0000000008009c64       0x42 ./Drivers/STM32G0xx_HAL_Driver/Src/stm32g0xx_hal_uart.o
 .text.UART_DMAError
                0x0000000008009ca6       0x86 ./Drivers/STM32G0xx_HAL_Driver/Src/stm32g0xx_hal_uart.o
 .text.UART_DMAAbortOnError
                0x0000000008009d2c       0x2e ./Drivers/STM32G0xx_HAL_Driver/Src/stm32g0xx_hal_uart.o
 .text.UART_TxISR_8BIT
                0x0000000008009d5a       0xb4 ./Drivers/STM32G0xx_HAL_Driver/Src/stm32g0xx_hal_uart.o
 .text.UART_TxISR_16BIT
                0x0000000008009e0e       0xbe ./Drivers/STM32G0xx_HAL_Driver/Src/stm32g0xx_hal_uart.o
 .text.UART_TxISR_8BIT_FIFOEN
                0x0000000008009ecc       0xec ./Drivers/STM32G0xx_HAL_Driver/Src/stm32g0xx_hal_uart.o
 .text.UART_TxISR_16BIT_FIFOEN
                0x0000000008009fb8       0xf4 ./Drivers/STM32G0xx_HAL_Driver/Src/stm32g0xx_hal_uart.o
 .text.UART_EndTransmit_IT
                0x000000000800a0ac       0x58 ./Drivers/STM32G0xx_HAL_Driver/Src/stm32g0xx_hal_uart.o
 .text.HAL_UARTEx_WakeupCallback
                0x000000000800a104       0x10 ./Drivers/STM32G0xx_HAL_Driver/Src/stm32g0xx_hal_uart_ex.o
                0x000000000800a104                HAL_UARTEx_WakeupCallback
 .text.HAL_UARTEx_RxFifoFullCallback
                0x000000000800a114       0x10 ./Drivers/STM32G0xx_HAL_Driver/Src/stm32g0xx_hal_uart_ex.o
                0x000000000800a114                HAL_UARTEx_RxFifoFullCallback
 .text.HAL_UARTEx_TxFifoEmptyCallback
                0x000000000800a124       0x10 ./Drivers/STM32G0xx_HAL_Driver/Src/stm32g0xx_hal_uart_ex.o
                0x000000000800a124                HAL_UARTEx_TxFifoEmptyCallback
 .text.HAL_UARTEx_DisableFifoMode
                0x000000000800a134       0x74 ./Drivers/STM32G0xx_HAL_Driver/Src/stm32g0xx_hal_uart_ex.o
                0x000000000800a134                HAL_UARTEx_DisableFifoMode
 .text.HAL_UARTEx_SetTxFifoThreshold
                0x000000000800a1a8       0x7e ./Drivers/STM32G0xx_HAL_Driver/Src/stm32g0xx_hal_uart_ex.o
                0x000000000800a1a8                HAL_UARTEx_SetTxFifoThreshold
 *fill*         0x000000000800a226        0x2 
 .text.HAL_UARTEx_SetRxFifoThreshold
                0x000000000800a228       0x84 ./Drivers/STM32G0xx_HAL_Driver/Src/stm32g0xx_hal_uart_ex.o
                0x000000000800a228                HAL_UARTEx_SetRxFifoThreshold
 .text.UARTEx_SetNbDataToProcess
                0x000000000800a2ac       0xbc ./Drivers/STM32G0xx_HAL_Driver/Src/stm32g0xx_hal_uart_ex.o
 .text.__errno  0x000000000800a368        0xc c:/st/stm32cubeide_1.11.2/stm32cubeide/plugins/com.st.stm32cube.ide.mcu.externaltools.gnu-tools-for-stm32.10.3-2021.10.win32_1.0.100.202210260954/tools/bin/../lib/gcc/arm-none-eabi/10.3.1/../../../../arm-none-eabi/lib/thumb/v6-m/nofp\libc_nano.a(lib_a-errno.o)
                0x000000000800a368                __errno
 .text.__libc_init_array
                0x000000000800a374       0x48 c:/st/stm32cubeide_1.11.2/stm32cubeide/plugins/com.st.stm32cube.ide.mcu.externaltools.gnu-tools-for-stm32.10.3-2021.10.win32_1.0.100.202210260954/tools/bin/../lib/gcc/arm-none-eabi/10.3.1/../../../../arm-none-eabi/lib/thumb/v6-m/nofp\libc_nano.a(lib_a-init.o)
                0x000000000800a374                __libc_init_array
 .text.memcpy   0x000000000800a3bc       0x12 c:/st/stm32cubeide_1.11.2/stm32cubeide/plugins/com.st.stm32cube.ide.mcu.externaltools.gnu-tools-for-stm32.10.3-2021.10.win32_1.0.100.202210260954/tools/bin/../lib/gcc/arm-none-eabi/10.3.1/../../../../arm-none-eabi/lib/thumb/v6-m/nofp\libc_nano.a(lib_a-memcpy-stub.o)
                0x000000000800a3bc                memcpy
 .text.memset   0x000000000800a3ce       0x10 c:/st/stm32cubeide_1.11.2/stm32cubeide/plugins/com.st.stm32cube.ide.mcu.externaltools.gnu-tools-for-stm32.10.3-2021.10.win32_1.0.100.202210260954/tools/bin/../lib/gcc/arm-none-eabi/10.3.1/../../../../arm-none-eabi/lib/thumb/v6-m/nofp\libc_nano.a(lib_a-memset.o)
                0x000000000800a3ce                memset
 *fill*         0x000000000800a3de        0x2 
 .text.atanf    0x000000000800a3e0      0x220 c:/st/stm32cubeide_1.11.2/stm32cubeide/plugins/com.st.stm32cube.ide.mcu.externaltools.gnu-tools-for-stm32.10.3-2021.10.win32_1.0.100.202210260954/tools/bin/../lib/gcc/arm-none-eabi/10.3.1/../../../../arm-none-eabi/lib/thumb/v6-m/nofp\libm.a(lib_a-sf_atan.o)
                0x000000000800a3e0                atanf
 .text.cosf     0x000000000800a600       0x68 c:/st/stm32cubeide_1.11.2/stm32cubeide/plugins/com.st.stm32cube.ide.mcu.externaltools.gnu-tools-for-stm32.10.3-2021.10.win32_1.0.100.202210260954/tools/bin/../lib/gcc/arm-none-eabi/10.3.1/../../../../arm-none-eabi/lib/thumb/v6-m/nofp\libm.a(lib_a-sf_cos.o)
                0x000000000800a600                cosf
 .text.fabsf    0x000000000800a668        0x6 c:/st/stm32cubeide_1.11.2/stm32cubeide/plugins/com.st.stm32cube.ide.mcu.externaltools.gnu-tools-for-stm32.10.3-2021.10.win32_1.0.100.202210260954/tools/bin/../lib/gcc/arm-none-eabi/10.3.1/../../../../arm-none-eabi/lib/thumb/v6-m/nofp\libm.a(lib_a-sf_fabs.o)
                0x000000000800a668                fabsf
 *fill*         0x000000000800a66e        0x2 
 .text.sinf     0x000000000800a670       0x70 c:/st/stm32cubeide_1.11.2/stm32cubeide/plugins/com.st.stm32cube.ide.mcu.externaltools.gnu-tools-for-stm32.10.3-2021.10.win32_1.0.100.202210260954/tools/bin/../lib/gcc/arm-none-eabi/10.3.1/../../../../arm-none-eabi/lib/thumb/v6-m/nofp\libm.a(lib_a-sf_sin.o)
                0x000000000800a670                sinf
 .text.sqrtf    0x000000000800a6e0       0x38 c:/st/stm32cubeide_1.11.2/stm32cubeide/plugins/com.st.stm32cube.ide.mcu.externaltools.gnu-tools-for-stm32.10.3-2021.10.win32_1.0.100.202210260954/tools/bin/../lib/gcc/arm-none-eabi/10.3.1/../../../../arm-none-eabi/lib/thumb/v6-m/nofp\libm.a(lib_a-wf_sqrt.o)
                0x000000000800a6e0                sqrtf
 .text.__ieee754_rem_pio2f
                0x000000000800a718      0x2b8 c:/st/stm32cubeide_1.11.2/stm32cubeide/plugins/com.st.stm32cube.ide.mcu.externaltools.gnu-tools-for-stm32.10.3-2021.10.win32_1.0.100.202210260954/tools/bin/../lib/gcc/arm-none-eabi/10.3.1/../../../../arm-none-eabi/lib/thumb/v6-m/nofp\libm.a(lib_a-ef_rem_pio2.o)
                0x000000000800a718                __ieee754_rem_pio2f
 .text.__ieee754_sqrtf
                0x000000000800a9d0       0xae c:/st/stm32cubeide_1.11.2/stm32cubeide/plugins/com.st.stm32cube.ide.mcu.externaltools.gnu-tools-for-stm32.10.3-2021.10.win32_1.0.100.202210260954/tools/bin/../lib/gcc/arm-none-eabi/10.3.1/../../../../arm-none-eabi/lib/thumb/v6-m/nofp\libm.a(lib_a-ef_sqrt.o)
                0x000000000800a9d0                __ieee754_sqrtf
 *fill*         0x000000000800aa7e        0x2 
 .text.__kernel_cosf
                0x000000000800aa80      0x100 c:/st/stm32cubeide_1.11.2/stm32cubeide/plugins/com.st.stm32cube.ide.mcu.externaltools.gnu-tools-for-stm32.10.3-2021.10.win32_1.0.100.202210260954/tools/bin/../lib/gcc/arm-none-eabi/10.3.1/../../../../arm-none-eabi/lib/thumb/v6-m/nofp\libm.a(lib_a-kf_cos.o)
                0x000000000800aa80                __kernel_cosf
 .text.__kernel_rem_pio2f
                0x000000000800ab80      0x550 c:/st/stm32cubeide_1.11.2/stm32cubeide/plugins/com.st.stm32cube.ide.mcu.externaltools.gnu-tools-for-stm32.10.3-2021.10.win32_1.0.100.202210260954/tools/bin/../lib/gcc/arm-none-eabi/10.3.1/../../../../arm-none-eabi/lib/thumb/v6-m/nofp\libm.a(lib_a-kf_rem_pio2.o)
                0x000000000800ab80                __kernel_rem_pio2f
 .text.__kernel_sinf
                0x000000000800b0d0       0xe8 c:/st/stm32cubeide_1.11.2/stm32cubeide/plugins/com.st.stm32cube.ide.mcu.externaltools.gnu-tools-for-stm32.10.3-2021.10.win32_1.0.100.202210260954/tools/bin/../lib/gcc/arm-none-eabi/10.3.1/../../../../arm-none-eabi/lib/thumb/v6-m/nofp\libm.a(lib_a-kf_sin.o)
                0x000000000800b0d0                __kernel_sinf
 .text.floorf   0x000000000800b1b8       0x7c c:/st/stm32cubeide_1.11.2/stm32cubeide/plugins/com.st.stm32cube.ide.mcu.externaltools.gnu-tools-for-stm32.10.3-2021.10.win32_1.0.100.202210260954/tools/bin/../lib/gcc/arm-none-eabi/10.3.1/../../../../arm-none-eabi/lib/thumb/v6-m/nofp\libm.a(lib_a-sf_floor.o)
                0x000000000800b1b8                floorf
 .text.scalbnf  0x000000000800b234       0xb4 c:/st/stm32cubeide_1.11.2/stm32cubeide/plugins/com.st.stm32cube.ide.mcu.externaltools.gnu-tools-for-stm32.10.3-2021.10.win32_1.0.100.202210260954/tools/bin/../lib/gcc/arm-none-eabi/10.3.1/../../../../arm-none-eabi/lib/thumb/v6-m/nofp\libm.a(lib_a-sf_scalbn.o)
                0x000000000800b234                scalbnf
 *(.glue_7)
 .glue_7        0x000000000800b2e8        0x0 linker stubs
 *(.glue_7t)
 .glue_7t       0x000000000800b2e8        0x0 linker stubs
 *(.eh_frame)
 .eh_frame      0x000000000800b2e8        0x0 c:/st/stm32cubeide_1.11.2/stm32cubeide/plugins/com.st.stm32cube.ide.mcu.externaltools.gnu-tools-for-stm32.10.3-2021.10.win32_1.0.100.202210260954/tools/bin/../lib/gcc/arm-none-eabi/10.3.1/thumb/v6-m/nofp/crtbegin.o
 *(.init)
 .init          0x000000000800b2e8        0x4 c:/st/stm32cubeide_1.11.2/stm32cubeide/plugins/com.st.stm32cube.ide.mcu.externaltools.gnu-tools-for-stm32.10.3-2021.10.win32_1.0.100.202210260954/tools/bin/../lib/gcc/arm-none-eabi/10.3.1/thumb/v6-m/nofp/crti.o
                0x000000000800b2e8                _init
 .init          0x000000000800b2ec        0x8 c:/st/stm32cubeide_1.11.2/stm32cubeide/plugins/com.st.stm32cube.ide.mcu.externaltools.gnu-tools-for-stm32.10.3-2021.10.win32_1.0.100.202210260954/tools/bin/../lib/gcc/arm-none-eabi/10.3.1/thumb/v6-m/nofp/crtn.o
 *(.fini)
 .fini          0x000000000800b2f4        0x4 c:/st/stm32cubeide_1.11.2/stm32cubeide/plugins/com.st.stm32cube.ide.mcu.externaltools.gnu-tools-for-stm32.10.3-2021.10.win32_1.0.100.202210260954/tools/bin/../lib/gcc/arm-none-eabi/10.3.1/thumb/v6-m/nofp/crti.o
                0x000000000800b2f4                _fini
 .fini          0x000000000800b2f8        0x8 c:/st/stm32cubeide_1.11.2/stm32cubeide/plugins/com.st.stm32cube.ide.mcu.externaltools.gnu-tools-for-stm32.10.3-2021.10.win32_1.0.100.202210260954/tools/bin/../lib/gcc/arm-none-eabi/10.3.1/thumb/v6-m/nofp/crtn.o
                0x000000000800b300                . = ALIGN (0x4)
                0x000000000800b300                _etext = .

.vfp11_veneer   0x000000000800b300        0x0
 .vfp11_veneer  0x000000000800b300        0x0 linker stubs

.v4_bx          0x000000000800b300        0x0
 .v4_bx         0x000000000800b300        0x0 linker stubs

.iplt           0x000000000800b300        0x0
 .iplt          0x000000000800b300        0x0 c:/st/stm32cubeide_1.11.2/stm32cubeide/plugins/com.st.stm32cube.ide.mcu.externaltools.gnu-tools-for-stm32.10.3-2021.10.win32_1.0.100.202210260954/tools/bin/../lib/gcc/arm-none-eabi/10.3.1/thumb/v6-m/nofp/crtbegin.o

.rodata         0x000000000800b300      0x58c
                0x000000000800b300                . = ALIGN (0x4)
 *(.rodata)
 .rodata        0x000000000800b300       0x80 c:/st/stm32cubeide_1.11.2/stm32cubeide/plugins/com.st.stm32cube.ide.mcu.externaltools.gnu-tools-for-stm32.10.3-2021.10.win32_1.0.100.202210260954/tools/bin/../lib/gcc/arm-none-eabi/10.3.1/thumb/v6-m/nofp\libgcc.a(divsf3.o)
 .rodata        0x000000000800b380       0x40 c:/st/stm32cubeide_1.11.2/stm32cubeide/plugins/com.st.stm32cube.ide.mcu.externaltools.gnu-tools-for-stm32.10.3-2021.10.win32_1.0.100.202210260954/tools/bin/../lib/gcc/arm-none-eabi/10.3.1/thumb/v6-m/nofp\libgcc.a(mulsf3.o)
 *(.rodata*)
 .rodata.AHBPrescTable
                0x000000000800b3c0       0x40 ./Core/Src/system_stm32g0xx.o
                0x000000000800b3c0                AHBPrescTable
 .rodata.APBPrescTable
                0x000000000800b400       0x20 ./Core/Src/system_stm32g0xx.o
                0x000000000800b400                APBPrescTable
 .rodata.HAL_TIM_PWM_ConfigChannel
                0x000000000800b420       0x54 ./Drivers/STM32G0xx_HAL_Driver/Src/stm32g0xx_hal_tim.o
 .rodata.UARTPrescTable
                0x000000000800b474       0x18 ./Drivers/STM32G0xx_HAL_Driver/Src/stm32g0xx_hal_uart.o
                0x000000000800b474                UARTPrescTable
 .rodata.numerator.1
                0x000000000800b48c        0x8 ./Drivers/STM32G0xx_HAL_Driver/Src/stm32g0xx_hal_uart_ex.o
 .rodata.denominator.0
                0x000000000800b494        0x8 ./Drivers/STM32G0xx_HAL_Driver/Src/stm32g0xx_hal_uart_ex.o
 .rodata.atanhi
                0x000000000800b49c       0x10 c:/st/stm32cubeide_1.11.2/stm32cubeide/plugins/com.st.stm32cube.ide.mcu.externaltools.gnu-tools-for-stm32.10.3-2021.10.win32_1.0.100.202210260954/tools/bin/../lib/gcc/arm-none-eabi/10.3.1/../../../../arm-none-eabi/lib/thumb/v6-m/nofp\libm.a(lib_a-sf_atan.o)
 .rodata.atanlo
                0x000000000800b4ac       0x10 c:/st/stm32cubeide_1.11.2/stm32cubeide/plugins/com.st.stm32cube.ide.mcu.externaltools.gnu-tools-for-stm32.10.3-2021.10.win32_1.0.100.202210260954/tools/bin/../lib/gcc/arm-none-eabi/10.3.1/../../../../arm-none-eabi/lib/thumb/v6-m/nofp\libm.a(lib_a-sf_atan.o)
 .rodata.npio2_hw
                0x000000000800b4bc       0x80 c:/st/stm32cubeide_1.11.2/stm32cubeide/plugins/com.st.stm32cube.ide.mcu.externaltools.gnu-tools-for-stm32.10.3-2021.10.win32_1.0.100.202210260954/tools/bin/../lib/gcc/arm-none-eabi/10.3.1/../../../../arm-none-eabi/lib/thumb/v6-m/nofp\libm.a(lib_a-ef_rem_pio2.o)
 .rodata.two_over_pi
                0x000000000800b53c      0x318 c:/st/stm32cubeide_1.11.2/stm32cubeide/plugins/com.st.stm32cube.ide.mcu.externaltools.gnu-tools-for-stm32.10.3-2021.10.win32_1.0.100.202210260954/tools/bin/../lib/gcc/arm-none-eabi/10.3.1/../../../../arm-none-eabi/lib/thumb/v6-m/nofp\libm.a(lib_a-ef_rem_pio2.o)
 .rodata.PIo2   0x000000000800b854       0x2c c:/st/stm32cubeide_1.11.2/stm32cubeide/plugins/com.st.stm32cube.ide.mcu.externaltools.gnu-tools-for-stm32.10.3-2021.10.win32_1.0.100.202210260954/tools/bin/../lib/gcc/arm-none-eabi/10.3.1/../../../../arm-none-eabi/lib/thumb/v6-m/nofp\libm.a(lib_a-kf_rem_pio2.o)
 .rodata.init_jk
                0x000000000800b880        0xc c:/st/stm32cubeide_1.11.2/stm32cubeide/plugins/com.st.stm32cube.ide.mcu.externaltools.gnu-tools-for-stm32.10.3-2021.10.win32_1.0.100.202210260954/tools/bin/../lib/gcc/arm-none-eabi/10.3.1/../../../../arm-none-eabi/lib/thumb/v6-m/nofp\libm.a(lib_a-kf_rem_pio2.o)
                0x000000000800b88c                . = ALIGN (0x4)

.rel.dyn        0x000000000800b88c        0x0
 .rel.iplt      0x000000000800b88c        0x0 c:/st/stm32cubeide_1.11.2/stm32cubeide/plugins/com.st.stm32cube.ide.mcu.externaltools.gnu-tools-for-stm32.10.3-2021.10.win32_1.0.100.202210260954/tools/bin/../lib/gcc/arm-none-eabi/10.3.1/thumb/v6-m/nofp/crtbegin.o

.ARM.extab      0x000000000800b88c        0x0
                0x000000000800b88c                . = ALIGN (0x4)
 *(.ARM.extab* .gnu.linkonce.armextab.*)
                0x000000000800b88c                . = ALIGN (0x4)

.ARM            0x000000000800b88c        0x0
                0x000000000800b88c                . = ALIGN (0x4)
                0x000000000800b88c                __exidx_start = .
 *(.ARM.exidx*)
                0x000000000800b88c                __exidx_end = .
                0x000000000800b88c                . = ALIGN (0x4)

.preinit_array  0x000000000800b88c        0x0
                0x000000000800b88c                . = ALIGN (0x4)
                0x000000000800b88c                PROVIDE (__preinit_array_start = .)
 *(.preinit_array*)
                0x000000000800b88c                PROVIDE (__preinit_array_end = .)
                0x000000000800b88c                . = ALIGN (0x4)

.init_array     0x000000000800b88c        0x4
                0x000000000800b88c                . = ALIGN (0x4)
                0x000000000800b88c                PROVIDE (__init_array_start = .)
 *(SORT_BY_NAME(.init_array.*))
 *(.init_array*)
 .init_array    0x000000000800b88c        0x4 c:/st/stm32cubeide_1.11.2/stm32cubeide/plugins/com.st.stm32cube.ide.mcu.externaltools.gnu-tools-for-stm32.10.3-2021.10.win32_1.0.100.202210260954/tools/bin/../lib/gcc/arm-none-eabi/10.3.1/thumb/v6-m/nofp/crtbegin.o
                0x000000000800b890                PROVIDE (__init_array_end = .)
                0x000000000800b890                . = ALIGN (0x4)

.fini_array     0x000000000800b890        0x4
                0x000000000800b890                . = ALIGN (0x4)
                [!provide]                        PROVIDE (__fini_array_start = .)
 *(SORT_BY_NAME(.fini_array.*))
 *(.fini_array*)
 .fini_array    0x000000000800b890        0x4 c:/st/stm32cubeide_1.11.2/stm32cubeide/plugins/com.st.stm32cube.ide.mcu.externaltools.gnu-tools-for-stm32.10.3-2021.10.win32_1.0.100.202210260954/tools/bin/../lib/gcc/arm-none-eabi/10.3.1/thumb/v6-m/nofp/crtbegin.o
                [!provide]                        PROVIDE (__fini_array_end = .)
                0x000000000800b894                . = ALIGN (0x4)
                0x000000000800b894                _sidata = LOADADDR (.data)

.data           0x0000000020000000       0x74 load address 0x000000000800b894
                0x0000000020000000                . = ALIGN (0x4)
                0x0000000020000000                _sdata = .
 *(.data)
 *(.data*)
 .data.tx_buffer_ready
                0x0000000020000000        0x1 ./Core/Src/nrf.o
                0x0000000020000000                tx_buffer_ready
 *fill*         0x0000000020000001        0x3 
 .data.SystemCoreClock
                0x0000000020000004        0x4 ./Core/Src/system_stm32g0xx.o
                0x0000000020000004                SystemCoreClock
 .data.uwTickPrio
                0x0000000020000008        0x4 ./Drivers/STM32G0xx_HAL_Driver/Src/stm32g0xx_hal.o
                0x0000000020000008                uwTickPrio
 .data.uwTickFreq
                0x000000002000000c        0x1 ./Drivers/STM32G0xx_HAL_Driver/Src/stm32g0xx_hal.o
                0x000000002000000c                uwTickFreq
 *fill*         0x000000002000000d        0x3 
 .data._impure_ptr
                0x0000000020000010        0x4 c:/st/stm32cubeide_1.11.2/stm32cubeide/plugins/com.st.stm32cube.ide.mcu.externaltools.gnu-tools-for-stm32.10.3-2021.10.win32_1.0.100.202210260954/tools/bin/../lib/gcc/arm-none-eabi/10.3.1/../../../../arm-none-eabi/lib/thumb/v6-m/nofp\libc_nano.a(lib_a-impure.o)
                0x0000000020000010                _impure_ptr
 .data.impure_data
                0x0000000020000014       0x60 c:/st/stm32cubeide_1.11.2/stm32cubeide/plugins/com.st.stm32cube.ide.mcu.externaltools.gnu-tools-for-stm32.10.3-2021.10.win32_1.0.100.202210260954/tools/bin/../lib/gcc/arm-none-eabi/10.3.1/../../../../arm-none-eabi/lib/thumb/v6-m/nofp\libc_nano.a(lib_a-impure.o)
 *(.RamFunc)
 *(.RamFunc*)
                0x0000000020000074                . = ALIGN (0x4)
                0x0000000020000074                _edata = .

.igot.plt       0x0000000020000074        0x0 load address 0x000000000800b908
 .igot.plt      0x0000000020000074        0x0 c:/st/stm32cubeide_1.11.2/stm32cubeide/plugins/com.st.stm32cube.ide.mcu.externaltools.gnu-tools-for-stm32.10.3-2021.10.win32_1.0.100.202210260954/tools/bin/../lib/gcc/arm-none-eabi/10.3.1/thumb/v6-m/nofp/crtbegin.o
                0x0000000020000074                . = ALIGN (0x4)

.bss            0x0000000020000074      0x388 load address 0x000000000800b908
                0x0000000020000074                _sbss = .
                0x0000000020000074                __bss_start__ = _sbss
 *(.bss)
 .bss           0x0000000020000074       0x1c c:/st/stm32cubeide_1.11.2/stm32cubeide/plugins/com.st.stm32cube.ide.mcu.externaltools.gnu-tools-for-stm32.10.3-2021.10.win32_1.0.100.202210260954/tools/bin/../lib/gcc/arm-none-eabi/10.3.1/thumb/v6-m/nofp/crtbegin.o
 *(.bss*)
 .bss.hi2c1     0x0000000020000090       0x54 ./Core/Src/i2c.o
                0x0000000020000090                hi2c1
 .bss.hi2c2     0x00000000200000e4       0x54 ./Core/Src/i2c.o
                0x00000000200000e4                hi2c2
 .bss.lasers    0x0000000020000138       0x38 ./Core/Src/lasers.o
                0x0000000020000138                lasers
 .bss.laser_values
                0x0000000020000170        0xe ./Core/Src/main.o
                0x0000000020000170                laser_values
 .bss.initialized
                0x000000002000017e        0x1 ./Core/Src/main.o
                0x000000002000017e                initialized
 *fill*         0x000000002000017f        0x1 
 .bss.laser_offsets
                0x0000000020000180        0x7 ./Core/Src/main.o
                0x0000000020000180                laser_offsets
 .bss.auto_mode
                0x0000000020000187        0x1 ./Core/Src/main.o
                0x0000000020000187                auto_mode
 .bss.followed_wall
                0x0000000020000188        0x1 ./Core/Src/main.o
                0x0000000020000188                followed_wall
 .bss.hbridge_type
                0x0000000020000189        0x1 ./Core/Src/motor.o
                0x0000000020000189                hbridge_type
 .bss.motor_inverted
                0x000000002000018a        0x1 ./Core/Src/motor.o
                0x000000002000018a                motor_inverted
 .bss.last_speed
                0x000000002000018b        0x1 ./Core/Src/motor.o
                0x000000002000018b                last_speed
 .bss.boost_time
                0x000000002000018c        0x4 ./Core/Src/motor.o
                0x000000002000018c                boost_time
 .bss.rx_buffer
                0x0000000020000190       0x10 ./Core/Src/nrf.o
                0x0000000020000190                rx_buffer
 .bss.rx_buffer_ready
                0x00000000200001a0        0x1 ./Core/Src/nrf.o
                0x00000000200001a0                rx_buffer_ready
 *fill*         0x00000000200001a1        0x3 
 .bss.tx_buffer
                0x00000000200001a4       0x10 ./Core/Src/nrf.o
                0x00000000200001a4                tx_buffer
 .bss.last_heartbeat_time
                0x00000000200001b4        0x4 ./Core/Src/nrf.o
                0x00000000200001b4                last_heartbeat_time
 .bss.timeout_duration
                0x00000000200001b8        0x4 ./Core/Src/nrf.o
                0x00000000200001b8                timeout_duration
 .bss.lmax      0x00000000200001bc        0x4 ./Core/Src/servo.o
                0x00000000200001bc                lmax
 .bss.rmax      0x00000000200001c0        0x4 ./Core/Src/servo.o
                0x00000000200001c0                rmax
 .bss.mid       0x00000000200001c4        0x4 ./Core/Src/servo.o
                0x00000000200001c4                mid
 .bss.invert    0x00000000200001c8        0x1 ./Core/Src/servo.o
                0x00000000200001c8                invert
 *fill*         0x00000000200001c9        0x3 
 .bss.htim3     0x00000000200001cc       0x4c ./Core/Src/tim.o
                0x00000000200001cc                htim3
 .bss.htim14    0x0000000020000218       0x4c ./Core/Src/tim.o
                0x0000000020000218                htim14
 .bss.huart1    0x0000000020000264       0x94 ./Core/Src/usart.o
                0x0000000020000264                huart1
 .bss.huart2    0x00000000200002f8       0x94 ./Core/Src/usart.o
                0x00000000200002f8                huart2
 .bss.hdma_usart2_rx
                0x000000002000038c       0x5c ./Core/Src/usart.o
                0x000000002000038c                hdma_usart2_rx
 .bss.escaping  0x00000000200003e8        0x1 ./Core/Src/wall_follow.o
                0x00000000200003e8                escaping
 .bss.auto_speed
                0x00000000200003e9        0x1 ./Core/Src/wall_follow.o
                0x00000000200003e9                auto_speed
 .bss.max_laser_distance
                0x00000000200003ea        0x2 ./Core/Src/wall_follow.o
                0x00000000200003ea                max_laser_distance
 .bss.min_laser_distance
                0x00000000200003ec        0x2 ./Core/Src/wall_follow.o
                0x00000000200003ec                min_laser_distance
 .bss.target_wall_distance
                0x00000000200003ee        0x2 ./Core/Src/wall_follow.o
                0x00000000200003ee                target_wall_distance
 .bss.target_circle_radius
                0x00000000200003f0        0x2 ./Core/Src/wall_follow.o
                0x00000000200003f0                target_circle_radius
 .bss.laser_count
                0x00000000200003f2        0x1 ./Core/Src/wall_follow.o
                0x00000000200003f2                laser_count
 *fill*         0x00000000200003f3        0x1 
 .bss.steering_sensitivity
                0x00000000200003f4        0x4 ./Core/Src/wall_follow.o
                0x00000000200003f4                steering_sensitivity
 .bss.uwTick    0x00000000200003f8        0x4 ./Drivers/STM32G0xx_HAL_Driver/Src/stm32g0xx_hal.o
                0x00000000200003f8                uwTick
 *(COMMON)
                0x00000000200003fc                . = ALIGN (0x4)
                0x00000000200003fc                _ebss = .
                0x00000000200003fc                __bss_end__ = _ebss

._user_heap_stack
                0x00000000200003fc      0x604 load address 0x000000000800b908
                0x0000000020000400                . = ALIGN (0x8)
 *fill*         0x00000000200003fc        0x4 
                [!provide]                        PROVIDE (end = .)
                0x0000000020000400                PROVIDE (_end = .)
                0x0000000020000600                . = (. + _Min_Heap_Size)
 *fill*         0x0000000020000400      0x200 
                0x0000000020000a00                . = (. + _Min_Stack_Size)
 *fill*         0x0000000020000600      0x400 
                0x0000000020000a00                . = ALIGN (0x8)

/DISCARD/
 libc.a(*)
 libm.a(*)
 libgcc.a(*)

.ARM.attributes
                0x0000000000000000       0x28
 *(.ARM.attributes)
 .ARM.attributes
                0x0000000000000000       0x1e c:/st/stm32cubeide_1.11.2/stm32cubeide/plugins/com.st.stm32cube.ide.mcu.externaltools.gnu-tools-for-stm32.10.3-2021.10.win32_1.0.100.202210260954/tools/bin/../lib/gcc/arm-none-eabi/10.3.1/thumb/v6-m/nofp/crti.o
 .ARM.attributes
                0x000000000000001e       0x2c c:/st/stm32cubeide_1.11.2/stm32cubeide/plugins/com.st.stm32cube.ide.mcu.externaltools.gnu-tools-for-stm32.10.3-2021.10.win32_1.0.100.202210260954/tools/bin/../lib/gcc/arm-none-eabi/10.3.1/thumb/v6-m/nofp/crtbegin.o
 .ARM.attributes
                0x000000000000004a       0x2c ./Core/Src/VL53L0X.o
 .ARM.attributes
                0x0000000000000076       0x2c ./Core/Src/dma.o
 .ARM.attributes
                0x00000000000000a2       0x2c ./Core/Src/gpio.o
 .ARM.attributes
                0x00000000000000ce       0x2c ./Core/Src/i2c.o
 .ARM.attributes
                0x00000000000000fa       0x2c ./Core/Src/lasers.o
 .ARM.attributes
                0x0000000000000126       0x2c ./Core/Src/main.o
 .ARM.attributes
                0x0000000000000152       0x2c ./Core/Src/motor.o
 .ARM.attributes
                0x000000000000017e       0x2c ./Core/Src/nrf.o
 .ARM.attributes
                0x00000000000001aa       0x2c ./Core/Src/servo.o
 .ARM.attributes
                0x00000000000001d6       0x2c ./Core/Src/stm32g0xx_hal_msp.o
 .ARM.attributes
                0x0000000000000202       0x2c ./Core/Src/stm32g0xx_it.o
 .ARM.attributes
                0x000000000000022e       0x2c ./Core/Src/system_stm32g0xx.o
 .ARM.attributes
                0x000000000000025a       0x2c ./Core/Src/tim.o
 .ARM.attributes
                0x0000000000000286       0x2c ./Core/Src/usart.o
 .ARM.attributes
                0x00000000000002b2       0x2c ./Core/Src/utils.o
 .ARM.attributes
                0x00000000000002de       0x2c ./Core/Src/wall_follow.o
 .ARM.attributes
                0x000000000000030a       0x22 ./Core/Startup/startup_stm32g030c8tx.o
 .ARM.attributes
                0x000000000000032c       0x2c ./Drivers/STM32G0xx_HAL_Driver/Src/stm32g0xx_hal.o
 .ARM.attributes
                0x0000000000000358       0x2c ./Drivers/STM32G0xx_HAL_Driver/Src/stm32g0xx_hal_cortex.o
 .ARM.attributes
                0x0000000000000384       0x2c ./Drivers/STM32G0xx_HAL_Driver/Src/stm32g0xx_hal_dma.o
 .ARM.attributes
                0x00000000000003b0       0x2c ./Drivers/STM32G0xx_HAL_Driver/Src/stm32g0xx_hal_gpio.o
 .ARM.attributes
                0x00000000000003dc       0x2c ./Drivers/STM32G0xx_HAL_Driver/Src/stm32g0xx_hal_i2c.o
 .ARM.attributes
                0x0000000000000408       0x2c ./Drivers/STM32G0xx_HAL_Driver/Src/stm32g0xx_hal_i2c_ex.o
 .ARM.attributes
                0x0000000000000434       0x2c ./Drivers/STM32G0xx_HAL_Driver/Src/stm32g0xx_hal_pwr_ex.o
 .ARM.attributes
                0x0000000000000460       0x2c ./Drivers/STM32G0xx_HAL_Driver/Src/stm32g0xx_hal_rcc.o
 .ARM.attributes
                0x000000000000048c       0x2c ./Drivers/STM32G0xx_HAL_Driver/Src/stm32g0xx_hal_rcc_ex.o
 .ARM.attributes
                0x00000000000004b8       0x2c ./Drivers/STM32G0xx_HAL_Driver/Src/stm32g0xx_hal_tim.o
 .ARM.attributes
                0x00000000000004e4       0x2c ./Drivers/STM32G0xx_HAL_Driver/Src/stm32g0xx_hal_tim_ex.o
 .ARM.attributes
                0x0000000000000510       0x2c ./Drivers/STM32G0xx_HAL_Driver/Src/stm32g0xx_hal_uart.o
 .ARM.attributes
                0x000000000000053c       0x2c ./Drivers/STM32G0xx_HAL_Driver/Src/stm32g0xx_hal_uart_ex.o
 .ARM.attributes
                0x0000000000000568       0x2c c:/st/stm32cubeide_1.11.2/stm32cubeide/plugins/com.st.stm32cube.ide.mcu.externaltools.gnu-tools-for-stm32.10.3-2021.10.win32_1.0.100.202210260954/tools/bin/../lib/gcc/arm-none-eabi/10.3.1/../../../../arm-none-eabi/lib/thumb/v6-m/nofp\libc_nano.a(lib_a-errno.o)
 .ARM.attributes
                0x0000000000000594       0x2c c:/st/stm32cubeide_1.11.2/stm32cubeide/plugins/com.st.stm32cube.ide.mcu.externaltools.gnu-tools-for-stm32.10.3-2021.10.win32_1.0.100.202210260954/tools/bin/../lib/gcc/arm-none-eabi/10.3.1/../../../../arm-none-eabi/lib/thumb/v6-m/nofp\libc_nano.a(lib_a-impure.o)
 .ARM.attributes
                0x00000000000005c0       0x2c c:/st/stm32cubeide_1.11.2/stm32cubeide/plugins/com.st.stm32cube.ide.mcu.externaltools.gnu-tools-for-stm32.10.3-2021.10.win32_1.0.100.202210260954/tools/bin/../lib/gcc/arm-none-eabi/10.3.1/../../../../arm-none-eabi/lib/thumb/v6-m/nofp\libc_nano.a(lib_a-init.o)
 .ARM.attributes
                0x00000000000005ec       0x2c c:/st/stm32cubeide_1.11.2/stm32cubeide/plugins/com.st.stm32cube.ide.mcu.externaltools.gnu-tools-for-stm32.10.3-2021.10.win32_1.0.100.202210260954/tools/bin/../lib/gcc/arm-none-eabi/10.3.1/../../../../arm-none-eabi/lib/thumb/v6-m/nofp\libc_nano.a(lib_a-memcpy-stub.o)
 .ARM.attributes
                0x0000000000000618       0x2c c:/st/stm32cubeide_1.11.2/stm32cubeide/plugins/com.st.stm32cube.ide.mcu.externaltools.gnu-tools-for-stm32.10.3-2021.10.win32_1.0.100.202210260954/tools/bin/../lib/gcc/arm-none-eabi/10.3.1/../../../../arm-none-eabi/lib/thumb/v6-m/nofp\libc_nano.a(lib_a-memset.o)
 .ARM.attributes
                0x0000000000000644       0x2c c:/st/stm32cubeide_1.11.2/stm32cubeide/plugins/com.st.stm32cube.ide.mcu.externaltools.gnu-tools-for-stm32.10.3-2021.10.win32_1.0.100.202210260954/tools/bin/../lib/gcc/arm-none-eabi/10.3.1/../../../../arm-none-eabi/lib/thumb/v6-m/nofp\libm.a(lib_a-sf_atan.o)
 .ARM.attributes
                0x0000000000000670       0x2c c:/st/stm32cubeide_1.11.2/stm32cubeide/plugins/com.st.stm32cube.ide.mcu.externaltools.gnu-tools-for-stm32.10.3-2021.10.win32_1.0.100.202210260954/tools/bin/../lib/gcc/arm-none-eabi/10.3.1/../../../../arm-none-eabi/lib/thumb/v6-m/nofp\libm.a(lib_a-sf_cos.o)
 .ARM.attributes
                0x000000000000069c       0x2c c:/st/stm32cubeide_1.11.2/stm32cubeide/plugins/com.st.stm32cube.ide.mcu.externaltools.gnu-tools-for-stm32.10.3-2021.10.win32_1.0.100.202210260954/tools/bin/../lib/gcc/arm-none-eabi/10.3.1/../../../../arm-none-eabi/lib/thumb/v6-m/nofp\libm.a(lib_a-sf_fabs.o)
 .ARM.attributes
                0x00000000000006c8       0x2c c:/st/stm32cubeide_1.11.2/stm32cubeide/plugins/com.st.stm32cube.ide.mcu.externaltools.gnu-tools-for-stm32.10.3-2021.10.win32_1.0.100.202210260954/tools/bin/../lib/gcc/arm-none-eabi/10.3.1/../../../../arm-none-eabi/lib/thumb/v6-m/nofp\libm.a(lib_a-sf_sin.o)
 .ARM.attributes
                0x00000000000006f4       0x2c c:/st/stm32cubeide_1.11.2/stm32cubeide/plugins/com.st.stm32cube.ide.mcu.externaltools.gnu-tools-for-stm32.10.3-2021.10.win32_1.0.100.202210260954/tools/bin/../lib/gcc/arm-none-eabi/10.3.1/../../../../arm-none-eabi/lib/thumb/v6-m/nofp\libm.a(lib_a-wf_sqrt.o)
 .ARM.attributes
                0x0000000000000720       0x2c c:/st/stm32cubeide_1.11.2/stm32cubeide/plugins/com.st.stm32cube.ide.mcu.externaltools.gnu-tools-for-stm32.10.3-2021.10.win32_1.0.100.202210260954/tools/bin/../lib/gcc/arm-none-eabi/10.3.1/../../../../arm-none-eabi/lib/thumb/v6-m/nofp\libm.a(lib_a-ef_rem_pio2.o)
 .ARM.attributes
                0x000000000000074c       0x2c c:/st/stm32cubeide_1.11.2/stm32cubeide/plugins/com.st.stm32cube.ide.mcu.externaltools.gnu-tools-for-stm32.10.3-2021.10.win32_1.0.100.202210260954/tools/bin/../lib/gcc/arm-none-eabi/10.3.1/../../../../arm-none-eabi/lib/thumb/v6-m/nofp\libm.a(lib_a-ef_sqrt.o)
 .ARM.attributes
                0x0000000000000778       0x2c c:/st/stm32cubeide_1.11.2/stm32cubeide/plugins/com.st.stm32cube.ide.mcu.externaltools.gnu-tools-for-stm32.10.3-2021.10.win32_1.0.100.202210260954/tools/bin/../lib/gcc/arm-none-eabi/10.3.1/../../../../arm-none-eabi/lib/thumb/v6-m/nofp\libm.a(lib_a-kf_cos.o)
 .ARM.attributes
                0x00000000000007a4       0x2c c:/st/stm32cubeide_1.11.2/stm32cubeide/plugins/com.st.stm32cube.ide.mcu.externaltools.gnu-tools-for-stm32.10.3-2021.10.win32_1.0.100.202210260954/tools/bin/../lib/gcc/arm-none-eabi/10.3.1/../../../../arm-none-eabi/lib/thumb/v6-m/nofp\libm.a(lib_a-kf_rem_pio2.o)
 .ARM.attributes
                0x00000000000007d0       0x2c c:/st/stm32cubeide_1.11.2/stm32cubeide/plugins/com.st.stm32cube.ide.mcu.externaltools.gnu-tools-for-stm32.10.3-2021.10.win32_1.0.100.202210260954/tools/bin/../lib/gcc/arm-none-eabi/10.3.1/../../../../arm-none-eabi/lib/thumb/v6-m/nofp\libm.a(lib_a-kf_sin.o)
 .ARM.attributes
                0x00000000000007fc       0x2c c:/st/stm32cubeide_1.11.2/stm32cubeide/plugins/com.st.stm32cube.ide.mcu.externaltools.gnu-tools-for-stm32.10.3-2021.10.win32_1.0.100.202210260954/tools/bin/../lib/gcc/arm-none-eabi/10.3.1/../../../../arm-none-eabi/lib/thumb/v6-m/nofp\libm.a(lib_a-sf_floor.o)
 .ARM.attributes
                0x0000000000000828       0x2c c:/st/stm32cubeide_1.11.2/stm32cubeide/plugins/com.st.stm32cube.ide.mcu.externaltools.gnu-tools-for-stm32.10.3-2021.10.win32_1.0.100.202210260954/tools/bin/../lib/gcc/arm-none-eabi/10.3.1/../../../../arm-none-eabi/lib/thumb/v6-m/nofp\libm.a(lib_a-sf_scalbn.o)
 .ARM.attributes
                0x0000000000000854       0x1e c:/st/stm32cubeide_1.11.2/stm32cubeide/plugins/com.st.stm32cube.ide.mcu.externaltools.gnu-tools-for-stm32.10.3-2021.10.win32_1.0.100.202210260954/tools/bin/../lib/gcc/arm-none-eabi/10.3.1/thumb/v6-m/nofp\libgcc.a(_udivsi3.o)
 .ARM.attributes
                0x0000000000000872       0x1e c:/st/stm32cubeide_1.11.2/stm32cubeide/plugins/com.st.stm32cube.ide.mcu.externaltools.gnu-tools-for-stm32.10.3-2021.10.win32_1.0.100.202210260954/tools/bin/../lib/gcc/arm-none-eabi/10.3.1/thumb/v6-m/nofp\libgcc.a(_divsi3.o)
 .ARM.attributes
                0x0000000000000890       0x1e c:/st/stm32cubeide_1.11.2/stm32cubeide/plugins/com.st.stm32cube.ide.mcu.externaltools.gnu-tools-for-stm32.10.3-2021.10.win32_1.0.100.202210260954/tools/bin/../lib/gcc/arm-none-eabi/10.3.1/thumb/v6-m/nofp\libgcc.a(_dvmd_tls.o)
 .ARM.attributes
                0x00000000000008ae       0x1e c:/st/stm32cubeide_1.11.2/stm32cubeide/plugins/com.st.stm32cube.ide.mcu.externaltools.gnu-tools-for-stm32.10.3-2021.10.win32_1.0.100.202210260954/tools/bin/../lib/gcc/arm-none-eabi/10.3.1/thumb/v6-m/nofp\libgcc.a(_arm_cmpsf2.o)
 .ARM.attributes
                0x00000000000008cc       0x2c c:/st/stm32cubeide_1.11.2/stm32cubeide/plugins/com.st.stm32cube.ide.mcu.externaltools.gnu-tools-for-stm32.10.3-2021.10.win32_1.0.100.202210260954/tools/bin/../lib/gcc/arm-none-eabi/10.3.1/thumb/v6-m/nofp\libgcc.a(_fixunssfsi.o)
 .ARM.attributes
                0x00000000000008f8       0x2c c:/st/stm32cubeide_1.11.2/stm32cubeide/plugins/com.st.stm32cube.ide.mcu.externaltools.gnu-tools-for-stm32.10.3-2021.10.win32_1.0.100.202210260954/tools/bin/../lib/gcc/arm-none-eabi/10.3.1/thumb/v6-m/nofp\libgcc.a(addsf3.o)
 .ARM.attributes
                0x0000000000000924       0x2c c:/st/stm32cubeide_1.11.2/stm32cubeide/plugins/com.st.stm32cube.ide.mcu.externaltools.gnu-tools-for-stm32.10.3-2021.10.win32_1.0.100.202210260954/tools/bin/../lib/gcc/arm-none-eabi/10.3.1/thumb/v6-m/nofp\libgcc.a(divsf3.o)
 .ARM.attributes
                0x0000000000000950       0x2c c:/st/stm32cubeide_1.11.2/stm32cubeide/plugins/com.st.stm32cube.ide.mcu.externaltools.gnu-tools-for-stm32.10.3-2021.10.win32_1.0.100.202210260954/tools/bin/../lib/gcc/arm-none-eabi/10.3.1/thumb/v6-m/nofp\libgcc.a(eqsf2.o)
 .ARM.attributes
                0x000000000000097c       0x2c c:/st/stm32cubeide_1.11.2/stm32cubeide/plugins/com.st.stm32cube.ide.mcu.externaltools.gnu-tools-for-stm32.10.3-2021.10.win32_1.0.100.202210260954/tools/bin/../lib/gcc/arm-none-eabi/10.3.1/thumb/v6-m/nofp\libgcc.a(gesf2.o)
 .ARM.attributes
                0x00000000000009a8       0x2c c:/st/stm32cubeide_1.11.2/stm32cubeide/plugins/com.st.stm32cube.ide.mcu.externaltools.gnu-tools-for-stm32.10.3-2021.10.win32_1.0.100.202210260954/tools/bin/../lib/gcc/arm-none-eabi/10.3.1/thumb/v6-m/nofp\libgcc.a(lesf2.o)
 .ARM.attributes
                0x00000000000009d4       0x2c c:/st/stm32cubeide_1.11.2/stm32cubeide/plugins/com.st.stm32cube.ide.mcu.externaltools.gnu-tools-for-stm32.10.3-2021.10.win32_1.0.100.202210260954/tools/bin/../lib/gcc/arm-none-eabi/10.3.1/thumb/v6-m/nofp\libgcc.a(mulsf3.o)
 .ARM.attributes
                0x0000000000000a00       0x2c c:/st/stm32cubeide_1.11.2/stm32cubeide/plugins/com.st.stm32cube.ide.mcu.externaltools.gnu-tools-for-stm32.10.3-2021.10.win32_1.0.100.202210260954/tools/bin/../lib/gcc/arm-none-eabi/10.3.1/thumb/v6-m/nofp\libgcc.a(subsf3.o)
 .ARM.attributes
                0x0000000000000a2c       0x2c c:/st/stm32cubeide_1.11.2/stm32cubeide/plugins/com.st.stm32cube.ide.mcu.externaltools.gnu-tools-for-stm32.10.3-2021.10.win32_1.0.100.202210260954/tools/bin/../lib/gcc/arm-none-eabi/10.3.1/thumb/v6-m/nofp\libgcc.a(unordsf2.o)
 .ARM.attributes
                0x0000000000000a58       0x2c c:/st/stm32cubeide_1.11.2/stm32cubeide/plugins/com.st.stm32cube.ide.mcu.externaltools.gnu-tools-for-stm32.10.3-2021.10.win32_1.0.100.202210260954/tools/bin/../lib/gcc/arm-none-eabi/10.3.1/thumb/v6-m/nofp\libgcc.a(fixsfsi.o)
 .ARM.attributes
                0x0000000000000a84       0x2c c:/st/stm32cubeide_1.11.2/stm32cubeide/plugins/com.st.stm32cube.ide.mcu.externaltools.gnu-tools-for-stm32.10.3-2021.10.win32_1.0.100.202210260954/tools/bin/../lib/gcc/arm-none-eabi/10.3.1/thumb/v6-m/nofp\libgcc.a(floatsisf.o)
 .ARM.attributes
                0x0000000000000ab0       0x2c c:/st/stm32cubeide_1.11.2/stm32cubeide/plugins/com.st.stm32cube.ide.mcu.externaltools.gnu-tools-for-stm32.10.3-2021.10.win32_1.0.100.202210260954/tools/bin/../lib/gcc/arm-none-eabi/10.3.1/thumb/v6-m/nofp\libgcc.a(floatunsisf.o)
 .ARM.attributes
                0x0000000000000adc       0x1e c:/st/stm32cubeide_1.11.2/stm32cubeide/plugins/com.st.stm32cube.ide.mcu.externaltools.gnu-tools-for-stm32.10.3-2021.10.win32_1.0.100.202210260954/tools/bin/../lib/gcc/arm-none-eabi/10.3.1/thumb/v6-m/nofp\libgcc.a(_clzsi2.o)
 .ARM.attributes
                0x0000000000000afa       0x1e c:/st/stm32cubeide_1.11.2/stm32cubeide/plugins/com.st.stm32cube.ide.mcu.externaltools.gnu-tools-for-stm32.10.3-2021.10.win32_1.0.100.202210260954/tools/bin/../lib/gcc/arm-none-eabi/10.3.1/thumb/v6-m/nofp/crtn.o
OUTPUT(wall_follower_base.elf elf32-littlearm)
LOAD linker stubs
LOAD c:/st/stm32cubeide_1.11.2/stm32cubeide/plugins/com.st.stm32cube.ide.mcu.externaltools.gnu-tools-for-stm32.10.3-2021.10.win32_1.0.100.202210260954/tools/bin/../lib/gcc/arm-none-eabi/10.3.1/../../../../arm-none-eabi/lib/thumb/v6-m/nofp\libc.a
LOAD c:/st/stm32cubeide_1.11.2/stm32cubeide/plugins/com.st.stm32cube.ide.mcu.externaltools.gnu-tools-for-stm32.10.3-2021.10.win32_1.0.100.202210260954/tools/bin/../lib/gcc/arm-none-eabi/10.3.1/../../../../arm-none-eabi/lib/thumb/v6-m/nofp\libm.a
LOAD c:/st/stm32cubeide_1.11.2/stm32cubeide/plugins/com.st.stm32cube.ide.mcu.externaltools.gnu-tools-for-stm32.10.3-2021.10.win32_1.0.100.202210260954/tools/bin/../lib/gcc/arm-none-eabi/10.3.1/thumb/v6-m/nofp\libgcc.a

.debug_info     0x0000000000000000    0x192e2
 .debug_info    0x0000000000000000     0x14a3 ./Core/Src/VL53L0X.o
 .debug_info    0x00000000000014a3      0x36a ./Core/Src/dma.o
 .debug_info    0x000000000000180d      0x452 ./Core/Src/gpio.o
 .debug_info    0x0000000000001c5f      0xbee ./Core/Src/i2c.o
 .debug_info    0x000000000000284d      0xa20 ./Core/Src/lasers.o
 .debug_info    0x000000000000326d      0x77d ./Core/Src/main.o
 .debug_info    0x00000000000039ea      0xa40 ./Core/Src/motor.o
 .debug_info    0x000000000000442a      0xa0f ./Core/Src/nrf.o
 .debug_info    0x0000000000004e39      0x95f ./Core/Src/servo.o
 .debug_info    0x0000000000005798      0x296 ./Core/Src/stm32g0xx_hal_msp.o
 .debug_info    0x0000000000005a2e      0x84b ./Core/Src/stm32g0xx_it.o
 .debug_info    0x0000000000006279      0x34d ./Core/Src/system_stm32g0xx.o
 .debug_info    0x00000000000065c6      0xda1 ./Core/Src/tim.o
 .debug_info    0x0000000000007367      0xddf ./Core/Src/usart.o
 .debug_info    0x0000000000008146      0x20b ./Core/Src/utils.o
 .debug_info    0x0000000000008351      0x6bb ./Core/Src/wall_follow.o
 .debug_info    0x0000000000008a0c       0x22 ./Core/Startup/startup_stm32g030c8tx.o
 .debug_info    0x0000000000008a2e      0x94e ./Drivers/STM32G0xx_HAL_Driver/Src/stm32g0xx_hal.o
 .debug_info    0x000000000000937c      0x8dd ./Drivers/STM32G0xx_HAL_Driver/Src/stm32g0xx_hal_cortex.o
 .debug_info    0x0000000000009c59      0x8c8 ./Drivers/STM32G0xx_HAL_Driver/Src/stm32g0xx_hal_dma.o
 .debug_info    0x000000000000a521      0x5d7 ./Drivers/STM32G0xx_HAL_Driver/Src/stm32g0xx_hal_gpio.o
 .debug_info    0x000000000000aaf8     0x235d ./Drivers/STM32G0xx_HAL_Driver/Src/stm32g0xx_hal_i2c.o
 .debug_info    0x000000000000ce55      0xa7f ./Drivers/STM32G0xx_HAL_Driver/Src/stm32g0xx_hal_i2c_ex.o
 .debug_info    0x000000000000d8d4      0x4e8 ./Drivers/STM32G0xx_HAL_Driver/Src/stm32g0xx_hal_pwr_ex.o
 .debug_info    0x000000000000ddbc      0xb18 ./Drivers/STM32G0xx_HAL_Driver/Src/stm32g0xx_hal_rcc.o
 .debug_info    0x000000000000e8d4      0x7d0 ./Drivers/STM32G0xx_HAL_Driver/Src/stm32g0xx_hal_rcc_ex.o
 .debug_info    0x000000000000f0a4     0x2e15 ./Drivers/STM32G0xx_HAL_Driver/Src/stm32g0xx_hal_tim.o
 .debug_info    0x0000000000011eb9     0x1a19 ./Drivers/STM32G0xx_HAL_Driver/Src/stm32g0xx_hal_tim_ex.o
 .debug_info    0x00000000000138d2     0x49de ./Drivers/STM32G0xx_HAL_Driver/Src/stm32g0xx_hal_uart.o
 .debug_info    0x00000000000182b0     0x1032 ./Drivers/STM32G0xx_HAL_Driver/Src/stm32g0xx_hal_uart_ex.o

.debug_abbrev   0x0000000000000000     0x3ae6
 .debug_abbrev  0x0000000000000000      0x26b ./Core/Src/VL53L0X.o
 .debug_abbrev  0x000000000000026b      0x111 ./Core/Src/dma.o
 .debug_abbrev  0x000000000000037c      0x14d ./Core/Src/gpio.o
 .debug_abbrev  0x00000000000004c9      0x209 ./Core/Src/i2c.o
 .debug_abbrev  0x00000000000006d2      0x221 ./Core/Src/lasers.o
 .debug_abbrev  0x00000000000008f3      0x262 ./Core/Src/main.o
 .debug_abbrev  0x0000000000000b55      0x20a ./Core/Src/motor.o
 .debug_abbrev  0x0000000000000d5f      0x272 ./Core/Src/nrf.o
 .debug_abbrev  0x0000000000000fd1      0x235 ./Core/Src/servo.o
 .debug_abbrev  0x0000000000001206       0xdb ./Core/Src/stm32g0xx_hal_msp.o
 .debug_abbrev  0x00000000000012e1      0x19a ./Core/Src/stm32g0xx_it.o
 .debug_abbrev  0x000000000000147b      0x116 ./Core/Src/system_stm32g0xx.o
 .debug_abbrev  0x0000000000001591      0x216 ./Core/Src/tim.o
 .debug_abbrev  0x00000000000017a7      0x22f ./Core/Src/usart.o
 .debug_abbrev  0x00000000000019d6       0x9f ./Core/Src/utils.o
 .debug_abbrev  0x0000000000001a75      0x1a3 ./Core/Src/wall_follow.o
 .debug_abbrev  0x0000000000001c18       0x12 ./Core/Startup/startup_stm32g030c8tx.o
 .debug_abbrev  0x0000000000001c2a      0x2a9 ./Drivers/STM32G0xx_HAL_Driver/Src/stm32g0xx_hal.o
 .debug_abbrev  0x0000000000001ed3      0x29f ./Drivers/STM32G0xx_HAL_Driver/Src/stm32g0xx_hal_cortex.o
 .debug_abbrev  0x0000000000002172      0x1db ./Drivers/STM32G0xx_HAL_Driver/Src/stm32g0xx_hal_dma.o
 .debug_abbrev  0x000000000000234d      0x1b9 ./Drivers/STM32G0xx_HAL_Driver/Src/stm32g0xx_hal_gpio.o
 .debug_abbrev  0x0000000000002506      0x27e ./Drivers/STM32G0xx_HAL_Driver/Src/stm32g0xx_hal_i2c.o
 .debug_abbrev  0x0000000000002784      0x1d7 ./Drivers/STM32G0xx_HAL_Driver/Src/stm32g0xx_hal_i2c_ex.o
 .debug_abbrev  0x000000000000295b      0x1d1 ./Drivers/STM32G0xx_HAL_Driver/Src/stm32g0xx_hal_pwr_ex.o
 .debug_abbrev  0x0000000000002b2c      0x2a3 ./Drivers/STM32G0xx_HAL_Driver/Src/stm32g0xx_hal_rcc.o
 .debug_abbrev  0x0000000000002dcf      0x21a ./Drivers/STM32G0xx_HAL_Driver/Src/stm32g0xx_hal_rcc_ex.o
 .debug_abbrev  0x0000000000002fe9      0x286 ./Drivers/STM32G0xx_HAL_Driver/Src/stm32g0xx_hal_tim.o
 .debug_abbrev  0x000000000000326f      0x292 ./Drivers/STM32G0xx_HAL_Driver/Src/stm32g0xx_hal_tim_ex.o
 .debug_abbrev  0x0000000000003501      0x310 ./Drivers/STM32G0xx_HAL_Driver/Src/stm32g0xx_hal_uart.o
 .debug_abbrev  0x0000000000003811      0x2d5 ./Drivers/STM32G0xx_HAL_Driver/Src/stm32g0xx_hal_uart_ex.o

.debug_aranges  0x0000000000000000     0x13f8
 .debug_aranges
                0x0000000000000000       0xd8 ./Core/Src/VL53L0X.o
 .debug_aranges
                0x00000000000000d8       0x20 ./Core/Src/dma.o
 .debug_aranges
                0x00000000000000f8       0x20 ./Core/Src/gpio.o
 .debug_aranges
                0x0000000000000118       0x38 ./Core/Src/i2c.o
 .debug_aranges
                0x0000000000000150       0x38 ./Core/Src/lasers.o
 .debug_aranges
                0x0000000000000188       0x38 ./Core/Src/main.o
 .debug_aranges
                0x00000000000001c0       0x30 ./Core/Src/motor.o
 .debug_aranges
                0x00000000000001f0       0x58 ./Core/Src/nrf.o
 .debug_aranges
                0x0000000000000248       0x38 ./Core/Src/servo.o
 .debug_aranges
                0x0000000000000280       0x20 ./Core/Src/stm32g0xx_hal_msp.o
 .debug_aranges
                0x00000000000002a0       0x50 ./Core/Src/stm32g0xx_it.o
 .debug_aranges
                0x00000000000002f0       0x28 ./Core/Src/system_stm32g0xx.o
 .debug_aranges
                0x0000000000000318       0x50 ./Core/Src/tim.o
 .debug_aranges
                0x0000000000000368       0x38 ./Core/Src/usart.o
 .debug_aranges
                0x00000000000003a0       0x40 ./Core/Src/utils.o
 .debug_aranges
                0x00000000000003e0       0x60 ./Core/Src/wall_follow.o
 .debug_aranges
                0x0000000000000440       0x28 ./Core/Startup/startup_stm32g030c8tx.o
 .debug_aranges
                0x0000000000000468      0x100 ./Drivers/STM32G0xx_HAL_Driver/Src/stm32g0xx_hal.o
 .debug_aranges
                0x0000000000000568       0xd8 ./Drivers/STM32G0xx_HAL_Driver/Src/stm32g0xx_hal_cortex.o
 .debug_aranges
                0x0000000000000640       0x90 ./Drivers/STM32G0xx_HAL_Driver/Src/stm32g0xx_hal_dma.o
 .debug_aranges
                0x00000000000006d0       0x60 ./Drivers/STM32G0xx_HAL_Driver/Src/stm32g0xx_hal_gpio.o
 .debug_aranges
                0x0000000000000730      0x2a0 ./Drivers/STM32G0xx_HAL_Driver/Src/stm32g0xx_hal_i2c.o
 .debug_aranges
                0x00000000000009d0       0x48 ./Drivers/STM32G0xx_HAL_Driver/Src/stm32g0xx_hal_i2c_ex.o
 .debug_aranges
                0x0000000000000a18       0x98 ./Drivers/STM32G0xx_HAL_Driver/Src/stm32g0xx_hal_pwr_ex.o
 .debug_aranges
                0x0000000000000ab0       0xa0 ./Drivers/STM32G0xx_HAL_Driver/Src/stm32g0xx_hal_rcc.o
 .debug_aranges
                0x0000000000000b50       0x40 ./Drivers/STM32G0xx_HAL_Driver/Src/stm32g0xx_hal_rcc_ex.o
 .debug_aranges
                0x0000000000000b90      0x3e0 ./Drivers/STM32G0xx_HAL_Driver/Src/stm32g0xx_hal_tim.o
 .debug_aranges
                0x0000000000000f70      0x198 ./Drivers/STM32G0xx_HAL_Driver/Src/stm32g0xx_hal_tim_ex.o
 .debug_aranges
                0x0000000000001108      0x248 ./Drivers/STM32G0xx_HAL_Driver/Src/stm32g0xx_hal_uart.o
 .debug_aranges
                0x0000000000001350       0xa8 ./Drivers/STM32G0xx_HAL_Driver/Src/stm32g0xx_hal_uart_ex.o

.debug_ranges   0x0000000000000000     0x1250
 .debug_ranges  0x0000000000000000       0xc8 ./Core/Src/VL53L0X.o
 .debug_ranges  0x00000000000000c8       0x10 ./Core/Src/dma.o
 .debug_ranges  0x00000000000000d8       0x10 ./Core/Src/gpio.o
 .debug_ranges  0x00000000000000e8       0x28 ./Core/Src/i2c.o
 .debug_ranges  0x0000000000000110       0x28 ./Core/Src/lasers.o
 .debug_ranges  0x0000000000000138       0x28 ./Core/Src/main.o
 .debug_ranges  0x0000000000000160       0x20 ./Core/Src/motor.o
 .debug_ranges  0x0000000000000180       0x48 ./Core/Src/nrf.o
 .debug_ranges  0x00000000000001c8       0x28 ./Core/Src/servo.o
 .debug_ranges  0x00000000000001f0       0x10 ./Core/Src/stm32g0xx_hal_msp.o
 .debug_ranges  0x0000000000000200       0x40 ./Core/Src/stm32g0xx_it.o
 .debug_ranges  0x0000000000000240       0x18 ./Core/Src/system_stm32g0xx.o
 .debug_ranges  0x0000000000000258       0x40 ./Core/Src/tim.o
 .debug_ranges  0x0000000000000298       0x28 ./Core/Src/usart.o
 .debug_ranges  0x00000000000002c0       0x30 ./Core/Src/utils.o
 .debug_ranges  0x00000000000002f0       0x50 ./Core/Src/wall_follow.o
 .debug_ranges  0x0000000000000340       0x20 ./Core/Startup/startup_stm32g030c8tx.o
 .debug_ranges  0x0000000000000360       0xf0 ./Drivers/STM32G0xx_HAL_Driver/Src/stm32g0xx_hal.o
 .debug_ranges  0x0000000000000450       0xc8 ./Drivers/STM32G0xx_HAL_Driver/Src/stm32g0xx_hal_cortex.o
 .debug_ranges  0x0000000000000518       0x80 ./Drivers/STM32G0xx_HAL_Driver/Src/stm32g0xx_hal_dma.o
 .debug_ranges  0x0000000000000598       0x50 ./Drivers/STM32G0xx_HAL_Driver/Src/stm32g0xx_hal_gpio.o
 .debug_ranges  0x00000000000005e8      0x290 ./Drivers/STM32G0xx_HAL_Driver/Src/stm32g0xx_hal_i2c.o
 .debug_ranges  0x0000000000000878       0x38 ./Drivers/STM32G0xx_HAL_Driver/Src/stm32g0xx_hal_i2c_ex.o
 .debug_ranges  0x00000000000008b0       0x88 ./Drivers/STM32G0xx_HAL_Driver/Src/stm32g0xx_hal_pwr_ex.o
 .debug_ranges  0x0000000000000938       0x90 ./Drivers/STM32G0xx_HAL_Driver/Src/stm32g0xx_hal_rcc.o
 .debug_ranges  0x00000000000009c8       0x30 ./Drivers/STM32G0xx_HAL_Driver/Src/stm32g0xx_hal_rcc_ex.o
 .debug_ranges  0x00000000000009f8      0x3d0 ./Drivers/STM32G0xx_HAL_Driver/Src/stm32g0xx_hal_tim.o
 .debug_ranges  0x0000000000000dc8      0x188 ./Drivers/STM32G0xx_HAL_Driver/Src/stm32g0xx_hal_tim_ex.o
 .debug_ranges  0x0000000000000f50      0x268 ./Drivers/STM32G0xx_HAL_Driver/Src/stm32g0xx_hal_uart.o
 .debug_ranges  0x00000000000011b8       0x98 ./Drivers/STM32G0xx_HAL_Driver/Src/stm32g0xx_hal_uart_ex.o

.debug_macro    0x0000000000000000    0x17c26
 .debug_macro   0x0000000000000000      0x220 ./Core/Src/VL53L0X.o
 .debug_macro   0x0000000000000220      0xa4e ./Core/Src/VL53L0X.o
 .debug_macro   0x0000000000000c6e      0x123 ./Core/Src/VL53L0X.o
 .debug_macro   0x0000000000000d91       0x2e ./Core/Src/VL53L0X.o
 .debug_macro   0x0000000000000dbf       0x28 ./Core/Src/VL53L0X.o
 .debug_macro   0x0000000000000de7       0x22 ./Core/Src/VL53L0X.o
 .debug_macro   0x0000000000000e09       0x8e ./Core/Src/VL53L0X.o
 .debug_macro   0x0000000000000e97       0x51 ./Core/Src/VL53L0X.o
 .debug_macro   0x0000000000000ee8      0x103 ./Core/Src/VL53L0X.o
 .debug_macro   0x0000000000000feb       0x6a ./Core/Src/VL53L0X.o
 .debug_macro   0x0000000000001055      0x1df ./Core/Src/VL53L0X.o
 .debug_macro   0x0000000000001234       0x1c ./Core/Src/VL53L0X.o
 .debug_macro   0x0000000000001250       0x22 ./Core/Src/VL53L0X.o
 .debug_macro   0x0000000000001272       0xd1 ./Core/Src/VL53L0X.o
 .debug_macro   0x0000000000001343      0x4da ./Core/Src/VL53L0X.o
 .debug_macro   0x000000000000181d      0x11f ./Core/Src/VL53L0X.o
 .debug_macro   0x000000000000193c     0xa0c5 ./Core/Src/VL53L0X.o
 .debug_macro   0x000000000000ba01       0x66 ./Core/Src/VL53L0X.o
 .debug_macro   0x000000000000ba67     0x34fd ./Core/Src/VL53L0X.o
 .debug_macro   0x000000000000ef64      0x174 ./Core/Src/VL53L0X.o
 .debug_macro   0x000000000000f0d8       0x5c ./Core/Src/VL53L0X.o
 .debug_macro   0x000000000000f134      0x485 ./Core/Src/VL53L0X.o
 .debug_macro   0x000000000000f5b9      0xdcd ./Core/Src/VL53L0X.o
 .debug_macro   0x0000000000010386      0x106 ./Core/Src/VL53L0X.o
 .debug_macro   0x000000000001048c      0x1cf ./Core/Src/VL53L0X.o
 .debug_macro   0x000000000001065b       0xff ./Core/Src/VL53L0X.o
 .debug_macro   0x000000000001075a      0x33c ./Core/Src/VL53L0X.o